Archive member included to satisfy reference by file (symbol)

/opt/st/stm32cubeide_1.15.0/plugins/com.st.stm32cube.ide.mcu.externaltools.gnu-tools-for-stm32.12.3.rel1.linux64_1.0.100.202403111256/tools/bin/../lib/gcc/arm-none-eabi/12.3.1/../../../../arm-none-eabi/lib/thumb/v7-m/nofp/libm.a(libm_a-w_pow.o)
                              ./ECUAL/motor_driver/motor_driver.o (pow)
/opt/st/stm32cubeide_1.15.0/plugins/com.st.stm32cube.ide.mcu.externaltools.gnu-tools-for-stm32.12.3.rel1.linux64_1.0.100.202403111256/tools/bin/../lib/gcc/arm-none-eabi/12.3.1/../../../../arm-none-eabi/lib/thumb/v7-m/nofp/libm.a(libm_a-s_finite.o)
                              /opt/st/stm32cubeide_1.15.0/plugins/com.st.stm32cube.ide.mcu.externaltools.gnu-tools-for-stm32.12.3.rel1.linux64_1.0.100.202403111256/tools/bin/../lib/gcc/arm-none-eabi/12.3.1/../../../../arm-none-eabi/lib/thumb/v7-m/nofp/libm.a(libm_a-w_pow.o) (finite)
/opt/st/stm32cubeide_1.15.0/plugins/com.st.stm32cube.ide.mcu.externaltools.gnu-tools-for-stm32.12.3.rel1.linux64_1.0.100.202403111256/tools/bin/../lib/gcc/arm-none-eabi/12.3.1/../../../../arm-none-eabi/lib/thumb/v7-m/nofp/libm.a(libm_a-sf_round.o)
                              ./Core/Src/mainpp.o (roundf)
/opt/st/stm32cubeide_1.15.0/plugins/com.st.stm32cube.ide.mcu.externaltools.gnu-tools-for-stm32.12.3.rel1.linux64_1.0.100.202403111256/tools/bin/../lib/gcc/arm-none-eabi/12.3.1/../../../../arm-none-eabi/lib/thumb/v7-m/nofp/libm.a(libm_a-e_pow.o)
                              /opt/st/stm32cubeide_1.15.0/plugins/com.st.stm32cube.ide.mcu.externaltools.gnu-tools-for-stm32.12.3.rel1.linux64_1.0.100.202403111256/tools/bin/../lib/gcc/arm-none-eabi/12.3.1/../../../../arm-none-eabi/lib/thumb/v7-m/nofp/libm.a(libm_a-w_pow.o) (__ieee754_pow)
/opt/st/stm32cubeide_1.15.0/plugins/com.st.stm32cube.ide.mcu.externaltools.gnu-tools-for-stm32.12.3.rel1.linux64_1.0.100.202403111256/tools/bin/../lib/gcc/arm-none-eabi/12.3.1/../../../../arm-none-eabi/lib/thumb/v7-m/nofp/libm.a(libm_a-s_fabs.o)
                              /opt/st/stm32cubeide_1.15.0/plugins/com.st.stm32cube.ide.mcu.externaltools.gnu-tools-for-stm32.12.3.rel1.linux64_1.0.100.202403111256/tools/bin/../lib/gcc/arm-none-eabi/12.3.1/../../../../arm-none-eabi/lib/thumb/v7-m/nofp/libm.a(libm_a-e_pow.o) (fabs)
/opt/st/stm32cubeide_1.15.0/plugins/com.st.stm32cube.ide.mcu.externaltools.gnu-tools-for-stm32.12.3.rel1.linux64_1.0.100.202403111256/tools/bin/../lib/gcc/arm-none-eabi/12.3.1/../../../../arm-none-eabi/lib/thumb/v7-m/nofp/libm.a(libm_a-s_scalbn.o)
                              /opt/st/stm32cubeide_1.15.0/plugins/com.st.stm32cube.ide.mcu.externaltools.gnu-tools-for-stm32.12.3.rel1.linux64_1.0.100.202403111256/tools/bin/../lib/gcc/arm-none-eabi/12.3.1/../../../../arm-none-eabi/lib/thumb/v7-m/nofp/libm.a(libm_a-e_pow.o) (scalbn)
/opt/st/stm32cubeide_1.15.0/plugins/com.st.stm32cube.ide.mcu.externaltools.gnu-tools-for-stm32.12.3.rel1.linux64_1.0.100.202403111256/tools/bin/../lib/gcc/arm-none-eabi/12.3.1/../../../../arm-none-eabi/lib/thumb/v7-m/nofp/libm.a(libm_a-math_err.o)
                              /opt/st/stm32cubeide_1.15.0/plugins/com.st.stm32cube.ide.mcu.externaltools.gnu-tools-for-stm32.12.3.rel1.linux64_1.0.100.202403111256/tools/bin/../lib/gcc/arm-none-eabi/12.3.1/../../../../arm-none-eabi/lib/thumb/v7-m/nofp/libm.a(libm_a-e_pow.o) (__math_uflow)
/opt/st/stm32cubeide_1.15.0/plugins/com.st.stm32cube.ide.mcu.externaltools.gnu-tools-for-stm32.12.3.rel1.linux64_1.0.100.202403111256/tools/bin/../lib/gcc/arm-none-eabi/12.3.1/../../../../arm-none-eabi/lib/thumb/v7-m/nofp/libm.a(libm_a-e_sqrt.o)
                              /opt/st/stm32cubeide_1.15.0/plugins/com.st.stm32cube.ide.mcu.externaltools.gnu-tools-for-stm32.12.3.rel1.linux64_1.0.100.202403111256/tools/bin/../lib/gcc/arm-none-eabi/12.3.1/../../../../arm-none-eabi/lib/thumb/v7-m/nofp/libm.a(libm_a-e_pow.o) (__ieee754_sqrt)
/opt/st/stm32cubeide_1.15.0/plugins/com.st.stm32cube.ide.mcu.externaltools.gnu-tools-for-stm32.12.3.rel1.linux64_1.0.100.202403111256/tools/bin/../lib/gcc/arm-none-eabi/12.3.1/../../../../arm-none-eabi/lib/thumb/v7-m/nofp/libc_nano.a(libc_a-exit.o)
                              /opt/st/stm32cubeide_1.15.0/plugins/com.st.stm32cube.ide.mcu.externaltools.gnu-tools-for-stm32.12.3.rel1.linux64_1.0.100.202403111256/tools/bin/../lib/gcc/arm-none-eabi/12.3.1/../../../../arm-none-eabi/lib/thumb/v7-m/nofp/crt0.o (exit)
/opt/st/stm32cubeide_1.15.0/plugins/com.st.stm32cube.ide.mcu.externaltools.gnu-tools-for-stm32.12.3.rel1.linux64_1.0.100.202403111256/tools/bin/../lib/gcc/arm-none-eabi/12.3.1/../../../../arm-none-eabi/lib/thumb/v7-m/nofp/libc_nano.a(libc_a-realloc.o)
                              ./Core/Src/mainpp.o (realloc)
/opt/st/stm32cubeide_1.15.0/plugins/com.st.stm32cube.ide.mcu.externaltools.gnu-tools-for-stm32.12.3.rel1.linux64_1.0.100.202403111256/tools/bin/../lib/gcc/arm-none-eabi/12.3.1/../../../../arm-none-eabi/lib/thumb/v7-m/nofp/libc_nano.a(libc_a-reallocr.o)
[...]
Memory Configuration

Name             Origin             Length             Attributes
RAM              0x20000000         0x00005000         xrw
FLASH            0x08000000         0x00010000         xr
*default*        0x00000000         0xffffffff

Linker script and memory map

LOAD /opt/st/stm32cubeide_1.15.0/plugins/com.st.stm32cube.ide.mcu.externaltools.gnu-tools-for-stm32.12.3.rel1.linux64_1.0.100.202403111256/tools/bin/../lib/gcc/arm-none-eabi/12.3.1/thumb/v7-m/nofp/crti.o
LOAD /opt/st/stm32cubeide_1.15.0/plugins/com.st.stm32cube.ide.mcu.externaltools.gnu-tools-for-stm32.12.3.rel1.linux64_1.0.100.202403111256/tools/bin/../lib/gcc/arm-none-eabi/12.3.1/thumb/v7-m/nofp/crtbegin.o
LOAD /opt/st/stm32cubeide_1.15.0/plugins/com.st.stm32cube.ide.mcu.externaltools.gnu-tools-for-stm32.12.3.rel1.linux64_1.0.100.202403111256/tools/bin/../lib/gcc/arm-none-eabi/12.3.1/../../../../arm-none-eabi/lib/thumb/v7-m/nofp/crt0.o
LOAD ./Core/Src/dma.o
LOAD ./Core/Src/freertos.o
LOAD ./Core/Src/gpio.o
LOAD ./Core/Src/main.o
LOAD ./Core/Src/mainpp.o
LOAD ./Core/Src/stm32f1xx_hal_msp.o
LOAD ./Core/Src/stm32f1xx_hal_timebase_tim.o
LOAD ./Core/Src/stm32f1xx_it.o
LOAD ./Core/Src/syscalls.o
LOAD ./Core/Src/sysmem.o
LOAD ./Core/Src/system_stm32f1xx.o
LOAD ./Core/Src/tim.o
LOAD ./Core/Src/time.o
LOAD ./Core/Src/usart.o
LOAD ./Core/Startup/startup_stm32f103c8tx.o
LOAD ./Drivers/STM32F1xx_HAL_Driver/Src/stm32f1xx_hal.o
LOAD ./Drivers/STM32F1xx_HAL_Driver/Src/stm32f1xx_hal_cortex.o
LOAD ./Drivers/STM32F1xx_HAL_Driver/Src/stm32f1xx_hal_dma.o
LOAD ./Drivers/STM32F1xx_HAL_Driver/Src/stm32f1xx_hal_exti.o
LOAD ./Drivers/STM32F1xx_HAL_Driver/Src/stm32f1xx_hal_flash.o
LOAD ./Drivers/STM32F1xx_HAL_Driver/Src/stm32f1xx_hal_flash_ex.o
LOAD ./Drivers/STM32F1xx_HAL_Driver/Src/stm32f1xx_hal_gpio.o
LOAD ./Drivers/STM32F1xx_HAL_Driver/Src/stm32f1xx_hal_gpio_ex.o
LOAD ./Drivers/STM32F1xx_HAL_Driver/Src/stm32f1xx_hal_pwr.o
LOAD ./Drivers/STM32F1xx_HAL_Driver/Src/stm32f1xx_hal_rcc.o
LOAD ./Drivers/STM32F1xx_HAL_Driver/Src/stm32f1xx_hal_rcc_ex.o
LOAD ./Drivers/STM32F1xx_HAL_Driver/Src/stm32f1xx_hal_tim.o
LOAD ./Drivers/STM32F1xx_HAL_Driver/Src/stm32f1xx_hal_tim_ex.o
LOAD ./Drivers/STM32F1xx_HAL_Driver/Src/stm32f1xx_hal_uart.o
LOAD ./ECUAL/motor_driver/motor_driver.o
LOAD ./ECUAL/motor_speed/motor_speed.o
LOAD ./ECUAL/pid/pid_v1.o
LOAD ./Middlewares/Third_Party/FreeRTOS/Source/CMSIS_RTOS/cmsis_os.o
LOAD ./Middlewares/Third_Party/FreeRTOS/Source/croutine.o
LOAD ./Middlewares/Third_Party/FreeRTOS/Source/event_groups.o
LOAD ./Middlewares/Third_Party/FreeRTOS/Source/list.o
LOAD ./Middlewares/Third_Party/FreeRTOS/Source/queue.o
LOAD ./Middlewares/Third_Party/FreeRTOS/Source/stream_buffer.o
LOAD ./Middlewares/Third_Party/FreeRTOS/Source/tasks.o
LOAD ./Middlewares/Third_Party/FreeRTOS/Source/timers.o
LOAD ./Middlewares/Third_Party/FreeRTOS/Source/portable/GCC/ARM_CM3/port.o
LOAD ./Middlewares/Third_Party/FreeRTOS/Source/portable/MemMang/heap_4.o
START GROUP
LOAD /opt/st/stm32cubeide_1.15.0/plugins/com.st.stm32cube.ide.mcu.externaltools.gnu-tools-for-stm32.12.3.rel1.linux64_1.0.100.202403111256/tools/bin/../lib/gcc/arm-none-eabi/12.3.1/../../../../arm-none-eabi/lib/thumb/v7-m/nofp/libstdc++_nano.a
LOAD /opt/st/stm32cubeide_1.15.0/plugins/com.st.stm32cube.ide.mcu.externaltools.gnu-tools-for-stm32.12.3.rel1.linux64_1.0.100.202403111256/tools/bin/../lib/gcc/arm-none-eabi/12.3.1/../../../../arm-none-eabi/lib/thumb/v7-m/nofp/libsupc++_nano.a
END GROUP
LOAD /opt/st/stm32cubeide_1.15.0/plugins/com.st.stm32cube.ide.mcu.externaltools.gnu-tools-for-stm32.12.3.rel1.linux64_1.0.100.202403111256/tools/bin/../lib/gcc/arm-none-eabi/12.3.1/../../../../arm-none-eabi/lib/thumb/v7-m/nofp/libstdc++_nano.a
LOAD /opt/st/stm32cubeide_1.15.0/plugins/com.st.stm32cube.ide.mcu.externaltools.gnu-tools-for-stm32.12.3.rel1.linux64_1.0.100.202403111256/tools/bin/../lib/gcc/arm-none-eabi/12.3.1/../../../../arm-none-eabi/lib/thumb/v7-m/nofp/libm.a
LOAD /opt/st/stm32cubeide_1.15.0/plugins/com.st.stm32cube.ide.mcu.externaltools.gnu-tools-for-stm32.12.3.rel1.linux64_1.0.100.202403111256/tools/bin/../lib/gcc/arm-none-eabi/12.3.1/../../../../arm-none-eabi/lib/thumb/v7-m/nofp/libc_nano.a
START GROUP
LOAD /opt/st/stm32cubeide_1.15.0/plugins/com.st.stm32cube.ide.mcu.externaltools.gnu-tools-for-stm32.12.3.rel1.linux64_1.0.100.202403111256/tools/bin/../lib/gcc/arm-none-eabi/12.3.1/thumb/v7-m/nofp/libgcc.a
LOAD /opt/st/stm32cubeide_1.15.0/plugins/com.st.stm32cube.ide.mcu.externaltools.gnu-tools-for-stm32.12.3.rel1.linux64_1.0.100.202403111256/tools/bin/../lib/gcc/arm-none-eabi/12.3.1/../../../../arm-none-eabi/lib/thumb/v7-m/nofp/libc_nano.a
END GROUP
START GROUP
LOAD /opt/st/stm32cubeide_1.15.0/plugins/com.st.stm32cube.ide.mcu.externaltools.gnu-tools-for-stm32.12.3.rel1.linux64_1.0.100.202403111256/tools/bin/../lib/gcc/arm-none-eabi/12.3.1/thumb/v7-m/nofp/libgcc.a
LOAD /opt/st/stm32cubeide_1.15.0/plugins/com.st.stm32cube.ide.mcu.externaltools.gnu-tools-for-stm32.12.3.rel1.linux64_1.0.100.202403111256/tools/bin/../lib/gcc/arm-none-eabi/12.3.1/../../../../arm-none-eabi/lib/thumb/v7-m/nofp/libc_nano.a
LOAD /opt/st/stm32cubeide_1.15.0/plugins/com.st.stm32cube.ide.mcu.externaltools.gnu-tools-for-stm32.12.3.rel1.linux64_1.0.100.202403111256/tools/bin/../lib/gcc/arm-none-eabi/12.3.1/../../../../arm-none-eabi/lib/thumb/v7-m/nofp/libnosys.a
END GROUP
START GROUP
LOAD /opt/st/stm32cubeide_1.15.0/plugins/com.st.stm32cube.ide.mcu.externaltools.gnu-tools-for-stm32.12.3.rel1.linux64_1.0.100.202403111256/tools/bin/../lib/gcc/arm-none-eabi/12.3.1/thumb/v7-m/nofp/libgcc.a
LOAD /opt/st/stm32cubeide_1.15.0/plugins/com.st.stm32cube.ide.mcu.externaltools.gnu-tools-for-stm32.12.3.rel1.linux64_1.0.100.202403111256/tools/bin/../lib/gcc/arm-none-eabi/12.3.1/../../../../arm-none-eabi/lib/thumb/v7-m/nofp/libc_nano.a
LOAD /opt/st/stm32cubeide_1.15.0/plugins/com.st.stm32cube.ide.mcu.externaltools.gnu-tools-for-stm32.12.3.rel1.linux64_1.0.100.202403111256/tools/bin/../lib/gcc/arm-none-eabi/12.3.1/../../../../arm-none-eabi/lib/thumb/v7-m/nofp/libnosys.a
END GROUP
LOAD /opt/st/stm32cubeide_1.15.0/plugins/com.st.stm32cube.ide.mcu.externaltools.gnu-tools-for-stm32.12.3.rel1.linux64_1.0.100.202403111256/tools/bin/../lib/gcc/arm-none-eabi/12.3.1/thumb/v7-m/nofp/crtend.o
LOAD /opt/st/stm32cubeide_1.15.0/plugins/com.st.stm32cube.ide.mcu.externaltools.gnu-tools-for-stm32.12.3.rel1.linux64_1.0.100.202403111256/tools/bin/../lib/gcc/arm-none-eabi/12.3.1/thumb/v7-m/nofp/crtn.o
                0x20005000                        _estack = (ORIGIN (RAM) + LENGTH (RAM))
                0x00000200                        _Min_Heap_Size = 0x200
                0x00000400                        _Min_Stack_Size = 0x400

.isr_vector     0x08000000      0x10c
                0x08000000                        . = ALIGN (0x4)
 *(.isr_vector)
 .isr_vector    0x08000000      0x10c ./Core/Startup/startup_stm32f103c8tx.o
                0x08000000                g_pfnVectors
                0x0800010c                        . = ALIGN (0x4)

.text           0x08000110     0xe3bc
                0x08000110                        . = ALIGN (0x4)
 *(.text)
 .text          0x08000110       0x40 /opt/st/stm32cubeide_1.15.0/plugins/com.st.stm32cube.ide.mcu.externaltools.gnu-tools-for-stm32.12.3.rel1.linux64_1.0.100.202403111256/tools/bin/../lib/gcc/arm-none-eabi/12.3.1/thumb/v7-m/nofp/crtbegin.o
 .text          0x08000150       0x10 /opt/st/stm32cubeide_1.15.0/plugins/com.st.stm32cube.ide.mcu.externaltools.gnu-tools-for-stm32.12.3.rel1.linux64_1.0.100.202403111256/tools/bin/../lib/gcc/arm-none-eabi/12.3.1/../../../../arm-none-eabi/lib/thumb/v7-m/nofp/libc_nano.a(libc_a-strlen.o)
                0x08000150                strlen
 .text          0x08000160      0x378 /opt/st/stm32cubeide_1.15.0/plugins/com.st.stm32cube.ide.mcu.externaltools.gnu-tools-for-stm32.12.3.rel1.linux64_1.0.100.202403111256/tools/bin/../lib/gcc/arm-none-eabi/12.3.1/thumb/v7-m/nofp/libgcc.a(_arm_addsubdf3.o)
                0x08000160                __aeabi_drsub
                0x08000168                __aeabi_dsub
                0x08000168                __subdf3
                0x0800016c                __adddf3
                0x0800016c                __aeabi_dadd
                0x080003e4                __aeabi_ui2d
                0x080003e4                __floatunsidf
                0x08000404                __floatsidf
                0x08000404                __aeabi_i2d
                0x08000428                __extendsfdf2
                0x08000428                __aeabi_f2d
                0x0800046c                __aeabi_ul2d
                0x0800046c                __floatundidf
                0x0800047c                __floatdidf
                0x0800047c                __aeabi_l2d
 .text          0x080004d8      0x424 /opt/st/stm32cubeide_1.15.0/plugins/com.st.stm32cube.ide.mcu.externaltools.gnu-tools-for-stm32.12.3.rel1.linux64_1.0.100.202403111256/tools/bin/../lib/gcc/arm-none-eabi/12.3.1/thumb/v7-m/nofp/libgcc.a(_arm_muldivdf3.o)
                0x080004d8                __aeabi_dmul
                0x080004d8                __muldf3
                0x0800072c                __aeabi_ddiv
                0x0800072c                __divdf3
 .text          0x080008fc      0x110 /opt/st/stm32cubeide_1.15.0/plugins/com.st.stm32cube.ide.mcu.externaltools.gnu-tools-for-stm32.12.3.rel1.linux64_1.0.100.202403111256/tools/bin/../lib/gcc/arm-none-eabi/12.3.1/thumb/v7-m/nofp/libgcc.a(_arm_cmpdf2.o)
                0x080008fc                __gtdf2
                0x080008fc                __gedf2
                0x08000904                __ltdf2
                0x08000904                __ledf2
                0x0800090c                __cmpdf2
                0x0800090c                __eqdf2
                0x0800090c                __nedf2
                0x08000988                __aeabi_cdrcmple
                0x08000998                __aeabi_cdcmple
                0x08000998                __aeabi_cdcmpeq
                0x080009a8                __aeabi_dcmpeq
                0x080009bc                __aeabi_dcmplt
                0x080009d0                __aeabi_dcmple
                0x080009e4                __aeabi_dcmpge
                0x080009f8                __aeabi_dcmpgt
 .text          0x08000a0c       0x2c /opt/st/stm32cubeide_1.15.0/plugins/com.st.stm32cube.ide.mcu.externaltools.gnu-tools-for-stm32.12.3.rel1.linux64_1.0.100.202403111256/tools/bin/../lib/gcc/arm-none-eabi/12.3.1/thumb/v7-m/nofp/libgcc.a(_arm_unorddf2.o)
                0x08000a0c                __aeabi_dcmpun
                0x08000a0c                __unorddf2
 .text          0x08000a38       0x50 /opt/st/stm32cubeide_1.15.0/plugins/com.st.stm32cube.ide.mcu.externaltools.gnu-tools-for-stm32.12.3.rel1.linux64_1.0.100.202403111256/tools/bin/../lib/gcc/arm-none-eabi/12.3.1/thumb/v7-m/nofp/libgcc.a(_arm_fixdfsi.o)
                0x08000a38                __fixdfsi
                0x08000a38                __aeabi_d2iz
 .text          0x08000a88       0x40 /opt/st/stm32cubeide_1.15.0/plugins/com.st.stm32cube.ide.mcu.externaltools.gnu-tools-for-stm32.12.3.rel1.linux64_1.0.100.202403111256/tools/bin/../lib/gcc/arm-none-eabi/12.3.1/thumb/v7-m/nofp/libgcc.a(_arm_fixunsdfsi.o)
                0x08000a88                __fixunsdfsi
                0x08000a88                __aeabi_d2uiz
 .text          0x08000ac8       0xa0 /opt/st/stm32cubeide_1.15.0/plugins/com.st.stm32cube.ide.mcu.externaltools.gnu-tools-for-stm32.12.3.rel1.linux64_1.0.100.202403111256/tools/bin/../lib/gcc/arm-none-eabi/12.3.1/thumb/v7-m/nofp/libgcc.a(_arm_truncdfsf2.o)
                0x08000ac8                __aeabi_d2f
                0x08000ac8                __truncdfsf2
 .text          0x08000b68      0x21c /opt/st/stm32cubeide_1.15.0/plugins/com.st.stm32cube.ide.mcu.externaltools.gnu-tools-for-stm32.12.3.rel1.linux64_1.0.100.202403111256/tools/bin/../lib/gcc/arm-none-eabi/12.3.1/thumb/v7-m/nofp/libgcc.a(_arm_addsubsf3.o)
                0x08000b68                __aeabi_frsub
                0x08000b70                __subsf3
                0x08000b70                __aeabi_fsub
                0x08000b74                __aeabi_fadd
                0x08000b74                __addsf3
                0x08000cd4                __aeabi_ui2f
                0x08000cd4                __floatunsisf
                0x08000cdc                __aeabi_i2f
                0x08000cdc                __floatsisf
                0x08000cf8                __floatundisf
                0x08000cf8                __aeabi_ul2f
                0x08000d08                __floatdisf
                0x08000d08                __aeabi_l2f
 *(.text*)
 .text.MX_DMA_Init
                0x08000d84       0x4c ./Core/Src/dma.o
                0x08000d84                MX_DMA_Init
 .text.vApplicationGetIdleTaskMemory
                0x08000dd0       0x30 ./Core/Src/freertos.o
                0x08000dd0                vApplicationGetIdleTaskMemory
 .text.vApplicationGetTimerTaskMemory
                0x08000e00       0x34 ./Core/Src/freertos.o
                0x08000e00                vApplicationGetTimerTaskMemory
 .text.MX_FREERTOS_Init
                0x08000e34       0xbc ./Core/Src/freertos.o
                0x08000e34                MX_FREERTOS_Init
 .text.StartDefaultTask
                0x08000ef0       0x30 ./Core/Src/freertos.o
                0x08000ef0                StartDefaultTask
 .text.Callback01
                0x08000f20      0x168 ./Core/Src/freertos.o
                0x08000f20                Callback01
 .text.Callback02
                0x08001088       0x14 ./Core/Src/freertos.o
                0x08001088                Callback02
 .text.MX_GPIO_Init
                0x0800109c       0xdc ./Core/Src/gpio.o
                0x0800109c                MX_GPIO_Init
 .text.main     0x08001178      0x184 ./Core/Src/main.o
                0x08001178                main
 .text.SystemClock_Config
                0x080012fc       0x8a ./Core/Src/main.o
                0x080012fc                SystemClock_Config
 *fill*         0x08001386        0x2 
 .text.HAL_TIM_PeriodElapsedCallback
                0x08001388       0x24 ./Core/Src/main.o
                0x08001388                HAL_TIM_PeriodElapsedCallback
 .text.Error_Handler
                0x080013ac        0xc ./Core/Src/main.o
                0x080013ac                Error_Handler
 .text._ZN3ros4TimeC2Ev
                0x080013b8       0x20 ./Core/Src/mainpp.o
                0x080013b8                ros::Time::Time()
                0x080013b8                ros::Time::Time()
 .text._ZN3ros3MsgC2Ev
                0x080013d8       0x20 ./Core/Src/mainpp.o
                0x080013d8                ros::Msg::Msg()
                0x080013d8                ros::Msg::Msg()
 .text._ZN8std_msgs4TimeC2Ev
                0x080013f8       0x30 ./Core/Src/mainpp.o
                0x080013f8                std_msgs::Time::Time()
                0x080013f8                std_msgs::Time::Time()
 .text._ZNK8std_msgs4Time9serializeEPh
                0x08001428       0xae ./Core/Src/mainpp.o
                0x08001428                std_msgs::Time::serialize(unsigned char*) const
 .text._ZN8std_msgs4Time11deserializeEPh
                0x080014d6       0xc6 ./Core/Src/mainpp.o
                0x080014d6                std_msgs::Time::deserialize(unsigned char*)
 .text._ZN8std_msgs4Time7getTypeEv
                0x0800159c       0x18 ./Core/Src/mainpp.o
                0x0800159c                std_msgs::Time::getType()
 .text._ZN8std_msgs4Time6getMD5Ev
                0x080015b4       0x18 ./Core/Src/mainpp.o
                0x080015b4                std_msgs::Time::getMD5()
 .text._ZN14rosserial_msgs9TopicInfoC2Ev
                0x080015cc       0x48 ./Core/Src/mainpp.o
                0x080015cc                rosserial_msgs::TopicInfo::TopicInfo()
                0x080015cc                rosserial_msgs::TopicInfo::TopicInfo()
 .text._ZNK14rosserial_msgs9TopicInfo9serializeEPh
                0x08001614      0x136 ./Core/Src/mainpp.o
                0x08001614                rosserial_msgs::TopicInfo::serialize(unsigned char*) const
 .text._ZN14rosserial_msgs9TopicInfo11deserializeEPh
                0x0800174a      0x1d0 ./Core/Src/mainpp.o
                0x0800174a                rosserial_msgs::TopicInfo::deserialize(unsigned char*)
 *fill*         0x0800191a        0x2 
 .text._ZN14rosserial_msgs9TopicInfo7getTypeEv
                0x0800191c       0x18 ./Core/Src/mainpp.o
                0x0800191c                rosserial_msgs::TopicInfo::getType()
 .text._ZN14rosserial_msgs9TopicInfo6getMD5Ev
                0x08001934       0x18 ./Core/Src/mainpp.o
                0x08001934                rosserial_msgs::TopicInfo::getMD5()
 .text._ZN14rosserial_msgs3LogC2Ev
                0x0800194c       0x34 ./Core/Src/mainpp.o
                0x0800194c                rosserial_msgs::Log::Log()
                0x0800194c                rosserial_msgs::Log::Log()
 .text._ZNK14rosserial_msgs3Log9serializeEPh
                0x08001980       0x64 ./Core/Src/mainpp.o
                0x08001980                rosserial_msgs::Log::serialize(unsigned char*) const
 .text._ZN14rosserial_msgs3Log11deserializeEPh
                0x080019e4       0x90 ./Core/Src/mainpp.o
                0x080019e4                rosserial_msgs::Log::deserialize(unsigned char*)
 .text._ZN14rosserial_msgs3Log7getTypeEv
                0x08001a74       0x18 ./Core/Src/mainpp.o
                0x08001a74                rosserial_msgs::Log::getType()
 .text._ZN14rosserial_msgs3Log6getMD5Ev
                0x08001a8c       0x18 ./Core/Src/mainpp.o
                0x08001a8c                rosserial_msgs::Log::getMD5()
 .text._ZN14rosserial_msgs20RequestParamResponseC2Ev
                0x08001aa4       0x5c ./Core/Src/mainpp.o
                0x08001aa4                rosserial_msgs::RequestParamResponse::RequestParamResponse()
                0x08001aa4                rosserial_msgs::RequestParamResponse::RequestParamResponse()
 .text._ZNK14rosserial_msgs20RequestParamResponse9serializeEPh
                0x08001b00      0x222 ./Core/Src/mainpp.o
                0x08001b00                rosserial_msgs::RequestParamResponse::serialize(unsigned char*) const
 .text._ZN14rosserial_msgs20RequestParamResponse11deserializeEPh
                0x08001d22      0x2e2 ./Core/Src/mainpp.o
                0x08001d22                rosserial_msgs::RequestParamResponse::deserialize(unsigned char*)
 .text._ZN14rosserial_msgs20RequestParamResponse7getTypeEv
                0x08002004       0x18 ./Core/Src/mainpp.o
                0x08002004                rosserial_msgs::RequestParamResponse::getType()
 .text._ZN14rosserial_msgs20RequestParamResponse6getMD5Ev
                0x0800201c       0x18 ./Core/Src/mainpp.o
                0x0800201c                rosserial_msgs::RequestParamResponse::getMD5()
 .text._ZN3ros9PublisherC2EPKcPNS_3MsgEi
                0x08002034       0x2c ./Core/Src/mainpp.o
                0x08002034                ros::Publisher::Publisher(char const*, ros::Msg*, int)
                0x08002034                ros::Publisher::Publisher(char const*, ros::Msg*, int)
 .text._ZN3ros9Publisher7publishEPKNS_3MsgE
                0x08002060       0x28 ./Core/Src/mainpp.o
                0x08002060                ros::Publisher::publish(ros::Msg const*)
 .text._ZN3ros9Publisher15getEndpointTypeEv
                0x08002088       0x16 ./Core/Src/mainpp.o
                0x08002088                ros::Publisher::getEndpointType()
 .text._ZN13STM32Hardware10getRdmaIndEv
                0x0800209e       0x24 ./Core/Src/mainpp.o
                0x0800209e                STM32Hardware::getRdmaInd()
 *fill*         0x080020c2        0x2 
 .text._ZN13STM32HardwareC2Ev
                0x080020c4       0x38 ./Core/Src/mainpp.o
                0x080020c4                STM32Hardware::STM32Hardware()
                0x080020c4                STM32Hardware::STM32Hardware()
 .text._ZN13STM32Hardware4initEv
                0x080020fc       0x16 ./Core/Src/mainpp.o
                0x080020fc                STM32Hardware::init()
 .text._ZN13STM32Hardware10reset_rbufEv
                0x08002112       0x22 ./Core/Src/mainpp.o
                0x08002112                STM32Hardware::reset_rbuf()
 .text._ZN13STM32Hardware4readEv
                0x08002134       0x5a ./Core/Src/mainpp.o
                0x08002134                STM32Hardware::read()
 *fill*         0x0800218e        0x2 
 .text._ZN13STM32Hardware5flushEv
                0x08002190       0xbc ./Core/Src/mainpp.o
                0x08002190                STM32Hardware::flush()
 .text._ZN13STM32Hardware5writeEPhi
                0x0800224c       0x9a ./Core/Src/mainpp.o
                0x0800224c                STM32Hardware::write(unsigned char*, int)
 .text._ZN13STM32Hardware4timeEv
                0x080022e6       0x16 ./Core/Src/mainpp.o
                0x080022e6                STM32Hardware::time()
 .text._ZN8std_msgs6StringC2Ev
                0x080022fc       0x30 ./Core/Src/mainpp.o
                0x080022fc                std_msgs::String::String()
                0x080022fc                std_msgs::String::String()
 .text._ZNK8std_msgs6String9serializeEPh
                0x0800232c       0x52 ./Core/Src/mainpp.o
                0x0800232c                std_msgs::String::serialize(unsigned char*) const
 .text._ZN8std_msgs6String11deserializeEPh
                0x0800237e       0x7e ./Core/Src/mainpp.o
                0x0800237e                std_msgs::String::deserialize(unsigned char*)
 .text._ZN8std_msgs6String7getTypeEv
                0x080023fc       0x18 ./Core/Src/mainpp.o
                0x080023fc                std_msgs::String::getType()
 .text._ZN8std_msgs6String6getMD5Ev
                0x08002414       0x18 ./Core/Src/mainpp.o
                0x08002414                std_msgs::String::getMD5()
 .text._ZN8std_msgs19MultiArrayDimensionC2Ev
                0x0800242c       0x3c ./Core/Src/mainpp.o
                0x0800242c                std_msgs::MultiArrayDimension::MultiArrayDimension()
                0x0800242c                std_msgs::MultiArrayDimension::MultiArrayDimension()
 .text._ZNK8std_msgs19MultiArrayDimension9serializeEPh
                0x08002468       0xe6 ./Core/Src/mainpp.o
                0x08002468                std_msgs::MultiArrayDimension::serialize(unsigned char*) const
 .text._ZN8std_msgs19MultiArrayDimension11deserializeEPh
                0x0800254e      0x12a ./Core/Src/mainpp.o
                0x0800254e                std_msgs::MultiArrayDimension::deserialize(unsigned char*)
 .text._ZN8std_msgs19MultiArrayDimension7getTypeEv
                0x08002678       0x18 ./Core/Src/mainpp.o
                0x08002678                std_msgs::MultiArrayDimension::getType()
 .text._ZN8std_msgs19MultiArrayDimension6getMD5Ev
                0x08002690       0x18 ./Core/Src/mainpp.o
                0x08002690                std_msgs::MultiArrayDimension::getMD5()
 .text._ZN8std_msgs16MultiArrayLayoutC2Ev
                0x080026a8       0x40 ./Core/Src/mainpp.o
                0x080026a8                std_msgs::MultiArrayLayout::MultiArrayLayout()
                0x080026a8                std_msgs::MultiArrayLayout::MultiArrayLayout()
 .text._ZNK8std_msgs16MultiArrayLayout9serializeEPh
                0x080026e8       0xec ./Core/Src/mainpp.o
                0x080026e8                std_msgs::MultiArrayLayout::serialize(unsigned char*) const
 .text._ZN8std_msgs16MultiArrayLayout11deserializeEPh
                0x080027d4      0x120 ./Core/Src/mainpp.o
                0x080027d4                std_msgs::MultiArrayLayout::deserialize(unsigned char*)
 .text._ZN8std_msgs16MultiArrayLayout7getTypeEv
                0x080028f4       0x18 ./Core/Src/mainpp.o
                0x080028f4                std_msgs::MultiArrayLayout::getType()
 .text._ZN8std_msgs16MultiArrayLayout6getMD5Ev
                0x0800290c       0x18 ./Core/Src/mainpp.o
                0x0800290c                std_msgs::MultiArrayLayout::getMD5()
 .text._ZN8std_msgs17Float32MultiArrayC2Ev
                0x08002924       0x44 ./Core/Src/mainpp.o
                0x08002924                std_msgs::Float32MultiArray::Float32MultiArray()
                0x08002924                std_msgs::Float32MultiArray::Float32MultiArray()
 .text._ZNK8std_msgs17Float32MultiArray9serializeEPh
                0x08002968       0xe0 ./Core/Src/mainpp.o
                0x08002968                std_msgs::Float32MultiArray::serialize(unsigned char*) const
 .text._ZN8std_msgs17Float32MultiArray11deserializeEPh
                0x08002a48      0x118 ./Core/Src/mainpp.o
                0x08002a48                std_msgs::Float32MultiArray::deserialize(unsigned char*)
 .text._ZN8std_msgs17Float32MultiArray7getTypeEv
                0x08002b60       0x18 ./Core/Src/mainpp.o
                0x08002b60                std_msgs::Float32MultiArray::getType()
 .text._ZN8std_msgs17Float32MultiArray6getMD5Ev
                0x08002b78       0x18 ./Core/Src/mainpp.o
                0x08002b78                std_msgs::Float32MultiArray::getMD5()
 .text._ZN3ros15NodeHandleBase_C2Ev
                0x08002b90       0x20 ./Core/Src/mainpp.o
                0x08002b90                ros::NodeHandleBase_::NodeHandleBase_()
                0x08002b90                ros::NodeHandleBase_::NodeHandleBase_()
 .text._ZN3ros11NodeHandle_I13STM32HardwareLi25ELi25ELi512ELi512EEC2Ev
                0x08002bb0       0xf0 ./Core/Src/mainpp.o
                0x08002bb0                ros::NodeHandle_<STM32Hardware, 25, 25, 512, 512>::NodeHandle_()
                0x08002bb0                ros::NodeHandle_<STM32Hardware, 25, 25, 512, 512>::NodeHandle_()
 .text._Z14stringCallbackRKN8std_msgs17Float32MultiArrayE
                0x08002ca0      0x144 ./Core/Src/mainpp.o
                0x08002ca0                stringCallback(std_msgs::Float32MultiArray const&)
 .text.HAL_UART_TxCpltCallback
                0x08002de4       0x24 ./Core/Src/mainpp.o
                0x08002de4                HAL_UART_TxCpltCallback
 .text.HAL_UART_RxCpltCallback
                0x08002e08       0x24 ./Core/Src/mainpp.o
                0x08002e08                HAL_UART_RxCpltCallback
 .text.setup    0x08002e2c       0x2c ./Core/Src/mainpp.o
                0x08002e2c                setup
 .text.loop     0x08002e58       0xc8 ./Core/Src/mainpp.o
                0x08002e58                loop
 .text._ZN3ros3Msg8varToArrIPhmEEvT_T0_
                0x08002f20       0x3c ./Core/Src/mainpp.o
                0x08002f20                void ros::Msg::varToArr<unsigned char*, unsigned long>(unsigned char*, unsigned long)
 .text._ZN3ros3Msg8arrToVarImPhEEvRT_T0_
                0x08002f5c       0x4a ./Core/Src/mainpp.o
                0x08002f5c                void ros::Msg::arrToVar<unsigned long, unsigned char*>(unsigned long&, unsigned char*)
 *fill*         0x08002fa6        0x2 
 .text._ZN3ros11Subscriber_C2Ev
                0x08002fa8       0x20 ./Core/Src/mainpp.o
                0x08002fa8                ros::Subscriber_::Subscriber_()
                0x08002fa8                ros::Subscriber_::Subscriber_()
 .text._ZN3ros10SubscriberIN8std_msgs17Float32MultiArrayEvEC2EPKcPFvRKS2_Ei
                0x08002fc8       0x48 ./Core/Src/mainpp.o
                0x08002fc8                ros::Subscriber<std_msgs::Float32MultiArray, void>::Subscriber(char const*, void (*)(std_msgs::Float32MultiArray const&), int)
                0x08002fc8                ros::Subscriber<std_msgs::Float32MultiArray, void>::Subscriber(char const*, void (*)(std_msgs::Float32MultiArray const&), int)
 .text._ZN3ros11NodeHandle_I13STM32HardwareLi25ELi25ELi512ELi512EE11getHardwareEv
                0x08003010       0x16 ./Core/Src/mainpp.o
                0x08003010                ros::NodeHandle_<STM32Hardware, 25, 25, 512, 512>::getHardware()
 .text._ZN3ros11NodeHandle_I13STM32HardwareLi25ELi25ELi512ELi512EE8initNodeEv
                0x08003026       0x3a ./Core/Src/mainpp.o
                0x08003026                ros::NodeHandle_<STM32Hardware, 25, 25, 512, 512>::initNode()
 .text._ZN3ros11NodeHandle_I13STM32HardwareLi25ELi25ELi512ELi512EE9subscribeERNS_11Subscriber_E
                0x08003060       0x54 ./Core/Src/mainpp.o
                0x08003060                ros::NodeHandle_<STM32Hardware, 25, 25, 512, 512>::subscribe(ros::Subscriber_&)
 .text._ZN3ros11NodeHandle_I13STM32HardwareLi25ELi25ELi512ELi512EE9advertiseERNS_9PublisherE
                0x080030b4       0x5e ./Core/Src/mainpp.o
                0x080030b4                ros::NodeHandle_<STM32Hardware, 25, 25, 512, 512>::advertise(ros::Publisher&)
 .text._ZN3ros11NodeHandle_I13STM32HardwareLi25ELi25ELi512ELi512EE8spinOnceEv
                0x08003112      0x3b2 ./Core/Src/mainpp.o
                0x08003112                ros::NodeHandle_<STM32Hardware, 25, 25, 512, 512>::spinOnce()
 .text._ZN3ros11NodeHandle_I13STM32HardwareLi25ELi25ELi512ELi512EE15requestSyncTimeEv
                0x080034c4       0x3c ./Core/Src/mainpp.o
                0x080034c4                ros::NodeHandle_<STM32Hardware, 25, 25, 512, 512>::requestSyncTime()
 .text._ZN3ros11NodeHandle_I13STM32HardwareLi25ELi25ELi512ELi512EE15negotiateTopicsEv
                0x08003500      0x1be ./Core/Src/mainpp.o
                0x08003500                ros::NodeHandle_<STM32Hardware, 25, 25, 512, 512>::negotiateTopics()
 *fill*         0x080036be        0x2 
 .text._ZN3ros11NodeHandle_I13STM32HardwareLi25ELi25ELi512ELi512EE8syncTimeEPh
                0x080036c0       0x98 ./Core/Src/mainpp.o
                0x080036c0                ros::NodeHandle_<STM32Hardware, 25, 25, 512, 512>::syncTime(unsigned char*)
 .text._ZN3ros11NodeHandle_I13STM32HardwareLi25ELi25ELi512ELi512EE7publishEiPKNS_3MsgE
                0x08003758      0x128 ./Core/Src/mainpp.o
                0x08003758                ros::NodeHandle_<STM32Hardware, 25, 25, 512, 512>::publish(int, ros::Msg const*)
 .text._ZN3ros11NodeHandle_I13STM32HardwareLi25ELi25ELi512ELi512EE6setNowERKNS_4TimeE
                0x08003880       0x80 ./Core/Src/mainpp.o
                0x08003880                ros::NodeHandle_<STM32Hardware, 25, 25, 512, 512>::setNow(ros::Time const&)
 .text._ZN3ros11NodeHandle_I13STM32HardwareLi25ELi25ELi512ELi512EE8logerrorEPKc
                0x08003900       0x1c ./Core/Src/mainpp.o
                0x08003900                ros::NodeHandle_<STM32Hardware, 25, 25, 512, 512>::logerror(char const*)
 .text._ZN3ros11NodeHandle_I13STM32HardwareLi25ELi25ELi512ELi512EE3logEcPKc
                0x0800391c       0x38 ./Core/Src/mainpp.o
                0x0800391c                ros::NodeHandle_<STM32Hardware, 25, 25, 512, 512>::log(char, char const*)
 .text._Z41__static_initialization_and_destruction_0ii
                0x08003954       0x64 ./Core/Src/mainpp.o
 .text._ZN3ros10SubscriberIN8std_msgs17Float32MultiArrayEvE8callbackEPh
                0x080039b8       0x2a ./Core/Src/mainpp.o
                0x080039b8                ros::Subscriber<std_msgs::Float32MultiArray, void>::callback(unsigned char*)
 .text._ZN3ros10SubscriberIN8std_msgs17Float32MultiArrayEvE15getEndpointTypeEv
                0x080039e2       0x16 ./Core/Src/mainpp.o
                0x080039e2                ros::Subscriber<std_msgs::Float32MultiArray, void>::getEndpointType()
 .text._ZN3ros10SubscriberIN8std_msgs17Float32MultiArrayEvE10getMsgTypeEv
                0x080039f8       0x1c ./Core/Src/mainpp.o
                0x080039f8                ros::Subscriber<std_msgs::Float32MultiArray, void>::getMsgType()
 .text._ZN3ros10SubscriberIN8std_msgs17Float32MultiArrayEvE9getMsgMD5Ev
                0x08003a14       0x1c ./Core/Src/mainpp.o
                0x08003a14                ros::Subscriber<std_msgs::Float32MultiArray, void>::getMsgMD5()
 .text._ZN3ros11NodeHandle_I13STM32HardwareLi25ELi25ELi512ELi512EE9connectedEv
                0x08003a30       0x18 ./Core/Src/mainpp.o
                0x08003a30                ros::NodeHandle_<STM32Hardware, 25, 25, 512, 512>::connected()
 .text._GLOBAL__sub_I_real_left_vel
                0x08003a48       0x10 ./Core/Src/mainpp.o
 .text.HAL_MspInit
                0x08003a58       0x70 ./Core/Src/stm32f1xx_hal_msp.o
                0x08003a58                HAL_MspInit
 .text.HAL_InitTick
                0x08003ac8       0xe4 ./Core/Src/stm32f1xx_hal_timebase_tim.o
                0x08003ac8                HAL_InitTick
 .text.NMI_Handler
                0x08003bac        0x8 ./Core/Src/stm32f1xx_it.o
                0x08003bac                NMI_Handler
 .text.HardFault_Handler
                0x08003bb4        0x8 ./Core/Src/stm32f1xx_it.o
                0x08003bb4                HardFault_Handler
 .text.MemManage_Handler
                0x08003bbc        0x8 ./Core/Src/stm32f1xx_it.o
                0x08003bbc                MemManage_Handler
 .text.BusFault_Handler
                0x08003bc4        0x8 ./Core/Src/stm32f1xx_it.o
                0x08003bc4                BusFault_Handler
 .text.UsageFault_Handler
                0x08003bcc        0x8 ./Core/Src/stm32f1xx_it.o
                0x08003bcc                UsageFault_Handler
 .text.DebugMon_Handler
                0x08003bd4        0xc ./Core/Src/stm32f1xx_it.o
                0x08003bd4                DebugMon_Handler
 .text.DMA1_Channel4_IRQHandler
                0x08003be0       0x14 ./Core/Src/stm32f1xx_it.o
                0x08003be0                DMA1_Channel4_IRQHandler
 .text.DMA1_Channel5_IRQHandler
                0x08003bf4       0x14 ./Core/Src/stm32f1xx_it.o
                0x08003bf4                DMA1_Channel5_IRQHandler
 .text.TIM1_UP_IRQHandler
                0x08003c08       0x14 ./Core/Src/stm32f1xx_it.o
                0x08003c08                TIM1_UP_IRQHandler
 .text.USART1_IRQHandler
                0x08003c1c       0x14 ./Core/Src/stm32f1xx_it.o
                0x08003c1c                USART1_IRQHandler
 .text._getpid  0x08003c30        0xe ./Core/Src/syscalls.o
                0x08003c30                _getpid
 .text._kill    0x08003c3e       0x20 ./Core/Src/syscalls.o
                0x08003c3e                _kill
 .text._exit    0x08003c5e       0x16 ./Core/Src/syscalls.o
                0x08003c5e                _exit
 .text._read    0x08003c74       0x3a ./Core/Src/syscalls.o
                0x08003c74                _read
 .text._write   0x08003cae       0x38 ./Core/Src/syscalls.o
                0x08003cae                _write
 .text._close   0x08003ce6       0x16 ./Core/Src/syscalls.o
                0x08003ce6                _close
 .text._fstat   0x08003cfc       0x1e ./Core/Src/syscalls.o
                0x08003cfc                _fstat
 .text._isatty  0x08003d1a       0x14 ./Core/Src/syscalls.o
                0x08003d1a                _isatty
 .text._lseek   0x08003d2e       0x18 ./Core/Src/syscalls.o
                0x08003d2e                _lseek
 *fill*         0x08003d46        0x2 
 .text._sbrk    0x08003d48       0x6c ./Core/Src/sysmem.o
                0x08003d48                _sbrk
 .text.SystemInit
                0x08003db4        0xc ./Core/Src/system_stm32f1xx.o
                0x08003db4                SystemInit
 .text.MX_TIM2_Init
                0x08003dc0       0xe8 ./Core/Src/tim.o
                0x08003dc0                MX_TIM2_Init
 .text.MX_TIM3_Init
                0x08003ea8       0xa8 ./Core/Src/tim.o
                0x08003ea8                MX_TIM3_Init
 .text.MX_TIM4_Init
                0x08003f50       0xa8 ./Core/Src/tim.o
                0x08003f50                MX_TIM4_Init
 .text.HAL_TIM_PWM_MspInit
                0x08003ff8       0x38 ./Core/Src/tim.o
                0x08003ff8                HAL_TIM_PWM_MspInit
 .text.HAL_TIM_Encoder_MspInit
                0x08004030       0xd8 ./Core/Src/tim.o
                0x08004030                HAL_TIM_Encoder_MspInit
 .text.HAL_TIM_MspPostInit
                0x08004108       0x60 ./Core/Src/tim.o
                0x08004108                HAL_TIM_MspPostInit
 .text._ZN3ros16normalizeSecNSecERmS0_
                0x08004168       0x58 ./Core/Src/time.o
                0x08004168                ros::normalizeSecNSec(unsigned long&, unsigned long&)
 .text.MX_USART1_UART_Init
                0x080041c0       0x54 ./Core/Src/usart.o
                0x080041c0                MX_USART1_UART_Init
 .text.MX_USART2_UART_Init
                0x08004214       0x54 ./Core/Src/usart.o
                0x08004214                MX_USART2_UART_Init
 .text.HAL_UART_MspInit
                0x08004268      0x1c4 ./Core/Src/usart.o
                0x08004268                HAL_UART_MspInit
 .text.Reset_Handler
                0x0800442c       0x48 ./Core/Startup/startup_stm32f103c8tx.o
                0x0800442c                Reset_Handler
 .text.Default_Handler
                0x08004474        0x2 ./Core/Startup/startup_stm32f103c8tx.o
                0x08004474                RTC_Alarm_IRQHandler
                0x08004474                EXTI2_IRQHandler
                0x08004474                TIM1_CC_IRQHandler
                0x08004474                PVD_IRQHandler
                0x08004474                EXTI3_IRQHandler
                0x08004474                EXTI0_IRQHandler
                0x08004474                I2C2_EV_IRQHandler
                0x08004474                ADC1_2_IRQHandler
                0x08004474                SPI1_IRQHandler
                0x08004474                TAMPER_IRQHandler
                0x08004474                USART3_IRQHandler
                0x08004474                RTC_IRQHandler
                0x08004474                DMA1_Channel7_IRQHandler
                0x08004474                CAN1_RX1_IRQHandler
                0x08004474                TIM4_IRQHandler
                0x08004474                I2C1_EV_IRQHandler
                0x08004474                DMA1_Channel6_IRQHandler
                0x08004474                TIM3_IRQHandler
                0x08004474                RCC_IRQHandler
                0x08004474                TIM1_TRG_COM_IRQHandler
                0x08004474                DMA1_Channel1_IRQHandler
                0x08004474                Default_Handler
                0x08004474                EXTI15_10_IRQHandler
                0x08004474                EXTI9_5_IRQHandler
                0x08004474                SPI2_IRQHandler
                0x08004474                EXTI4_IRQHandler
                0x08004474                USB_LP_CAN1_RX0_IRQHandler
                0x08004474                USB_HP_CAN1_TX_IRQHandler
                0x08004474                DMA1_Channel3_IRQHandler
                0x08004474                WWDG_IRQHandler
                0x08004474                TIM2_IRQHandler
                0x08004474                TIM1_BRK_IRQHandler
                0x08004474                EXTI1_IRQHandler
                0x08004474                USART2_IRQHandler
                0x08004474                I2C2_ER_IRQHandler
                0x08004474                DMA1_Channel2_IRQHandler
                0x08004474                CAN1_SCE_IRQHandler
                0x08004474                FLASH_IRQHandler
                0x08004474                I2C1_ER_IRQHandler
                0x08004474                USBWakeUp_IRQHandler
 *fill*         0x08004476        0x2 
 .text.HAL_Init
                0x08004478       0x2c ./Drivers/STM32F1xx_HAL_Driver/Src/stm32f1xx_hal.o
                0x08004478                HAL_Init
 .text.HAL_IncTick
                0x080044a4       0x24 ./Drivers/STM32F1xx_HAL_Driver/Src/stm32f1xx_hal.o
                0x080044a4                HAL_IncTick
 .text.HAL_GetTick
                0x080044c8       0x14 ./Drivers/STM32F1xx_HAL_Driver/Src/stm32f1xx_hal.o
                0x080044c8                HAL_GetTick
 .text.__NVIC_SetPriorityGrouping
                0x080044dc       0x48 ./Drivers/STM32F1xx_HAL_Driver/Src/stm32f1xx_hal_cortex.o
 .text.__NVIC_GetPriorityGrouping
                0x08004524       0x1c ./Drivers/STM32F1xx_HAL_Driver/Src/stm32f1xx_hal_cortex.o
 .text.__NVIC_EnableIRQ
                0x08004540       0x38 ./Drivers/STM32F1xx_HAL_Driver/Src/stm32f1xx_hal_cortex.o
 .text.__NVIC_SetPriority
                0x08004578       0x54 ./Drivers/STM32F1xx_HAL_Driver/Src/stm32f1xx_hal_cortex.o
 .text.NVIC_EncodePriority
                0x080045cc       0x64 ./Drivers/STM32F1xx_HAL_Driver/Src/stm32f1xx_hal_cortex.o
 .text.HAL_NVIC_SetPriorityGrouping
                0x08004630       0x16 ./Drivers/STM32F1xx_HAL_Driver/Src/stm32f1xx_hal_cortex.o
                0x08004630                HAL_NVIC_SetPriorityGrouping
 .text.HAL_NVIC_SetPriority
                0x08004646       0x38 ./Drivers/STM32F1xx_HAL_Driver/Src/stm32f1xx_hal_cortex.o
                0x08004646                HAL_NVIC_SetPriority
 .text.HAL_NVIC_EnableIRQ
                0x0800467e       0x1c ./Drivers/STM32F1xx_HAL_Driver/Src/stm32f1xx_hal_cortex.o
                0x0800467e                HAL_NVIC_EnableIRQ
 *fill*         0x0800469a        0x2 
 .text.HAL_DMA_Init
                0x0800469c       0xb4 ./Drivers/STM32F1xx_HAL_Driver/Src/stm32f1xx_hal_dma.o
                0x0800469c                HAL_DMA_Init
 .text.HAL_DMA_Start_IT
                0x08004750       0xc0 ./Drivers/STM32F1xx_HAL_Driver/Src/stm32f1xx_hal_dma.o
                0x08004750                HAL_DMA_Start_IT
 .text.HAL_DMA_Abort
                0x08004810       0x76 ./Drivers/STM32F1xx_HAL_Driver/Src/stm32f1xx_hal_dma.o
                0x08004810                HAL_DMA_Abort
 *fill*         0x08004886        0x2 
 .text.HAL_DMA_Abort_IT
                0x08004888       0xf0 ./Drivers/STM32F1xx_HAL_Driver/Src/stm32f1xx_hal_dma.o
                0x08004888                HAL_DMA_Abort_IT
 .text.HAL_DMA_IRQHandler
                0x08004978      0x20c ./Drivers/STM32F1xx_HAL_Driver/Src/stm32f1xx_hal_dma.o
                0x08004978                HAL_DMA_IRQHandler
 .text.DMA_SetConfig
                0x08004b84       0x5a ./Drivers/STM32F1xx_HAL_Driver/Src/stm32f1xx_hal_dma.o
 *fill*         0x08004bde        0x2 
 .text.HAL_GPIO_Init
                0x08004be0      0x308 ./Drivers/STM32F1xx_HAL_Driver/Src/stm32f1xx_hal_gpio.o
                0x08004be0                HAL_GPIO_Init
 .text.HAL_GPIO_WritePin
                0x08004ee8       0x30 ./Drivers/STM32F1xx_HAL_Driver/Src/stm32f1xx_hal_gpio.o
                0x08004ee8                HAL_GPIO_WritePin
 .text.HAL_RCC_OscConfig
                0x08004f18      0x504 ./Drivers/STM32F1xx_HAL_Driver/Src/stm32f1xx_hal_rcc.o
                0x08004f18                HAL_RCC_OscConfig
 .text.HAL_RCC_ClockConfig
                0x0800541c      0x1d4 ./Drivers/STM32F1xx_HAL_Driver/Src/stm32f1xx_hal_rcc.o
                0x0800541c                HAL_RCC_ClockConfig
 .text.HAL_RCC_GetSysClockFreq
                0x080055f0       0xa8 ./Drivers/STM32F1xx_HAL_Driver/Src/stm32f1xx_hal_rcc.o
                0x080055f0                HAL_RCC_GetSysClockFreq
 .text.HAL_RCC_GetHCLKFreq
                0x08005698       0x14 ./Drivers/STM32F1xx_HAL_Driver/Src/stm32f1xx_hal_rcc.o
                0x08005698                HAL_RCC_GetHCLKFreq
 .text.HAL_RCC_GetPCLK1Freq
                0x080056ac       0x28 ./Drivers/STM32F1xx_HAL_Driver/Src/stm32f1xx_hal_rcc.o
                0x080056ac                HAL_RCC_GetPCLK1Freq
 .text.HAL_RCC_GetPCLK2Freq
                0x080056d4       0x28 ./Drivers/STM32F1xx_HAL_Driver/Src/stm32f1xx_hal_rcc.o
                0x080056d4                HAL_RCC_GetPCLK2Freq
 .text.HAL_RCC_GetClockConfig
                0x080056fc       0x60 ./Drivers/STM32F1xx_HAL_Driver/Src/stm32f1xx_hal_rcc.o
                0x080056fc                HAL_RCC_GetClockConfig
 .text.RCC_Delay
                0x0800575c       0x3c ./Drivers/STM32F1xx_HAL_Driver/Src/stm32f1xx_hal_rcc.o
 .text.HAL_TIM_Base_Init
                0x08005798       0x9e ./Drivers/STM32F1xx_HAL_Driver/Src/stm32f1xx_hal_tim.o
                0x08005798                HAL_TIM_Base_Init
 .text.HAL_TIM_Base_MspInit
                0x08005836       0x12 ./Drivers/STM32F1xx_HAL_Driver/Src/stm32f1xx_hal_tim.o
                0x08005836                HAL_TIM_Base_MspInit
 .text.HAL_TIM_Base_Start_IT
                0x08005848       0xa4 ./Drivers/STM32F1xx_HAL_Driver/Src/stm32f1xx_hal_tim.o
                0x08005848                HAL_TIM_Base_Start_IT
 .text.HAL_TIM_PWM_Init
                0x080058ec       0x9e ./Drivers/STM32F1xx_HAL_Driver/Src/stm32f1xx_hal_tim.o
                0x080058ec                HAL_TIM_PWM_Init
 *fill*         0x0800598a        0x2 
 .text.HAL_TIM_PWM_Start
                0x0800598c      0x144 ./Drivers/STM32F1xx_HAL_Driver/Src/stm32f1xx_hal_tim.o
                0x0800598c                HAL_TIM_PWM_Start
 .text.HAL_TIM_Encoder_Init
                0x08005ad0      0x144 ./Drivers/STM32F1xx_HAL_Driver/Src/stm32f1xx_hal_tim.o
                0x08005ad0                HAL_TIM_Encoder_Init
 .text.HAL_TIM_Encoder_Start
                0x08005c14      0x11c ./Drivers/STM32F1xx_HAL_Driver/Src/stm32f1xx_hal_tim.o
                0x08005c14                HAL_TIM_Encoder_Start
 .text.HAL_TIM_IRQHandler
                0x08005d30      0x210 ./Drivers/STM32F1xx_HAL_Driver/Src/stm32f1xx_hal_tim.o
                0x08005d30                HAL_TIM_IRQHandler
 .text.HAL_TIM_PWM_ConfigChannel
                0x08005f40      0x184 ./Drivers/STM32F1xx_HAL_Driver/Src/stm32f1xx_hal_tim.o
                0x08005f40                HAL_TIM_PWM_ConfigChannel
 .text.HAL_TIM_OC_DelayElapsedCallback
                0x080060c4       0x12 ./Drivers/STM32F1xx_HAL_Driver/Src/stm32f1xx_hal_tim.o
                0x080060c4                HAL_TIM_OC_DelayElapsedCallback
 .text.HAL_TIM_IC_CaptureCallback
                0x080060d6       0x12 ./Drivers/STM32F1xx_HAL_Driver/Src/stm32f1xx_hal_tim.o
                0x080060d6                HAL_TIM_IC_CaptureCallback
 .text.HAL_TIM_PWM_PulseFinishedCallback
                0x080060e8       0x12 ./Drivers/STM32F1xx_HAL_Driver/Src/stm32f1xx_hal_tim.o
                0x080060e8                HAL_TIM_PWM_PulseFinishedCallback
 .text.HAL_TIM_TriggerCallback
                0x080060fa       0x12 ./Drivers/STM32F1xx_HAL_Driver/Src/stm32f1xx_hal_tim.o
                0x080060fa                HAL_TIM_TriggerCallback
 .text.TIM_Base_SetConfig
                0x0800610c       0xc4 ./Drivers/STM32F1xx_HAL_Driver/Src/stm32f1xx_hal_tim.o
                0x0800610c                TIM_Base_SetConfig
 .text.TIM_OC1_SetConfig
                0x080061d0       0xcc ./Drivers/STM32F1xx_HAL_Driver/Src/stm32f1xx_hal_tim.o
 .text.TIM_OC2_SetConfig
                0x0800629c       0xd4 ./Drivers/STM32F1xx_HAL_Driver/Src/stm32f1xx_hal_tim.o
                0x0800629c                TIM_OC2_SetConfig
 .text.TIM_OC3_SetConfig
                0x08006370       0xd4 ./Drivers/STM32F1xx_HAL_Driver/Src/stm32f1xx_hal_tim.o
 .text.TIM_OC4_SetConfig
                0x08006444       0x9c ./Drivers/STM32F1xx_HAL_Driver/Src/stm32f1xx_hal_tim.o
 .text.TIM_CCxChannelCmd
                0x080064e0       0x48 ./Drivers/STM32F1xx_HAL_Driver/Src/stm32f1xx_hal_tim.o
                0x080064e0                TIM_CCxChannelCmd
 .text.HAL_TIMEx_MasterConfigSynchronization
                0x08006528       0xbc ./Drivers/STM32F1xx_HAL_Driver/Src/stm32f1xx_hal_tim_ex.o
                0x08006528                HAL_TIMEx_MasterConfigSynchronization
 .text.HAL_TIMEx_CommutCallback
                0x080065e4       0x12 ./Drivers/STM32F1xx_HAL_Driver/Src/stm32f1xx_hal_tim_ex.o
                0x080065e4                HAL_TIMEx_CommutCallback
 .text.HAL_TIMEx_BreakCallback
                0x080065f6       0x12 ./Drivers/STM32F1xx_HAL_Driver/Src/stm32f1xx_hal_tim_ex.o
                0x080065f6                HAL_TIMEx_BreakCallback
 .text.HAL_UART_Init
                0x08006608       0xa0 ./Drivers/STM32F1xx_HAL_Driver/Src/stm32f1xx_hal_uart.o
                0x08006608                HAL_UART_Init
 .text.HAL_UART_Transmit_DMA
                0x080066a8       0xe0 ./Drivers/STM32F1xx_HAL_Driver/Src/stm32f1xx_hal_uart.o
                0x080066a8                HAL_UART_Transmit_DMA
 .text.HAL_UART_Receive_DMA
                0x08006788       0x4a ./Drivers/STM32F1xx_HAL_Driver/Src/stm32f1xx_hal_uart.o
                0x08006788                HAL_UART_Receive_DMA
 *fill*         0x080067d2        0x2 
 .text.HAL_UART_IRQHandler
                0x080067d4      0x524 ./Drivers/STM32F1xx_HAL_Driver/Src/stm32f1xx_hal_uart.o
                0x080067d4                HAL_UART_IRQHandler
 .text.HAL_UART_TxHalfCpltCallback
                0x08006cf8       0x12 ./Drivers/STM32F1xx_HAL_Driver/Src/stm32f1xx_hal_uart.o
                0x08006cf8                HAL_UART_TxHalfCpltCallback
 .text.HAL_UART_RxHalfCpltCallback
                0x08006d0a       0x12 ./Drivers/STM32F1xx_HAL_Driver/Src/stm32f1xx_hal_uart.o
                0x08006d0a                HAL_UART_RxHalfCpltCallback
 .text.HAL_UART_ErrorCallback
                0x08006d1c       0x12 ./Drivers/STM32F1xx_HAL_Driver/Src/stm32f1xx_hal_uart.o
                0x08006d1c                HAL_UART_ErrorCallback
 .text.HAL_UARTEx_RxEventCallback
                0x08006d2e       0x16 ./Drivers/STM32F1xx_HAL_Driver/Src/stm32f1xx_hal_uart.o
                0x08006d2e                HAL_UARTEx_RxEventCallback
 .text.UART_DMATransmitCplt
                0x08006d44       0x9a ./Drivers/STM32F1xx_HAL_Driver/Src/stm32f1xx_hal_uart.o
 .text.UART_DMATxHalfCplt
                0x08006dde       0x1c ./Drivers/STM32F1xx_HAL_Driver/Src/stm32f1xx_hal_uart.o
 .text.UART_DMAReceiveCplt
                0x08006dfa      0x12c ./Drivers/STM32F1xx_HAL_Driver/Src/stm32f1xx_hal_uart.o
 .text.UART_DMARxHalfCplt
                0x08006f26       0x3c ./Drivers/STM32F1xx_HAL_Driver/Src/stm32f1xx_hal_uart.o
 .text.UART_DMAError
                0x08006f62       0x94 ./Drivers/STM32F1xx_HAL_Driver/Src/stm32f1xx_hal_uart.o
 *fill*         0x08006ff6        0x2 
 .text.UART_Start_Receive_DMA
                0x08006ff8      0x134 ./Drivers/STM32F1xx_HAL_Driver/Src/stm32f1xx_hal_uart.o
                0x08006ff8                UART_Start_Receive_DMA
 .text.UART_EndTxTransfer
                0x0800712c       0x4e ./Drivers/STM32F1xx_HAL_Driver/Src/stm32f1xx_hal_uart.o
 .text.UART_EndRxTransfer
                0x0800717a       0xc4 ./Drivers/STM32F1xx_HAL_Driver/Src/stm32f1xx_hal_uart.o
 .text.UART_DMAAbortOnError
                0x0800723e       0x28 ./Drivers/STM32F1xx_HAL_Driver/Src/stm32f1xx_hal_uart.o
 .text.UART_Transmit_IT
                0x08007266       0x9e ./Drivers/STM32F1xx_HAL_Driver/Src/stm32f1xx_hal_uart.o
 .text.UART_EndTransmit_IT
                0x08007304       0x30 ./Drivers/STM32F1xx_HAL_Driver/Src/stm32f1xx_hal_uart.o
 .text.UART_Receive_IT
                0x08007334      0x17c ./Drivers/STM32F1xx_HAL_Driver/Src/stm32f1xx_hal_uart.o
 .text.UART_SetConfig
                0x080074b0      0x11c ./Drivers/STM32F1xx_HAL_Driver/Src/stm32f1xx_hal_uart.o
 .text.motor_run
                0x080075cc      0x154 ./ECUAL/motor_driver/motor_driver.o
                0x080075cc                motor_run
 .text.motor_stop
                0x08007720       0x76 ./ECUAL/motor_driver/motor_driver.o
                0x08007720                motor_stop
 *fill*         0x08007796        0x2 
 .text.enable_motor
                0x08007798       0x30 ./ECUAL/motor_driver/motor_driver.o
                0x08007798                enable_motor
 .text.calculate_pwm_values
                0x080077c8       0x68 ./ECUAL/motor_driver/motor_driver.o
                0x080077c8                calculate_pwm_values
 .text.init_motor_dynamics
                0x08007830       0x80 ./ECUAL/motor_speed/motor_speed.o
                0x08007830                init_motor_dynamics
 .text.update_encoder_count_per_sampling_period
                0x080078b0       0x62 ./ECUAL/motor_speed/motor_speed.o
                0x080078b0                update_encoder_count_per_sampling_period
 *fill*         0x08007912        0x6 
 .text.get_speed_count
                0x08007918       0x48 ./ECUAL/motor_speed/motor_speed.o
                0x08007918                get_speed_count
 .text.get_speed_rpm
                0x08007960       0x7c ./ECUAL/motor_speed/motor_speed.o
                0x08007960                get_speed_rpm
 .text.add_to_filter_buffer
                0x080079dc       0x82 ./ECUAL/motor_speed/motor_speed.o
 .text.filter_output
                0x08007a5e       0x3c ./ECUAL/motor_speed/motor_speed.o
 .text.init_filter
                0x08007a9a       0x4a ./ECUAL/motor_speed/motor_speed.o
                0x08007a9a                init_filter
 .text.PID_Init
                0x08007ae4       0x8a ./ECUAL/pid/pid_v1.o
                0x08007ae4                PID_Init
 .text.PID_calculate
                0x08007b6e      0x130 ./ECUAL/pid/pid_v1.o
                0x08007b6e                PID_calculate
 .text.PID_reset
                0x08007c9e       0x4a ./ECUAL/pid/pid_v1.o
                0x08007c9e                PID_reset
 .text.makeFreeRtosPriority
                0x08007ce8       0x2e ./Middlewares/Third_Party/FreeRTOS/Source/CMSIS_RTOS/cmsis_os.o
 .text.inHandlerMode
                0x08007d16       0x22 ./Middlewares/Third_Party/FreeRTOS/Source/CMSIS_RTOS/cmsis_os.o
 .text.osKernelStart
                0x08007d38        0xe ./Middlewares/Third_Party/FreeRTOS/Source/CMSIS_RTOS/cmsis_os.o
                0x08007d38                osKernelStart
 .text.osThreadCreate
                0x08007d46       0x98 ./Middlewares/Third_Party/FreeRTOS/Source/CMSIS_RTOS/cmsis_os.o
                0x08007d46                osThreadCreate
 .text.osDelay  0x08007dde       0x28 ./Middlewares/Third_Party/FreeRTOS/Source/CMSIS_RTOS/cmsis_os.o
                0x08007dde                osDelay
 *fill*         0x08007e06        0x2 
 .text.osTimerCreate
                0x08007e08       0x68 ./Middlewares/Third_Party/FreeRTOS/Source/CMSIS_RTOS/cmsis_os.o
                0x08007e08                osTimerCreate
 .text.osTimerStart
                0x08007e70       0x88 ./Middlewares/Third_Party/FreeRTOS/Source/CMSIS_RTOS/cmsis_os.o
                0x08007e70                osTimerStart
 .text.osSemaphoreCreate
                0x08007ef8       0x64 ./Middlewares/Third_Party/FreeRTOS/Source/CMSIS_RTOS/cmsis_os.o
                0x08007ef8                osSemaphoreCreate
 .text.osSemaphoreRelease
                0x08007f5c       0x6c ./Middlewares/Third_Party/FreeRTOS/Source/CMSIS_RTOS/cmsis_os.o
                0x08007f5c                osSemaphoreRelease
 .text.vListInitialise
                0x08007fc8       0x3e ./Middlewares/Third_Party/FreeRTOS/Source/list.o
                0x08007fc8                vListInitialise
 .text.vListInitialiseItem
                0x08008006       0x18 ./Middlewares/Third_Party/FreeRTOS/Source/list.o
                0x08008006                vListInitialiseItem
 .text.vListInsertEnd
                0x0800801e       0x46 ./Middlewares/Third_Party/FreeRTOS/Source/list.o
                0x0800801e                vListInsertEnd
 .text.vListInsert
                0x08008064       0x70 ./Middlewares/Third_Party/FreeRTOS/Source/list.o
                0x08008064                vListInsert
 .text.uxListRemove
                0x080080d4       0x52 ./Middlewares/Third_Party/FreeRTOS/Source/list.o
                0x080080d4                uxListRemove
 *fill*         0x08008126        0x2 
 .text.xQueueGenericReset
                0x08008128       0xd4 ./Middlewares/Third_Party/FreeRTOS/Source/queue.o
                0x08008128                xQueueGenericReset
 .text.xQueueGenericCreateStatic
                0x080081fc       0xf8 ./Middlewares/Third_Party/FreeRTOS/Source/queue.o
                0x080081fc                xQueueGenericCreateStatic
 .text.xQueueGenericCreate
                0x080082f4       0x7e ./Middlewares/Third_Party/FreeRTOS/Source/queue.o
                0x080082f4                xQueueGenericCreate
 .text.prvInitialiseNewQueue
                0x08008372       0x3e ./Middlewares/Third_Party/FreeRTOS/Source/queue.o
 .text.xQueueGenericSend
                0x080083b0      0x204 ./Middlewares/Third_Party/FreeRTOS/Source/queue.o
                0x080083b0                xQueueGenericSend
 .text.xQueueGenericSendFromISR
                0x080085b4      0x136 ./Middlewares/Third_Party/FreeRTOS/Source/queue.o
                0x080085b4                xQueueGenericSendFromISR
 .text.xQueueGiveFromISR
                0x080086ea      0x120 ./Middlewares/Third_Party/FreeRTOS/Source/queue.o
                0x080086ea                xQueueGiveFromISR
 *fill*         0x0800880a        0x2 
 .text.xQueueReceive
                0x0800880c      0x1c4 ./Middlewares/Third_Party/FreeRTOS/Source/queue.o
                0x0800880c                xQueueReceive
 .text.prvCopyDataToQueue
                0x080089d0       0xd4 ./Middlewares/Third_Party/FreeRTOS/Source/queue.o
 .text.prvCopyDataFromQueue
                0x08008aa4       0x4c ./Middlewares/Third_Party/FreeRTOS/Source/queue.o
 .text.prvUnlockQueue
                0x08008af0       0xa4 ./Middlewares/Third_Party/FreeRTOS/Source/queue.o
 .text.prvIsQueueEmpty
                0x08008b94       0x2c ./Middlewares/Third_Party/FreeRTOS/Source/queue.o
 .text.prvIsQueueFull
                0x08008bc0       0x30 ./Middlewares/Third_Party/FreeRTOS/Source/queue.o
 .text.vQueueAddToRegistry
                0x08008bf0       0x50 ./Middlewares/Third_Party/FreeRTOS/Source/queue.o
                0x08008bf0                vQueueAddToRegistry
 .text.vQueueWaitForMessageRestricted
                0x08008c40       0x68 ./Middlewares/Third_Party/FreeRTOS/Source/queue.o
                0x08008c40                vQueueWaitForMessageRestricted
 .text.xTaskCreateStatic
                0x08008ca8       0xbe ./Middlewares/Third_Party/FreeRTOS/Source/tasks.o
                0x08008ca8                xTaskCreateStatic
 .text.xTaskCreate
                0x08008d66       0x8a ./Middlewares/Third_Party/FreeRTOS/Source/tasks.o
                0x08008d66                xTaskCreate
 .text.prvInitialiseNewTask
                0x08008df0      0x100 ./Middlewares/Third_Party/FreeRTOS/Source/tasks.o
 .text.prvAddNewTaskToReadyList
                0x08008ef0       0xd4 ./Middlewares/Third_Party/FreeRTOS/Source/tasks.o
 .text.vTaskDelay
                0x08008fc4       0x6c ./Middlewares/Third_Party/FreeRTOS/Source/tasks.o
                0x08008fc4                vTaskDelay
 .text.vTaskStartScheduler
                0x08009030       0xd0 ./Middlewares/Third_Party/FreeRTOS/Source/tasks.o
                0x08009030                vTaskStartScheduler
 .text.vTaskSuspendAll
                0x08009100       0x1c ./Middlewares/Third_Party/FreeRTOS/Source/tasks.o
                0x08009100                vTaskSuspendAll
 .text.xTaskResumeAll
                0x0800911c      0x13c ./Middlewares/Third_Party/FreeRTOS/Source/tasks.o
                0x0800911c                xTaskResumeAll
 .text.xTaskGetTickCount
                0x08009258       0x1c ./Middlewares/Third_Party/FreeRTOS/Source/tasks.o
                0x08009258                xTaskGetTickCount
 .text.xTaskIncrementTick
                0x08009274      0x17c ./Middlewares/Third_Party/FreeRTOS/Source/tasks.o
                0x08009274                xTaskIncrementTick
 .text.vTaskSwitchContext
                0x080093f0       0xb8 ./Middlewares/Third_Party/FreeRTOS/Source/tasks.o
                0x080093f0                vTaskSwitchContext
 .text.vTaskPlaceOnEventList
                0x080094a8       0x4c ./Middlewares/Third_Party/FreeRTOS/Source/tasks.o
                0x080094a8                vTaskPlaceOnEventList
 .text.vTaskPlaceOnEventListRestricted
                0x080094f4       0x58 ./Middlewares/Third_Party/FreeRTOS/Source/tasks.o
                0x080094f4                vTaskPlaceOnEventListRestricted
 .text.xTaskRemoveFromEventList
                0x0800954c       0xc8 ./Middlewares/Third_Party/FreeRTOS/Source/tasks.o
                0x0800954c                xTaskRemoveFromEventList
 .text.vTaskInternalSetTimeOutState
                0x08009614       0x2c ./Middlewares/Third_Party/FreeRTOS/Source/tasks.o
                0x08009614                vTaskInternalSetTimeOutState
 .text.xTaskCheckForTimeOut
                0x08009640       0xc8 ./Middlewares/Third_Party/FreeRTOS/Source/tasks.o
                0x08009640                xTaskCheckForTimeOut
 .text.vTaskMissedYield
                0x08009708       0x18 ./Middlewares/Third_Party/FreeRTOS/Source/tasks.o
                0x08009708                vTaskMissedYield
 .text.prvIdleTask
                0x08009720       0x30 ./Middlewares/Third_Party/FreeRTOS/Source/tasks.o
 .text.prvInitialiseTaskLists
                0x08009750       0x80 ./Middlewares/Third_Party/FreeRTOS/Source/tasks.o
 .text.prvCheckTasksWaitingTermination
                0x080097d0       0x5c ./Middlewares/Third_Party/FreeRTOS/Source/tasks.o
 .text.prvDeleteTCB
                0x0800982c       0x60 ./Middlewares/Third_Party/FreeRTOS/Source/tasks.o
 .text.prvResetNextTaskUnblockTime
                0x0800988c       0x48 ./Middlewares/Third_Party/FreeRTOS/Source/tasks.o
 .text.xTaskGetSchedulerState
                0x080098d4       0x3c ./Middlewares/Third_Party/FreeRTOS/Source/tasks.o
                0x080098d4                xTaskGetSchedulerState
 .text.xTaskPriorityDisinherit
                0x08009910      0x110 ./Middlewares/Third_Party/FreeRTOS/Source/tasks.o
                0x08009910                xTaskPriorityDisinherit
 .text.prvAddCurrentTaskToDelayedList
                0x08009a20       0xcc ./Middlewares/Third_Party/FreeRTOS/Source/tasks.o
 .text.xTimerCreateTimerTask
                0x08009aec       0x94 ./Middlewares/Third_Party/FreeRTOS/Source/timers.o
                0x08009aec                xTimerCreateTimerTask
 .text.xTimerCreate
                0x08009b80       0x42 ./Middlewares/Third_Party/FreeRTOS/Source/timers.o
                0x08009b80                xTimerCreate
 .text.xTimerCreateStatic
                0x08009bc2       0x7e ./Middlewares/Third_Party/FreeRTOS/Source/timers.o
                0x08009bc2                xTimerCreateStatic
 .text.prvInitialiseNewTimer
                0x08009c40       0x66 ./Middlewares/Third_Party/FreeRTOS/Source/timers.o
 *fill*         0x08009ca6        0x2 
 .text.xTimerGenericCommand
                0x08009ca8       0x9c ./Middlewares/Third_Party/FreeRTOS/Source/timers.o
                0x08009ca8                xTimerGenericCommand
 .text.prvProcessExpiredTimer
                0x08009d44       0x84 ./Middlewares/Third_Party/FreeRTOS/Source/timers.o
 .text.prvTimerTask
                0x08009dc8       0x26 ./Middlewares/Third_Party/FreeRTOS/Source/timers.o
 *fill*         0x08009dee        0x2 
 .text.prvProcessTimerOrBlockTask
                0x08009df0       0x9c ./Middlewares/Third_Party/FreeRTOS/Source/timers.o
 .text.prvGetNextExpireTime
                0x08009e8c       0x48 ./Middlewares/Third_Party/FreeRTOS/Source/timers.o
 .text.prvSampleTimeNow
                0x08009ed4       0x40 ./Middlewares/Third_Party/FreeRTOS/Source/timers.o
 .text.prvInsertTimerInActiveList
                0x08009f14       0x84 ./Middlewares/Third_Party/FreeRTOS/Source/timers.o
 .text.prvProcessReceivedCommands
                0x08009f98      0x140 ./Middlewares/Third_Party/FreeRTOS/Source/timers.o
 .text.prvSwitchTimerLists
                0x0800a0d8       0xc4 ./Middlewares/Third_Party/FreeRTOS/Source/timers.o
 .text.prvCheckForValidListAndQueue
                0x0800a19c       0x80 ./Middlewares/Third_Party/FreeRTOS/Source/timers.o
 .text.pxPortInitialiseStack
                0x0800a21c       0x58 ./Middlewares/Third_Party/FreeRTOS/Source/portable/GCC/ARM_CM3/port.o
                0x0800a21c                pxPortInitialiseStack
 .text.prvTaskExitError
                0x0800a274       0x58 ./Middlewares/Third_Party/FreeRTOS/Source/portable/GCC/ARM_CM3/port.o
 *fill*         0x0800a2cc        0x4 
 .text.SVC_Handler
                0x0800a2d0       0x28 ./Middlewares/Third_Party/FreeRTOS/Source/portable/GCC/ARM_CM3/port.o
                0x0800a2d0                SVC_Handler
 .text.prvPortStartFirstTask
                0x0800a2f8       0x20 ./Middlewares/Third_Party/FreeRTOS/Source/portable/GCC/ARM_CM3/port.o
 .text.xPortStartScheduler
                0x0800a318       0xc0 ./Middlewares/Third_Party/FreeRTOS/Source/portable/GCC/ARM_CM3/port.o
                0x0800a318                xPortStartScheduler
 .text.vPortEnterCritical
                0x0800a3d8       0x60 ./Middlewares/Third_Party/FreeRTOS/Source/portable/GCC/ARM_CM3/port.o
                0x0800a3d8                vPortEnterCritical
 .text.vPortExitCritical
                0x0800a438       0x54 ./Middlewares/Third_Party/FreeRTOS/Source/portable/GCC/ARM_CM3/port.o
                0x0800a438                vPortExitCritical
 *fill*         0x0800a48c        0x4 
 .text.PendSV_Handler
                0x0800a490       0x48 ./Middlewares/Third_Party/FreeRTOS/Source/portable/GCC/ARM_CM3/port.o
                0x0800a490                PendSV_Handler
 .text.SysTick_Handler
                0x0800a4d8       0x44 ./Middlewares/Third_Party/FreeRTOS/Source/portable/GCC/ARM_CM3/port.o
                0x0800a4d8                SysTick_Handler
 .text.vPortSetupTimerInterrupt
                0x0800a51c       0x44 ./Middlewares/Third_Party/FreeRTOS/Source/portable/GCC/ARM_CM3/port.o
                0x0800a51c                vPortSetupTimerInterrupt
 .text.vPortValidateInterruptPriority
                0x0800a560       0x80 ./Middlewares/Third_Party/FreeRTOS/Source/portable/GCC/ARM_CM3/port.o
                0x0800a560                vPortValidateInterruptPriority
 .text.pvPortMalloc
                0x0800a5e0      0x190 ./Middlewares/Third_Party/FreeRTOS/Source/portable/MemMang/heap_4.o
                0x0800a5e0                pvPortMalloc
 .text.vPortFree
                0x0800a770       0xb8 ./Middlewares/Third_Party/FreeRTOS/Source/portable/MemMang/heap_4.o
                0x0800a770                vPortFree
 .text.prvHeapInit
                0x0800a828       0xc4 ./Middlewares/Third_Party/FreeRTOS/Source/portable/MemMang/heap_4.o
 .text.prvInsertBlockIntoFreeList
                0x0800a8ec       0xb0 ./Middlewares/Third_Party/FreeRTOS/Source/portable/MemMang/heap_4.o
 .text.pow      0x0800a99c       0xd0 /opt/st/stm32cubeide_1.15.0/plugins/com.st.stm32cube.ide.mcu.externaltools.gnu-tools-for-stm32.12.3.rel1.linux64_1.0.100.202403111256/tools/bin/../lib/gcc/arm-none-eabi/12.3.1/../../../../arm-none-eabi/lib/thumb/v7-m/nofp/libm.a(libm_a-w_pow.o)
                0x0800a99c                pow
 .text.finite   0x0800aa6c        0xc /opt/st/stm32cubeide_1.15.0/plugins/com.st.stm32cube.ide.mcu.externaltools.gnu-tools-for-stm32.12.3.rel1.linux64_1.0.100.202403111256/tools/bin/../lib/gcc/arm-none-eabi/12.3.1/../../../../arm-none-eabi/lib/thumb/v7-m/nofp/libm.a(libm_a-s_finite.o)
                0x0800aa6c                finite
 .text.roundf   0x0800aa78       0x48 /opt/st/stm32cubeide_1.15.0/plugins/com.st.stm32cube.ide.mcu.externaltools.gnu-tools-for-stm32.12.3.rel1.linux64_1.0.100.202403111256/tools/bin/../lib/gcc/arm-none-eabi/12.3.1/../../../../arm-none-eabi/lib/thumb/v7-m/nofp/libm.a(libm_a-sf_round.o)
                0x0800aa78                roundf
 .text.__ieee754_pow
                0x0800aac0      0xa50 /opt/st/stm32cubeide_1.15.0/plugins/com.st.stm32cube.ide.mcu.externaltools.gnu-tools-for-stm32.12.3.rel1.linux64_1.0.100.202403111256/tools/bin/../lib/gcc/arm-none-eabi/12.3.1/../../../../arm-none-eabi/lib/thumb/v7-m/nofp/libm.a(libm_a-e_pow.o)
                0x0800aac0                __ieee754_pow
 .text.fabs     0x0800b510        0x8 /opt/st/stm32cubeide_1.15.0/plugins/com.st.stm32cube.ide.mcu.externaltools.gnu-tools-for-stm32.12.3.rel1.linux64_1.0.100.202403111256/tools/bin/../lib/gcc/arm-none-eabi/12.3.1/../../../../arm-none-eabi/lib/thumb/v7-m/nofp/libm.a(libm_a-s_fabs.o)
                0x0800b510                fabs
 .text.scalbn   0x0800b518       0xec /opt/st/stm32cubeide_1.15.0/plugins/com.st.stm32cube.ide.mcu.externaltools.gnu-tools-for-stm32.12.3.rel1.linux64_1.0.100.202403111256/tools/bin/../lib/gcc/arm-none-eabi/12.3.1/../../../../arm-none-eabi/lib/thumb/v7-m/nofp/libm.a(libm_a-s_scalbn.o)
                0x0800b518                scalbn
 .text.with_errno
                0x0800b604       0x14 /opt/st/stm32cubeide_1.15.0/plugins/com.st.stm32cube.ide.mcu.externaltools.gnu-tools-for-stm32.12.3.rel1.linux64_1.0.100.202403111256/tools/bin/../lib/gcc/arm-none-eabi/12.3.1/../../../../arm-none-eabi/lib/thumb/v7-m/nofp/libm.a(libm_a-math_err.o)
 .text.xflow    0x0800b618       0x26 /opt/st/stm32cubeide_1.15.0/plugins/com.st.stm32cube.ide.mcu.externaltools.gnu-tools-for-stm32.12.3.rel1.linux64_1.0.100.202403111256/tools/bin/../lib/gcc/arm-none-eabi/12.3.1/../../../../arm-none-eabi/lib/thumb/v7-m/nofp/libm.a(libm_a-math_err.o)
 .text.__math_uflow
                0x0800b63e        0xa /opt/st/stm32cubeide_1.15.0/plugins/com.st.stm32cube.ide.mcu.externaltools.gnu-tools-for-stm32.12.3.rel1.linux64_1.0.100.202403111256/tools/bin/../lib/gcc/arm-none-eabi/12.3.1/../../../../arm-none-eabi/lib/thumb/v7-m/nofp/libm.a(libm_a-math_err.o)
                0x0800b63e                __math_uflow
 .text.__math_oflow
                0x0800b648        0xa /opt/st/stm32cubeide_1.15.0/plugins/com.st.stm32cube.ide.mcu.externaltools.gnu-tools-for-stm32.12.3.rel1.linux64_1.0.100.202403111256/tools/bin/../lib/gcc/arm-none-eabi/12.3.1/../../../../arm-none-eabi/lib/thumb/v7-m/nofp/libm.a(libm_a-math_err.o)
                0x0800b648                __math_oflow
 *fill*         0x0800b652        0x2 
 .text.__ieee754_sqrt
                0x0800b654      0x1ac /opt/st/stm32cubeide_1.15.0/plugins/com.st.stm32cube.ide.mcu.externaltools.gnu-tools-for-stm32.12.3.rel1.linux64_1.0.100.202403111256/tools/bin/../lib/gcc/arm-none-eabi/12.3.1/../../../../arm-none-eabi/lib/thumb/v7-m/nofp/libm.a(libm_a-e_sqrt.o)
                0x0800b654                __ieee754_sqrt
 .text.realloc  0x0800b800       0x10 /opt/st/stm32cubeide_1.15.0/plugins/com.st.stm32cube.ide.mcu.externaltools.gnu-tools-for-stm32.12.3.rel1.linux64_1.0.100.202403111256/tools/bin/../lib/gcc/arm-none-eabi/12.3.1/../../../../arm-none-eabi/lib/thumb/v7-m/nofp/libc_nano.a(libc_a-realloc.o)
                0x0800b800                realloc
 .text._realloc_r
                0x0800b810       0x5c /opt/st/stm32cubeide_1.15.0/plugins/com.st.stm32cube.ide.mcu.externaltools.gnu-tools-for-stm32.12.3.rel1.linux64_1.0.100.202403111256/tools/bin/../lib/gcc/arm-none-eabi/12.3.1/../../../../arm-none-eabi/lib/thumb/v7-m/nofp/libc_nano.a(libc_a-reallocr.o)
                0x0800b810                _realloc_r
 .text.__cvt    0x0800b86c       0xc8 /opt/st/stm32cubeide_1.15.0/plugins/com.st.stm32cube.ide.mcu.externaltools.gnu-tools-for-stm32.12.3.rel1.linux64_1.0.100.202403111256/tools/bin/../lib/gcc/arm-none-eabi/12.3.1/../../../../arm-none-eabi/lib/thumb/v7-m/nofp/libc_nano.a(libc_a-nano-vfprintf_float.o)
                0x0800b86c                __cvt
 .text.__exponent
                0x0800b934       0x74 /opt/st/stm32cubeide_1.15.0/plugins/com.st.stm32cube.ide.mcu.externaltools.gnu-tools-for-stm32.12.3.rel1.linux64_1.0.100.202403111256/tools/bin/../lib/gcc/arm-none-eabi/12.3.1/../../../../arm-none-eabi/lib/thumb/v7-m/nofp/libc_nano.a(libc_a-nano-vfprintf_float.o)
                0x0800b934                __exponent
 .text._printf_float
                0x0800b9a8      0x458 /opt/st/stm32cubeide_1.15.0/plugins/com.st.stm32cube.ide.mcu.externaltools.gnu-tools-for-stm32.12.3.rel1.linux64_1.0.100.202403111256/tools/bin/../lib/gcc/arm-none-eabi/12.3.1/../../../../arm-none-eabi/lib/thumb/v7-m/nofp/libc_nano.a(libc_a-nano-vfprintf_float.o)
                0x0800b9a8                _printf_float
 .text._printf_common
                0x0800be00       0xe4 /opt/st/stm32cubeide_1.15.0/plugins/com.st.stm32cube.ide.mcu.externaltools.gnu-tools-for-stm32.12.3.rel1.linux64_1.0.100.202403111256/tools/bin/../lib/gcc/arm-none-eabi/12.3.1/../../../../arm-none-eabi/lib/thumb/v7-m/nofp/libc_nano.a(libc_a-nano-vfprintf_i.o)
                0x0800be00                _printf_common
 .text._printf_i
                0x0800bee4      0x240 /opt/st/stm32cubeide_1.15.0/plugins/com.st.stm32cube.ide.mcu.externaltools.gnu-tools-for-stm32.12.3.rel1.linux64_1.0.100.202403111256/tools/bin/../lib/gcc/arm-none-eabi/12.3.1/../../../../arm-none-eabi/lib/thumb/v7-m/nofp/libc_nano.a(libc_a-nano-vfprintf_i.o)
                0x0800bee4                _printf_i
 .text.std      0x0800c124       0x6c /opt/st/stm32cubeide_1.15.0/plugins/com.st.stm32cube.ide.mcu.externaltools.gnu-tools-for-stm32.12.3.rel1.linux64_1.0.100.202403111256/tools/bin/../lib/gcc/arm-none-eabi/12.3.1/../../../../arm-none-eabi/lib/thumb/v7-m/nofp/libc_nano.a(libc_a-findfp.o)
 .text.stdio_exit_handler
                0x0800c190       0x18 /opt/st/stm32cubeide_1.15.0/plugins/com.st.stm32cube.ide.mcu.externaltools.gnu-tools-for-stm32.12.3.rel1.linux64_1.0.100.202403111256/tools/bin/../lib/gcc/arm-none-eabi/12.3.1/../../../../arm-none-eabi/lib/thumb/v7-m/nofp/libc_nano.a(libc_a-findfp.o)
 .text.cleanup_stdio
                0x0800c1a8       0x40 /opt/st/stm32cubeide_1.15.0/plugins/com.st.stm32cube.ide.mcu.externaltools.gnu-tools-for-stm32.12.3.rel1.linux64_1.0.100.202403111256/tools/bin/../lib/gcc/arm-none-eabi/12.3.1/../../../../arm-none-eabi/lib/thumb/v7-m/nofp/libc_nano.a(libc_a-findfp.o)
 .text.global_stdio_init.part.0
                0x0800c1e8       0x3c /opt/st/stm32cubeide_1.15.0/plugins/com.st.stm32cube.ide.mcu.externaltools.gnu-tools-for-stm32.12.3.rel1.linux64_1.0.100.202403111256/tools/bin/../lib/gcc/arm-none-eabi/12.3.1/../../../../arm-none-eabi/lib/thumb/v7-m/nofp/libc_nano.a(libc_a-findfp.o)
 .text.__sfp_lock_acquire
                0x0800c224        0xc /opt/st/stm32cubeide_1.15.0/plugins/com.st.stm32cube.ide.mcu.externaltools.gnu-tools-for-stm32.12.3.rel1.linux64_1.0.100.202403111256/tools/bin/../lib/gcc/arm-none-eabi/12.3.1/../../../../arm-none-eabi/lib/thumb/v7-m/nofp/libc_nano.a(libc_a-findfp.o)
                0x0800c224                __sfp_lock_acquire
 .text.__sfp_lock_release
                0x0800c230        0xc /opt/st/stm32cubeide_1.15.0/plugins/com.st.stm32cube.ide.mcu.externaltools.gnu-tools-for-stm32.12.3.rel1.linux64_1.0.100.202403111256/tools/bin/../lib/gcc/arm-none-eabi/12.3.1/../../../../arm-none-eabi/lib/thumb/v7-m/nofp/libc_nano.a(libc_a-findfp.o)
                0x0800c230                __sfp_lock_release
 .text.__sinit  0x0800c23c       0x30 /opt/st/stm32cubeide_1.15.0/plugins/com.st.stm32cube.ide.mcu.externaltools.gnu-tools-for-stm32.12.3.rel1.linux64_1.0.100.202403111256/tools/bin/../lib/gcc/arm-none-eabi/12.3.1/../../../../arm-none-eabi/lib/thumb/v7-m/nofp/libc_nano.a(libc_a-findfp.o)
                0x0800c23c                __sinit
 .text._fwalk_sglue
                0x0800c26c       0x3c /opt/st/stm32cubeide_1.15.0/plugins/com.st.stm32cube.ide.mcu.externaltools.gnu-tools-for-stm32.12.3.rel1.linux64_1.0.100.202403111256/tools/bin/../lib/gcc/arm-none-eabi/12.3.1/../../../../arm-none-eabi/lib/thumb/v7-m/nofp/libc_nano.a(libc_a-fwalk.o)
                0x0800c26c                _fwalk_sglue
 .text.sprintf  0x0800c2a8       0x40 /opt/st/stm32cubeide_1.15.0/plugins/com.st.stm32cube.ide.mcu.externaltools.gnu-tools-for-stm32.12.3.rel1.linux64_1.0.100.202403111256/tools/bin/../lib/gcc/arm-none-eabi/12.3.1/../../../../arm-none-eabi/lib/thumb/v7-m/nofp/libc_nano.a(libc_a-sprintf.o)
                0x0800c2a8                sprintf
                0x0800c2a8                siprintf
 .text.__sread  0x0800c2e8       0x22 /opt/st/stm32cubeide_1.15.0/plugins/com.st.stm32cube.ide.mcu.externaltools.gnu-tools-for-stm32.12.3.rel1.linux64_1.0.100.202403111256/tools/bin/../lib/gcc/arm-none-eabi/12.3.1/../../../../arm-none-eabi/lib/thumb/v7-m/nofp/libc_nano.a(libc_a-stdio.o)
                0x0800c2e8                __sread
 .text.__swrite
                0x0800c30a       0x38 /opt/st/stm32cubeide_1.15.0/plugins/com.st.stm32cube.ide.mcu.externaltools.gnu-tools-for-stm32.12.3.rel1.linux64_1.0.100.202403111256/tools/bin/../lib/gcc/arm-none-eabi/12.3.1/../../../../arm-none-eabi/lib/thumb/v7-m/nofp/libc_nano.a(libc_a-stdio.o)
                0x0800c30a                __swrite
 .text.__sseek  0x0800c342       0x24 /opt/st/stm32cubeide_1.15.0/plugins/com.st.stm32cube.ide.mcu.externaltools.gnu-tools-for-stm32.12.3.rel1.linux64_1.0.100.202403111256/tools/bin/../lib/gcc/arm-none-eabi/12.3.1/../../../../arm-none-eabi/lib/thumb/v7-m/nofp/libc_nano.a(libc_a-stdio.o)
                0x0800c342                __sseek
 .text.__sclose
                0x0800c366        0x8 /opt/st/stm32cubeide_1.15.0/plugins/com.st.stm32cube.ide.mcu.externaltools.gnu-tools-for-stm32.12.3.rel1.linux64_1.0.100.202403111256/tools/bin/../lib/gcc/arm-none-eabi/12.3.1/../../../../arm-none-eabi/lib/thumb/v7-m/nofp/libc_nano.a(libc_a-stdio.o)
                0x0800c366                __sclose
 .text.memset   0x0800c36e       0x10 /opt/st/stm32cubeide_1.15.0/plugins/com.st.stm32cube.ide.mcu.externaltools.gnu-tools-for-stm32.12.3.rel1.linux64_1.0.100.202403111256/tools/bin/../lib/gcc/arm-none-eabi/12.3.1/../../../../arm-none-eabi/lib/thumb/v7-m/nofp/libc_nano.a(libc_a-memset.o)
                0x0800c36e                memset
 *fill*         0x0800c37e        0x2 
 .text._localeconv_r
                0x0800c380        0x8 /opt/st/stm32cubeide_1.15.0/plugins/com.st.stm32cube.ide.mcu.externaltools.gnu-tools-for-stm32.12.3.rel1.linux64_1.0.100.202403111256/tools/bin/../lib/gcc/arm-none-eabi/12.3.1/../../../../arm-none-eabi/lib/thumb/v7-m/nofp/libc_nano.a(libc_a-localeconv.o)
                0x0800c380                _localeconv_r
 .text._close_r
                0x0800c388       0x20 /opt/st/stm32cubeide_1.15.0/plugins/com.st.stm32cube.ide.mcu.externaltools.gnu-tools-for-stm32.12.3.rel1.linux64_1.0.100.202403111256/tools/bin/../lib/gcc/arm-none-eabi/12.3.1/../../../../arm-none-eabi/lib/thumb/v7-m/nofp/libc_nano.a(libc_a-closer.o)
                0x0800c388                _close_r
 .text._lseek_r
                0x0800c3a8       0x24 /opt/st/stm32cubeide_1.15.0/plugins/com.st.stm32cube.ide.mcu.externaltools.gnu-tools-for-stm32.12.3.rel1.linux64_1.0.100.202403111256/tools/bin/../lib/gcc/arm-none-eabi/12.3.1/../../../../arm-none-eabi/lib/thumb/v7-m/nofp/libc_nano.a(libc_a-lseekr.o)
                0x0800c3a8                _lseek_r
 .text._read_r  0x0800c3cc       0x24 /opt/st/stm32cubeide_1.15.0/plugins/com.st.stm32cube.ide.mcu.externaltools.gnu-tools-for-stm32.12.3.rel1.linux64_1.0.100.202403111256/tools/bin/../lib/gcc/arm-none-eabi/12.3.1/../../../../arm-none-eabi/lib/thumb/v7-m/nofp/libc_nano.a(libc_a-readr.o)
                0x0800c3cc                _read_r
 .text._write_r
                0x0800c3f0       0x24 /opt/st/stm32cubeide_1.15.0/plugins/com.st.stm32cube.ide.mcu.externaltools.gnu-tools-for-stm32.12.3.rel1.linux64_1.0.100.202403111256/tools/bin/../lib/gcc/arm-none-eabi/12.3.1/../../../../arm-none-eabi/lib/thumb/v7-m/nofp/libc_nano.a(libc_a-writer.o)
                0x0800c3f0                _write_r
 .text.__errno  0x0800c414        0xc /opt/st/stm32cubeide_1.15.0/plugins/com.st.stm32cube.ide.mcu.externaltools.gnu-tools-for-stm32.12.3.rel1.linux64_1.0.100.202403111256/tools/bin/../lib/gcc/arm-none-eabi/12.3.1/../../../../arm-none-eabi/lib/thumb/v7-m/nofp/libc_nano.a(libc_a-errno.o)
                0x0800c414                __errno
 .text.__libc_init_array
                0x0800c420       0x48 /opt/st/stm32cubeide_1.15.0/plugins/com.st.stm32cube.ide.mcu.externaltools.gnu-tools-for-stm32.12.3.rel1.linux64_1.0.100.202403111256/tools/bin/../lib/gcc/arm-none-eabi/12.3.1/../../../../arm-none-eabi/lib/thumb/v7-m/nofp/libc_nano.a(libc_a-init.o)
                0x0800c420                __libc_init_array
 .text.__retarget_lock_init_recursive
                0x0800c468        0x2 /opt/st/stm32cubeide_1.15.0/plugins/com.st.stm32cube.ide.mcu.externaltools.gnu-tools-for-stm32.12.3.rel1.linux64_1.0.100.202403111256/tools/bin/../lib/gcc/arm-none-eabi/12.3.1/../../../../arm-none-eabi/lib/thumb/v7-m/nofp/libc_nano.a(libc_a-lock.o)
                0x0800c468                __retarget_lock_init_recursive
 .text.__retarget_lock_acquire_recursive
                0x0800c46a        0x2 /opt/st/stm32cubeide_1.15.0/plugins/com.st.stm32cube.ide.mcu.externaltools.gnu-tools-for-stm32.12.3.rel1.linux64_1.0.100.202403111256/tools/bin/../lib/gcc/arm-none-eabi/12.3.1/../../../../arm-none-eabi/lib/thumb/v7-m/nofp/libc_nano.a(libc_a-lock.o)
                0x0800c46a                __retarget_lock_acquire_recursive
 .text.__retarget_lock_release_recursive
                0x0800c46c        0x2 /opt/st/stm32cubeide_1.15.0/plugins/com.st.stm32cube.ide.mcu.externaltools.gnu-tools-for-stm32.12.3.rel1.linux64_1.0.100.202403111256/tools/bin/../lib/gcc/arm-none-eabi/12.3.1/../../../../arm-none-eabi/lib/thumb/v7-m/nofp/libc_nano.a(libc_a-lock.o)
                0x0800c46c                __retarget_lock_release_recursive
 .text.memchr   0x0800c46e       0x1c /opt/st/stm32cubeide_1.15.0/plugins/com.st.stm32cube.ide.mcu.externaltools.gnu-tools-for-stm32.12.3.rel1.linux64_1.0.100.202403111256/tools/bin/../lib/gcc/arm-none-eabi/12.3.1/../../../../arm-none-eabi/lib/thumb/v7-m/nofp/libc_nano.a(libc_a-memchr-stub.o)
                0x0800c46e                memchr
 .text.memcpy   0x0800c48a       0x1c /opt/st/stm32cubeide_1.15.0/plugins/com.st.stm32cube.ide.mcu.externaltools.gnu-tools-for-stm32.12.3.rel1.linux64_1.0.100.202403111256/tools/bin/../lib/gcc/arm-none-eabi/12.3.1/../../../../arm-none-eabi/lib/thumb/v7-m/nofp/libc_nano.a(libc_a-memcpy-stub.o)
                0x0800c48a                memcpy
 .text.quorem   0x0800c4a6      0x110 /opt/st/stm32cubeide_1.15.0/plugins/com.st.stm32cube.ide.mcu.externaltools.gnu-tools-for-stm32.12.3.rel1.linux64_1.0.100.202403111256/tools/bin/../lib/gcc/arm-none-eabi/12.3.1/../../../../arm-none-eabi/lib/thumb/v7-m/nofp/libc_nano.a(libc_a-dtoa.o)
 *fill*         0x0800c5b6        0x2 
 .text._dtoa_r  0x0800c5b8      0xb90 /opt/st/stm32cubeide_1.15.0/plugins/com.st.stm32cube.ide.mcu.externaltools.gnu-tools-for-stm32.12.3.rel1.linux64_1.0.100.202403111256/tools/bin/../lib/gcc/arm-none-eabi/12.3.1/../../../../arm-none-eabi/lib/thumb/v7-m/nofp/libc_nano.a(libc_a-dtoa.o)
                0x0800c5b8                _dtoa_r
 .text._free_r  0x0800d148       0x90 /opt/st/stm32cubeide_1.15.0/plugins/com.st.stm32cube.ide.mcu.externaltools.gnu-tools-for-stm32.12.3.rel1.linux64_1.0.100.202403111256/tools/bin/../lib/gcc/arm-none-eabi/12.3.1/../../../../arm-none-eabi/lib/thumb/v7-m/nofp/libc_nano.a(libc_a-freer.o)
                0x0800d148                _free_r
 .text.malloc   0x0800d1d8       0x10 /opt/st/stm32cubeide_1.15.0/plugins/com.st.stm32cube.ide.mcu.externaltools.gnu-tools-for-stm32.12.3.rel1.linux64_1.0.100.202403111256/tools/bin/../lib/gcc/arm-none-eabi/12.3.1/../../../../arm-none-eabi/lib/thumb/v7-m/nofp/libc_nano.a(libc_a-malloc.o)
                0x0800d1d8                malloc
 .text.sbrk_aligned
                0x0800d1e8       0x44 /opt/st/stm32cubeide_1.15.0/plugins/com.st.stm32cube.ide.mcu.externaltools.gnu-tools-for-stm32.12.3.rel1.linux64_1.0.100.202403111256/tools/bin/../lib/gcc/arm-none-eabi/12.3.1/../../../../arm-none-eabi/lib/thumb/v7-m/nofp/libc_nano.a(libc_a-mallocr.o)
 .text._malloc_r
                0x0800d22c      0x100 /opt/st/stm32cubeide_1.15.0/plugins/com.st.stm32cube.ide.mcu.externaltools.gnu-tools-for-stm32.12.3.rel1.linux64_1.0.100.202403111256/tools/bin/../lib/gcc/arm-none-eabi/12.3.1/../../../../arm-none-eabi/lib/thumb/v7-m/nofp/libc_nano.a(libc_a-mallocr.o)
                0x0800d22c                _malloc_r
 .text.__malloc_lock
                0x0800d32c        0xc /opt/st/stm32cubeide_1.15.0/plugins/com.st.stm32cube.ide.mcu.externaltools.gnu-tools-for-stm32.12.3.rel1.linux64_1.0.100.202403111256/tools/bin/../lib/gcc/arm-none-eabi/12.3.1/../../../../arm-none-eabi/lib/thumb/v7-m/nofp/libc_nano.a(libc_a-mlock.o)
                0x0800d32c                __malloc_lock
 .text.__malloc_unlock
                0x0800d338        0xc /opt/st/stm32cubeide_1.15.0/plugins/com.st.stm32cube.ide.mcu.externaltools.gnu-tools-for-stm32.12.3.rel1.linux64_1.0.100.202403111256/tools/bin/../lib/gcc/arm-none-eabi/12.3.1/../../../../arm-none-eabi/lib/thumb/v7-m/nofp/libc_nano.a(libc_a-mlock.o)
                0x0800d338                __malloc_unlock
 .text._Balloc  0x0800d344       0x80 /opt/st/stm32cubeide_1.15.0/plugins/com.st.stm32cube.ide.mcu.externaltools.gnu-tools-for-stm32.12.3.rel1.linux64_1.0.100.202403111256/tools/bin/../lib/gcc/arm-none-eabi/12.3.1/../../../../arm-none-eabi/lib/thumb/v7-m/nofp/libc_nano.a(libc_a-mprec.o)
                0x0800d344                _Balloc
 .text._Bfree   0x0800d3c4       0x44 /opt/st/stm32cubeide_1.15.0/plugins/com.st.stm32cube.ide.mcu.externaltools.gnu-tools-for-stm32.12.3.rel1.linux64_1.0.100.202403111256/tools/bin/../lib/gcc/arm-none-eabi/12.3.1/../../../../arm-none-eabi/lib/thumb/v7-m/nofp/libc_nano.a(libc_a-mprec.o)
                0x0800d3c4                _Bfree
 .text.__multadd
                0x0800d408       0x8c /opt/st/stm32cubeide_1.15.0/plugins/com.st.stm32cube.ide.mcu.externaltools.gnu-tools-for-stm32.12.3.rel1.linux64_1.0.100.202403111256/tools/bin/../lib/gcc/arm-none-eabi/12.3.1/../../../../arm-none-eabi/lib/thumb/v7-m/nofp/libc_nano.a(libc_a-mprec.o)
                0x0800d408                __multadd
 .text.__hi0bits
                0x0800d494       0x3e /opt/st/stm32cubeide_1.15.0/plugins/com.st.stm32cube.ide.mcu.externaltools.gnu-tools-for-stm32.12.3.rel1.linux64_1.0.100.202403111256/tools/bin/../lib/gcc/arm-none-eabi/12.3.1/../../../../arm-none-eabi/lib/thumb/v7-m/nofp/libc_nano.a(libc_a-mprec.o)
                0x0800d494                __hi0bits
 .text.__lo0bits
                0x0800d4d2       0x5a /opt/st/stm32cubeide_1.15.0/plugins/com.st.stm32cube.ide.mcu.externaltools.gnu-tools-for-stm32.12.3.rel1.linux64_1.0.100.202403111256/tools/bin/../lib/gcc/arm-none-eabi/12.3.1/../../../../arm-none-eabi/lib/thumb/v7-m/nofp/libc_nano.a(libc_a-mprec.o)
                0x0800d4d2                __lo0bits
 .text.__i2b    0x0800d52c       0x2c /opt/st/stm32cubeide_1.15.0/plugins/com.st.stm32cube.ide.mcu.externaltools.gnu-tools-for-stm32.12.3.rel1.linux64_1.0.100.202403111256/tools/bin/../lib/gcc/arm-none-eabi/12.3.1/../../../../arm-none-eabi/lib/thumb/v7-m/nofp/libc_nano.a(libc_a-mprec.o)
                0x0800d52c                __i2b
 .text.__multiply
                0x0800d558      0x150 /opt/st/stm32cubeide_1.15.0/plugins/com.st.stm32cube.ide.mcu.externaltools.gnu-tools-for-stm32.12.3.rel1.linux64_1.0.100.202403111256/tools/bin/../lib/gcc/arm-none-eabi/12.3.1/../../../../arm-none-eabi/lib/thumb/v7-m/nofp/libc_nano.a(libc_a-mprec.o)
                0x0800d558                __multiply
 .text.__pow5mult
                0x0800d6a8       0xb4 /opt/st/stm32cubeide_1.15.0/plugins/com.st.stm32cube.ide.mcu.externaltools.gnu-tools-for-stm32.12.3.rel1.linux64_1.0.100.202403111256/tools/bin/../lib/gcc/arm-none-eabi/12.3.1/../../../../arm-none-eabi/lib/thumb/v7-m/nofp/libc_nano.a(libc_a-mprec.o)
                0x0800d6a8                __pow5mult
 .text.__lshift
                0x0800d75c       0xd8 /opt/st/stm32cubeide_1.15.0/plugins/com.st.stm32cube.ide.mcu.externaltools.gnu-tools-for-stm32.12.3.rel1.linux64_1.0.100.202403111256/tools/bin/../lib/gcc/arm-none-eabi/12.3.1/../../../../arm-none-eabi/lib/thumb/v7-m/nofp/libc_nano.a(libc_a-mprec.o)
                0x0800d75c                __lshift
 .text.__mcmp   0x0800d834       0x36 /opt/st/stm32cubeide_1.15.0/plugins/com.st.stm32cube.ide.mcu.externaltools.gnu-tools-for-stm32.12.3.rel1.linux64_1.0.100.202403111256/tools/bin/../lib/gcc/arm-none-eabi/12.3.1/../../../../arm-none-eabi/lib/thumb/v7-m/nofp/libc_nano.a(libc_a-mprec.o)
                0x0800d834                __mcmp
 *fill*         0x0800d86a        0x2 
 .text.__mdiff  0x0800d86c      0x128 /opt/st/stm32cubeide_1.15.0/plugins/com.st.stm32cube.ide.mcu.externaltools.gnu-tools-for-stm32.12.3.rel1.linux64_1.0.100.202403111256/tools/bin/../lib/gcc/arm-none-eabi/12.3.1/../../../../arm-none-eabi/lib/thumb/v7-m/nofp/libc_nano.a(libc_a-mprec.o)
                0x0800d86c                __mdiff
 .text.__d2b    0x0800d994       0xb0 /opt/st/stm32cubeide_1.15.0/plugins/com.st.stm32cube.ide.mcu.externaltools.gnu-tools-for-stm32.12.3.rel1.linux64_1.0.100.202403111256/tools/bin/../lib/gcc/arm-none-eabi/12.3.1/../../../../arm-none-eabi/lib/thumb/v7-m/nofp/libc_nano.a(libc_a-mprec.o)
                0x0800d994                __d2b
 .text._malloc_usable_size_r
                0x0800da44       0x10 /opt/st/stm32cubeide_1.15.0/plugins/com.st.stm32cube.ide.mcu.externaltools.gnu-tools-for-stm32.12.3.rel1.linux64_1.0.100.202403111256/tools/bin/../lib/gcc/arm-none-eabi/12.3.1/../../../../arm-none-eabi/lib/thumb/v7-m/nofp/libc_nano.a(libc_a-msizer.o)
                0x0800da44                _malloc_usable_size_r
 .text.__ssputs_r
                0x0800da54       0xb6 /opt/st/stm32cubeide_1.15.0/plugins/com.st.stm32cube.ide.mcu.externaltools.gnu-tools-for-stm32.12.3.rel1.linux64_1.0.100.202403111256/tools/bin/../lib/gcc/arm-none-eabi/12.3.1/../../../../arm-none-eabi/lib/thumb/v7-m/nofp/libc_nano.a(libc_a-nano-svfprintf.o)
                0x0800da54                __ssputs_r
 *fill*         0x0800db0a        0x2 
 .text._svfprintf_r
                0x0800db0c      0x1f8 /opt/st/stm32cubeide_1.15.0/plugins/com.st.stm32cube.ide.mcu.externaltools.gnu-tools-for-stm32.12.3.rel1.linux64_1.0.100.202403111256/tools/bin/../lib/gcc/arm-none-eabi/12.3.1/../../../../arm-none-eabi/lib/thumb/v7-m/nofp/libc_nano.a(libc_a-nano-svfprintf.o)
                0x0800db0c                _svfprintf_r
                0x0800db0c                _svfiprintf_r
 .text.__sflush_r
                0x0800dd04      0x100 /opt/st/stm32cubeide_1.15.0/plugins/com.st.stm32cube.ide.mcu.externaltools.gnu-tools-for-stm32.12.3.rel1.linux64_1.0.100.202403111256/tools/bin/../lib/gcc/arm-none-eabi/12.3.1/../../../../arm-none-eabi/lib/thumb/v7-m/nofp/libc_nano.a(libc_a-fflush.o)
                0x0800dd04                __sflush_r
 .text._fflush_r
                0x0800de04       0x50 /opt/st/stm32cubeide_1.15.0/plugins/com.st.stm32cube.ide.mcu.externaltools.gnu-tools-for-stm32.12.3.rel1.linux64_1.0.100.202403111256/tools/bin/../lib/gcc/arm-none-eabi/12.3.1/../../../../arm-none-eabi/lib/thumb/v7-m/nofp/libc_nano.a(libc_a-fflush.o)
                0x0800de04                _fflush_r
 .text.memmove  0x0800de54       0x34 /opt/st/stm32cubeide_1.15.0/plugins/com.st.stm32cube.ide.mcu.externaltools.gnu-tools-for-stm32.12.3.rel1.linux64_1.0.100.202403111256/tools/bin/../lib/gcc/arm-none-eabi/12.3.1/../../../../arm-none-eabi/lib/thumb/v7-m/nofp/libc_nano.a(libc_a-memmove.o)
                0x0800de54                memmove
 .text._sbrk_r  0x0800de88       0x20 /opt/st/stm32cubeide_1.15.0/plugins/com.st.stm32cube.ide.mcu.externaltools.gnu-tools-for-stm32.12.3.rel1.linux64_1.0.100.202403111256/tools/bin/../lib/gcc/arm-none-eabi/12.3.1/../../../../arm-none-eabi/lib/thumb/v7-m/nofp/libc_nano.a(libc_a-sbrkr.o)
                0x0800de88                _sbrk_r
 .text.__assert_func
                0x0800dea8       0x3c /opt/st/stm32cubeide_1.15.0/plugins/com.st.stm32cube.ide.mcu.externaltools.gnu-tools-for-stm32.12.3.rel1.linux64_1.0.100.202403111256/tools/bin/../lib/gcc/arm-none-eabi/12.3.1/../../../../arm-none-eabi/lib/thumb/v7-m/nofp/libc_nano.a(libc_a-assert.o)
                0x0800dea8                __assert_func
 .text._calloc_r
                0x0800dee4       0x28 /opt/st/stm32cubeide_1.15.0/plugins/com.st.stm32cube.ide.mcu.externaltools.gnu-tools-for-stm32.12.3.rel1.linux64_1.0.100.202403111256/tools/bin/../lib/gcc/arm-none-eabi/12.3.1/../../../../arm-none-eabi/lib/thumb/v7-m/nofp/libc_nano.a(libc_a-callocr.o)
                0x0800dee4                _calloc_r
 .text.__ascii_mbtowc
                0x0800df0c       0x24 /opt/st/stm32cubeide_1.15.0/plugins/com.st.stm32cube.ide.mcu.externaltools.gnu-tools-for-stm32.12.3.rel1.linux64_1.0.100.202403111256/tools/bin/../lib/gcc/arm-none-eabi/12.3.1/../../../../arm-none-eabi/lib/thumb/v7-m/nofp/libc_nano.a(libc_a-mbtowc_r.o)
                0x0800df0c                __ascii_mbtowc
 .text.__ascii_wctomb
                0x0800df30       0x1a /opt/st/stm32cubeide_1.15.0/plugins/com.st.stm32cube.ide.mcu.externaltools.gnu-tools-for-stm32.12.3.rel1.linux64_1.0.100.202403111256/tools/bin/../lib/gcc/arm-none-eabi/12.3.1/../../../../arm-none-eabi/lib/thumb/v7-m/nofp/libc_nano.a(libc_a-wctomb_r.o)
                0x0800df30                __ascii_wctomb
 *fill*         0x0800df4a        0x2 
 .text.fprintf  0x0800df4c       0x24 /opt/st/stm32cubeide_1.15.0/plugins/com.st.stm32cube.ide.mcu.externaltools.gnu-tools-for-stm32.12.3.rel1.linux64_1.0.100.202403111256/tools/bin/../lib/gcc/arm-none-eabi/12.3.1/../../../../arm-none-eabi/lib/thumb/v7-m/nofp/libc_nano.a(libc_a-fprintf.o)
                0x0800df4c                fprintf
                0x0800df4c                fiprintf
 .text.abort    0x0800df70        0xe /opt/st/stm32cubeide_1.15.0/plugins/com.st.stm32cube.ide.mcu.externaltools.gnu-tools-for-stm32.12.3.rel1.linux64_1.0.100.202403111256/tools/bin/../lib/gcc/arm-none-eabi/12.3.1/../../../../arm-none-eabi/lib/thumb/v7-m/nofp/libc_nano.a(libc_a-abort.o)
                0x0800df70                abort
 .text.__sfputc_r
                0x0800df7e       0x2a /opt/st/stm32cubeide_1.15.0/plugins/com.st.stm32cube.ide.mcu.externaltools.gnu-tools-for-stm32.12.3.rel1.linux64_1.0.100.202403111256/tools/bin/../lib/gcc/arm-none-eabi/12.3.1/../../../../arm-none-eabi/lib/thumb/v7-m/nofp/libc_nano.a(libc_a-nano-vfprintf.o)
 .text.__sfputs_r
                0x0800dfa8       0x24 /opt/st/stm32cubeide_1.15.0/plugins/com.st.stm32cube.ide.mcu.externaltools.gnu-tools-for-stm32.12.3.rel1.linux64_1.0.100.202403111256/tools/bin/../lib/gcc/arm-none-eabi/12.3.1/../../../../arm-none-eabi/lib/thumb/v7-m/nofp/libc_nano.a(libc_a-nano-vfprintf.o)
                0x0800dfa8                __sfputs_r
 .text._vfprintf_r