Archive member included to satisfy reference by file (symbol)

/opt/st/stm32cubeide_1.15.0/plugins/com.st.stm32cube.ide.mcu.externaltools.gnu-tools-for-stm32.12.3.rel1.linux64_1.0.100.202403111256/tools/bin/../lib/gcc/arm-none-eabi/12.3.1/../../../../arm-none-eabi/lib/thumb/v7-m/nofp/libstdc++_nano.a(del_opv.o)
                              ./Core/Src/mainpp.o (operator delete[](void*))
/opt/st/stm32cubeide_1.15.0/plugins/com.st.stm32cube.ide.mcu.externaltools.gnu-tools-for-stm32.12.3.rel1.linux64_1.0.100.202403111256/tools/bin/../lib/gcc/arm-none-eabi/12.3.1/../../../../arm-none-eabi/lib/thumb/v7-m/nofp/libstdc++_nano.a(new_opv.o)
                              ./Core/Src/mainpp.o (operator new[](unsigned int))
/opt/st/stm32cubeide_1.15.0/plugins/com.st.stm32cube.ide.mcu.externaltools.gnu-tools-for-stm32.12.3.rel1.linux64_1.0.100.202403111256/tools/bin/../lib/gcc/arm-none-eabi/12.3.1/../../../../arm-none-eabi/lib/thumb/v7-m/nofp/libstdc++_nano.a(del_op.o)
                              /opt/st/stm32cubeide_1.15.0/plugins/com.st.stm32cube.ide.mcu.externaltools.gnu-tools-for-stm32.12.3.rel1.linux64_1.0.100.202403111256/tools/bin/../lib/gcc/arm-none-eabi/12.3.1/../../../../arm-none-eabi/lib/thumb/v7-m/nofp/libstdc++_nano.a(del_opv.o) (operator delete(void*))
/opt/st/stm32cubeide_1.15.0/plugins/com.st.stm32cube.ide.mcu.externaltools.gnu-tools-for-stm32.12.3.rel1.linux64_1.0.100.202403111256/tools/bin/../lib/gcc/arm-none-eabi/12.3.1/../../../../arm-none-eabi/lib/thumb/v7-m/nofp/libstdc++_nano.a(new_op.o)
                              /opt/st/stm32cubeide_1.15.0/plugins/com.st.stm32cube.ide.mcu.externaltools.gnu-tools-for-stm32.12.3.rel1.linux64_1.0.100.202403111256/tools/bin/../lib/gcc/arm-none-eabi/12.3.1/../../../../arm-none-eabi/lib/thumb/v7-m/nofp/libstdc++_nano.a(new_opv.o) (operator new(unsigned int))
/opt/st/stm32cubeide_1.15.0/plugins/com.st.stm32cube.ide.mcu.externaltools.gnu-tools-for-stm32.12.3.rel1.linux64_1.0.100.202403111256/tools/bin/../lib/gcc/arm-none-eabi/12.3.1/../../../../arm-none-eabi/lib/thumb/v7-m/nofp/libstdc++_nano.a(new_handler.o)
                              /opt/st/stm32cubeide_1.15.0/plugins/com.st.stm32cube.ide.mcu.externaltools.gnu-tools-for-stm32.12.3.rel1.linux64_1.0.100.202403111256/tools/bin/../lib/gcc/arm-none-eabi/12.3.1/../../../../arm-none-eabi/lib/thumb/v7-m/nofp/libstdc++_nano.a(new_op.o) (std::get_new_handler())
/opt/st/stm32cubeide_1.15.0/plugins/com.st.stm32cube.ide.mcu.externaltools.gnu-tools-for-stm32.12.3.rel1.linux64_1.0.100.202403111256/tools/bin/../lib/gcc/arm-none-eabi/12.3.1/../../../../arm-none-eabi/lib/thumb/v7-m/nofp/libm.a(libm_a-w_pow.o)
                              ./ECUAL/motor_driver/motor_driver.o (pow)
/opt/st/stm32cubeide_1.15.0/plugins/com.st.stm32cube.ide.mcu.externaltools.gnu-tools-for-stm32.12.3.rel1.linux64_1.0.100.202403111256/tools/bin/../lib/gcc/arm-none-eabi/12.3.1/../../../../arm-none-eabi/lib/thumb/v7-m/nofp/libm.a(libm_a-s_finite.o)
                              /opt/st/stm32cubeide_1.15.0/plugins/com.st.stm32cube.ide.mcu.externaltools.gnu-tools-for-stm32.12.3.rel1.linux64_1.0.100.202403111256/tools/bin/../lib/gcc/arm-none-eabi/12.3.1/../../../../arm-none-eabi/lib/thumb/v7-m/nofp/libm.a(libm_a-w_pow.o) (finite)
/opt/st/stm32cubeide_1.15.0/plugins/com.st.stm32cube.ide.mcu.externaltools.gnu-tools-for-stm32.12.3.rel1.linux64_1.0.100.202403111256/tools/bin/../lib/gcc/arm-none-eabi/12.3.1/../../../../arm-none-eabi/lib/thumb/v7-m/nofp/libm.a(libm_a-sf_round.o)
                              ./Core/Src/mainpp.o (roundf)
/opt/st/stm32cubeide_1.15.0/plugins/com.st.stm32cube.ide.mcu.externaltools.gnu-tools-for-stm32.12.3.rel1.linux64_1.0.100.202403111256/tools/bin/../lib/gcc/arm-none-eabi/12.3.1/../../../../arm-none-eabi/lib/thumb/v7-m/nofp/libm.a(libm_a-e_pow.o)
                              /opt/st/stm32cubeide_1.15.0/plugins/com.st.stm32cube.ide.mcu.externaltools.gnu-tools-for-stm32.12.3.rel1.linux64_1.0.100.202403111256/tools/bin/../lib/gcc/arm-none-eabi/12.3.1/../../../../arm-none-eabi/lib/thumb/v7-m/nofp/libm.a(libm_a-w_pow.o) (__ieee754_pow)
/opt/st/stm32cubeide_1.15.0/plugins/com.st.stm32cube.ide.mcu.externaltools.gnu-tools-for-stm32.12.3.rel1.linux64_1.0.100.202403111256/tools/bin/../lib/gcc/arm-none-eabi/12.3.1/../../../../arm-none-eabi/lib/thumb/v7-m/nofp/libm.a(libm_a-s_fabs.o)
                              /opt/st/stm32cubeide_1.15.0/plugins/com.st.stm32cube.ide.mcu.externaltools.gnu-tools-for-stm32.12.3.rel1.linux64_1.0.100.202403111256/tools/bin/../lib/gcc/arm-none-eabi/12.3.1/../../../../arm-none-eabi/lib/thumb/v7-m/nofp/libm.a(libm_a-e_pow.o) (fabs)
/opt/st/stm32cubeide_1.15.0/plugins/com.st.stm32cube.ide.mcu.externaltools.gnu-tools-for-stm32.12.3.rel1.linux64_1.0.100.202403111256/tools/bin/../lib/gcc/arm-none-eabi/12.3.1/../../../../arm-none-eabi/lib/thumb/v7-m/nofp/libm.a(libm_a-s_scalbn.o)
[...]
Memory Configuration

Name             Origin             Length             Attributes
RAM              0x20000000         0x00005000         xrw
FLASH            0x08000000         0x00010000         xr
*default*        0x00000000         0xffffffff

Linker script and memory map

LOAD /opt/st/stm32cubeide_1.15.0/plugins/com.st.stm32cube.ide.mcu.externaltools.gnu-tools-for-stm32.12.3.rel1.linux64_1.0.100.202403111256/tools/bin/../lib/gcc/arm-none-eabi/12.3.1/thumb/v7-m/nofp/crti.o
LOAD /opt/st/stm32cubeide_1.15.0/plugins/com.st.stm32cube.ide.mcu.externaltools.gnu-tools-for-stm32.12.3.rel1.linux64_1.0.100.202403111256/tools/bin/../lib/gcc/arm-none-eabi/12.3.1/thumb/v7-m/nofp/crtbegin.o
LOAD /opt/st/stm32cubeide_1.15.0/plugins/com.st.stm32cube.ide.mcu.externaltools.gnu-tools-for-stm32.12.3.rel1.linux64_1.0.100.202403111256/tools/bin/../lib/gcc/arm-none-eabi/12.3.1/../../../../arm-none-eabi/lib/thumb/v7-m/nofp/crt0.o
LOAD ./Core/Src/dma.o
LOAD ./Core/Src/freertos.o
LOAD ./Core/Src/gpio.o
LOAD ./Core/Src/main.o
LOAD ./Core/Src/mainpp.o
LOAD ./Core/Src/stm32f1xx_hal_msp.o
LOAD ./Core/Src/stm32f1xx_hal_timebase_tim.o
LOAD ./Core/Src/stm32f1xx_it.o
LOAD ./Core/Src/syscalls.o
LOAD ./Core/Src/sysmem.o
LOAD ./Core/Src/system_stm32f1xx.o
LOAD ./Core/Src/tim.o
LOAD ./Core/Src/time.o
LOAD ./Core/Src/usart.o
LOAD ./Core/Startup/startup_stm32f103c8tx.o
LOAD ./Drivers/STM32F1xx_HAL_Driver/Src/stm32f1xx_hal.o
LOAD ./Drivers/STM32F1xx_HAL_Driver/Src/stm32f1xx_hal_cortex.o
LOAD ./Drivers/STM32F1xx_HAL_Driver/Src/stm32f1xx_hal_dma.o
LOAD ./Drivers/STM32F1xx_HAL_Driver/Src/stm32f1xx_hal_exti.o
LOAD ./Drivers/STM32F1xx_HAL_Driver/Src/stm32f1xx_hal_flash.o
LOAD ./Drivers/STM32F1xx_HAL_Driver/Src/stm32f1xx_hal_flash_ex.o
LOAD ./Drivers/STM32F1xx_HAL_Driver/Src/stm32f1xx_hal_gpio.o
LOAD ./Drivers/STM32F1xx_HAL_Driver/Src/stm32f1xx_hal_gpio_ex.o
LOAD ./Drivers/STM32F1xx_HAL_Driver/Src/stm32f1xx_hal_pwr.o
LOAD ./Drivers/STM32F1xx_HAL_Driver/Src/stm32f1xx_hal_rcc.o
LOAD ./Drivers/STM32F1xx_HAL_Driver/Src/stm32f1xx_hal_rcc_ex.o
LOAD ./Drivers/STM32F1xx_HAL_Driver/Src/stm32f1xx_hal_tim.o
LOAD ./Drivers/STM32F1xx_HAL_Driver/Src/stm32f1xx_hal_tim_ex.o
LOAD ./Drivers/STM32F1xx_HAL_Driver/Src/stm32f1xx_hal_uart.o
LOAD ./ECUAL/motor_driver/motor_driver.o
LOAD ./ECUAL/motor_speed/motor_speed.o
LOAD ./ECUAL/pid/pid_v1.o
LOAD ./Middlewares/Third_Party/FreeRTOS/Source/CMSIS_RTOS/cmsis_os.o
LOAD ./Middlewares/Third_Party/FreeRTOS/Source/croutine.o
LOAD ./Middlewares/Third_Party/FreeRTOS/Source/event_groups.o
LOAD ./Middlewares/Third_Party/FreeRTOS/Source/list.o
LOAD ./Middlewares/Third_Party/FreeRTOS/Source/queue.o
LOAD ./Middlewares/Third_Party/FreeRTOS/Source/stream_buffer.o
LOAD ./Middlewares/Third_Party/FreeRTOS/Source/tasks.o
LOAD ./Middlewares/Third_Party/FreeRTOS/Source/timers.o
LOAD ./Middlewares/Third_Party/FreeRTOS/Source/portable/GCC/ARM_CM3/port.o
LOAD ./Middlewares/Third_Party/FreeRTOS/Source/portable/MemMang/heap_4.o
START GROUP
LOAD /opt/st/stm32cubeide_1.15.0/plugins/com.st.stm32cube.ide.mcu.externaltools.gnu-tools-for-stm32.12.3.rel1.linux64_1.0.100.202403111256/tools/bin/../lib/gcc/arm-none-eabi/12.3.1/../../../../arm-none-eabi/lib/thumb/v7-m/nofp/libstdc++_nano.a
LOAD /opt/st/stm32cubeide_1.15.0/plugins/com.st.stm32cube.ide.mcu.externaltools.gnu-tools-for-stm32.12.3.rel1.linux64_1.0.100.202403111256/tools/bin/../lib/gcc/arm-none-eabi/12.3.1/../../../../arm-none-eabi/lib/thumb/v7-m/nofp/libsupc++_nano.a
END GROUP
LOAD /opt/st/stm32cubeide_1.15.0/plugins/com.st.stm32cube.ide.mcu.externaltools.gnu-tools-for-stm32.12.3.rel1.linux64_1.0.100.202403111256/tools/bin/../lib/gcc/arm-none-eabi/12.3.1/../../../../arm-none-eabi/lib/thumb/v7-m/nofp/libstdc++_nano.a
LOAD /opt/st/stm32cubeide_1.15.0/plugins/com.st.stm32cube.ide.mcu.externaltools.gnu-tools-for-stm32.12.3.rel1.linux64_1.0.100.202403111256/tools/bin/../lib/gcc/arm-none-eabi/12.3.1/../../../../arm-none-eabi/lib/thumb/v7-m/nofp/libm.a
LOAD /opt/st/stm32cubeide_1.15.0/plugins/com.st.stm32cube.ide.mcu.externaltools.gnu-tools-for-stm32.12.3.rel1.linux64_1.0.100.202403111256/tools/bin/../lib/gcc/arm-none-eabi/12.3.1/../../../../arm-none-eabi/lib/thumb/v7-m/nofp/libc_nano.a
START GROUP
LOAD /opt/st/stm32cubeide_1.15.0/plugins/com.st.stm32cube.ide.mcu.externaltools.gnu-tools-for-stm32.12.3.rel1.linux64_1.0.100.202403111256/tools/bin/../lib/gcc/arm-none-eabi/12.3.1/thumb/v7-m/nofp/libgcc.a
LOAD /opt/st/stm32cubeide_1.15.0/plugins/com.st.stm32cube.ide.mcu.externaltools.gnu-tools-for-stm32.12.3.rel1.linux64_1.0.100.202403111256/tools/bin/../lib/gcc/arm-none-eabi/12.3.1/../../../../arm-none-eabi/lib/thumb/v7-m/nofp/libc_nano.a
END GROUP
START GROUP
LOAD /opt/st/stm32cubeide_1.15.0/plugins/com.st.stm32cube.ide.mcu.externaltools.gnu-tools-for-stm32.12.3.rel1.linux64_1.0.100.202403111256/tools/bin/../lib/gcc/arm-none-eabi/12.3.1/thumb/v7-m/nofp/libgcc.a
LOAD /opt/st/stm32cubeide_1.15.0/plugins/com.st.stm32cube.ide.mcu.externaltools.gnu-tools-for-stm32.12.3.rel1.linux64_1.0.100.202403111256/tools/bin/../lib/gcc/arm-none-eabi/12.3.1/../../../../arm-none-eabi/lib/thumb/v7-m/nofp/libc_nano.a
LOAD /opt/st/stm32cubeide_1.15.0/plugins/com.st.stm32cube.ide.mcu.externaltools.gnu-tools-for-stm32.12.3.rel1.linux64_1.0.100.202403111256/tools/bin/../lib/gcc/arm-none-eabi/12.3.1/../../../../arm-none-eabi/lib/thumb/v7-m/nofp/libnosys.a
END GROUP
START GROUP
LOAD /opt/st/stm32cubeide_1.15.0/plugins/com.st.stm32cube.ide.mcu.externaltools.gnu-tools-for-stm32.12.3.rel1.linux64_1.0.100.202403111256/tools/bin/../lib/gcc/arm-none-eabi/12.3.1/thumb/v7-m/nofp/libgcc.a
LOAD /opt/st/stm32cubeide_1.15.0/plugins/com.st.stm32cube.ide.mcu.externaltools.gnu-tools-for-stm32.12.3.rel1.linux64_1.0.100.202403111256/tools/bin/../lib/gcc/arm-none-eabi/12.3.1/../../../../arm-none-eabi/lib/thumb/v7-m/nofp/libc_nano.a
LOAD /opt/st/stm32cubeide_1.15.0/plugins/com.st.stm32cube.ide.mcu.externaltools.gnu-tools-for-stm32.12.3.rel1.linux64_1.0.100.202403111256/tools/bin/../lib/gcc/arm-none-eabi/12.3.1/../../../../arm-none-eabi/lib/thumb/v7-m/nofp/libnosys.a
END GROUP
LOAD /opt/st/stm32cubeide_1.15.0/plugins/com.st.stm32cube.ide.mcu.externaltools.gnu-tools-for-stm32.12.3.rel1.linux64_1.0.100.202403111256/tools/bin/../lib/gcc/arm-none-eabi/12.3.1/thumb/v7-m/nofp/crtend.o
LOAD /opt/st/stm32cubeide_1.15.0/plugins/com.st.stm32cube.ide.mcu.externaltools.gnu-tools-for-stm32.12.3.rel1.linux64_1.0.100.202403111256/tools/bin/../lib/gcc/arm-none-eabi/12.3.1/thumb/v7-m/nofp/crtn.o
                0x20005000                        _estack = (ORIGIN (RAM) + LENGTH (RAM))
                0x00000200                        _Min_Heap_Size = 0x200
                0x00000400                        _Min_Stack_Size = 0x400

.isr_vector     0x08000000      0x10c
                0x08000000                        . = ALIGN (0x4)
 *(.isr_vector)
 .isr_vector    0x08000000      0x10c ./Core/Startup/startup_stm32f103c8tx.o
                0x08000000                g_pfnVectors
                0x0800010c                        . = ALIGN (0x4)

.text           0x08000110     0xe1e4
                0x08000110                        . = ALIGN (0x4)
 *(.text)
 .text          0x08000110       0x40 /opt/st/stm32cubeide_1.15.0/plugins/com.st.stm32cube.ide.mcu.externaltools.gnu-tools-for-stm32.12.3.rel1.linux64_1.0.100.202403111256/tools/bin/../lib/gcc/arm-none-eabi/12.3.1/thumb/v7-m/nofp/crtbegin.o
 .text          0x08000150       0x10 /opt/st/stm32cubeide_1.15.0/plugins/com.st.stm32cube.ide.mcu.externaltools.gnu-tools-for-stm32.12.3.rel1.linux64_1.0.100.202403111256/tools/bin/../lib/gcc/arm-none-eabi/12.3.1/../../../../arm-none-eabi/lib/thumb/v7-m/nofp/libc_nano.a(libc_a-strlen.o)
                0x08000150                strlen
 .text          0x08000160      0x378 /opt/st/stm32cubeide_1.15.0/plugins/com.st.stm32cube.ide.mcu.externaltools.gnu-tools-for-stm32.12.3.rel1.linux64_1.0.100.202403111256/tools/bin/../lib/gcc/arm-none-eabi/12.3.1/thumb/v7-m/nofp/libgcc.a(_arm_addsubdf3.o)
                0x08000160                __aeabi_drsub
                0x08000168                __aeabi_dsub
                0x08000168                __subdf3
                0x0800016c                __adddf3
                0x0800016c                __aeabi_dadd
                0x080003e4                __aeabi_ui2d
                0x080003e4                __floatunsidf
                0x08000404                __floatsidf
                0x08000404                __aeabi_i2d
                0x08000428                __extendsfdf2
                0x08000428                __aeabi_f2d
                0x0800046c                __aeabi_ul2d
                0x0800046c                __floatundidf
                0x0800047c                __floatdidf
                0x0800047c                __aeabi_l2d
 .text          0x080004d8      0x424 /opt/st/stm32cubeide_1.15.0/plugins/com.st.stm32cube.ide.mcu.externaltools.gnu-tools-for-stm32.12.3.rel1.linux64_1.0.100.202403111256/tools/bin/../lib/gcc/arm-none-eabi/12.3.1/thumb/v7-m/nofp/libgcc.a(_arm_muldivdf3.o)
                0x080004d8                __aeabi_dmul
                0x080004d8                __muldf3
                0x0800072c                __aeabi_ddiv
                0x0800072c                __divdf3
 .text          0x080008fc      0x110 /opt/st/stm32cubeide_1.15.0/plugins/com.st.stm32cube.ide.mcu.externaltools.gnu-tools-for-stm32.12.3.rel1.linux64_1.0.100.202403111256/tools/bin/../lib/gcc/arm-none-eabi/12.3.1/thumb/v7-m/nofp/libgcc.a(_arm_cmpdf2.o)
                0x080008fc                __gtdf2
                0x080008fc                __gedf2
                0x08000904                __ltdf2
                0x08000904                __ledf2
                0x0800090c                __cmpdf2
                0x0800090c                __eqdf2
                0x0800090c                __nedf2
                0x08000988                __aeabi_cdrcmple
                0x08000998                __aeabi_cdcmple
                0x08000998                __aeabi_cdcmpeq
                0x080009a8                __aeabi_dcmpeq
                0x080009bc                __aeabi_dcmplt
                0x080009d0                __aeabi_dcmple
                0x080009e4                __aeabi_dcmpge
                0x080009f8                __aeabi_dcmpgt
 .text          0x08000a0c       0x2c /opt/st/stm32cubeide_1.15.0/plugins/com.st.stm32cube.ide.mcu.externaltools.gnu-tools-for-stm32.12.3.rel1.linux64_1.0.100.202403111256/tools/bin/../lib/gcc/arm-none-eabi/12.3.1/thumb/v7-m/nofp/libgcc.a(_arm_unorddf2.o)
                0x08000a0c                __aeabi_dcmpun
                0x08000a0c                __unorddf2
 .text          0x08000a38       0x50 /opt/st/stm32cubeide_1.15.0/plugins/com.st.stm32cube.ide.mcu.externaltools.gnu-tools-for-stm32.12.3.rel1.linux64_1.0.100.202403111256/tools/bin/../lib/gcc/arm-none-eabi/12.3.1/thumb/v7-m/nofp/libgcc.a(_arm_fixdfsi.o)
                0x08000a38                __fixdfsi
                0x08000a38                __aeabi_d2iz
 .text          0x08000a88       0x40 /opt/st/stm32cubeide_1.15.0/plugins/com.st.stm32cube.ide.mcu.externaltools.gnu-tools-for-stm32.12.3.rel1.linux64_1.0.100.202403111256/tools/bin/../lib/gcc/arm-none-eabi/12.3.1/thumb/v7-m/nofp/libgcc.a(_arm_fixunsdfsi.o)
                0x08000a88                __fixunsdfsi
                0x08000a88                __aeabi_d2uiz
 .text          0x08000ac8       0xa0 /opt/st/stm32cubeide_1.15.0/plugins/com.st.stm32cube.ide.mcu.externaltools.gnu-tools-for-stm32.12.3.rel1.linux64_1.0.100.202403111256/tools/bin/../lib/gcc/arm-none-eabi/12.3.1/thumb/v7-m/nofp/libgcc.a(_arm_truncdfsf2.o)
                0x08000ac8                __aeabi_d2f
                0x08000ac8                __truncdfsf2
 .text          0x08000b68      0x21c /opt/st/stm32cubeide_1.15.0/plugins/com.st.stm32cube.ide.mcu.externaltools.gnu-tools-for-stm32.12.3.rel1.linux64_1.0.100.202403111256/tools/bin/../lib/gcc/arm-none-eabi/12.3.1/thumb/v7-m/nofp/libgcc.a(_arm_addsubsf3.o)
                0x08000b68                __aeabi_frsub
                0x08000b70                __subsf3
                0x08000b70                __aeabi_fsub
                0x08000b74                __aeabi_fadd
                0x08000b74                __addsf3
                0x08000cd4                __aeabi_ui2f
                0x08000cd4                __floatunsisf
                0x08000cdc                __aeabi_i2f
                0x08000cdc                __floatsisf
                0x08000cf8                __floatundisf
                0x08000cf8                __aeabi_ul2f
                0x08000d08                __floatdisf
                0x08000d08                __aeabi_l2f
 *(.text*)
 .text.MX_DMA_Init
                0x08000d84       0x4c ./Core/Src/dma.o
                0x08000d84                MX_DMA_Init
 .text.vApplicationGetIdleTaskMemory
                0x08000dd0       0x30 ./Core/Src/freertos.o
                0x08000dd0                vApplicationGetIdleTaskMemory
 .text.vApplicationGetTimerTaskMemory
                0x08000e00       0x34 ./Core/Src/freertos.o
                0x08000e00                vApplicationGetTimerTaskMemory
 .text.MX_FREERTOS_Init
                0x08000e34       0x80 ./Core/Src/freertos.o
                0x08000e34                MX_FREERTOS_Init
 .text.StartDefaultTask
                0x08000eb4       0x30 ./Core/Src/freertos.o
                0x08000eb4                StartDefaultTask
 .text.Callback01
                0x08000ee4      0x168 ./Core/Src/freertos.o
                0x08000ee4                Callback01
 .text.Callback02
                0x0800104c       0x14 ./Core/Src/freertos.o
                0x0800104c                Callback02
 .text.MX_GPIO_Init
                0x08001060       0xdc ./Core/Src/gpio.o
                0x08001060                MX_GPIO_Init
 *fill*         0x0800113c        0x4 
 .text.main     0x08001140      0x184 ./Core/Src/main.o
                0x08001140                main
 .text.SystemClock_Config
                0x080012c4       0x8a ./Core/Src/main.o
                0x080012c4                SystemClock_Config
 *fill*         0x0800134e        0x2 
 .text.HAL_TIM_PeriodElapsedCallback
                0x08001350       0x24 ./Core/Src/main.o
                0x08001350                HAL_TIM_PeriodElapsedCallback
 .text.Error_Handler
                0x08001374        0xc ./Core/Src/main.o
                0x08001374                Error_Handler
 .text._ZN3ros4TimeC2Ev
                0x08001380       0x20 ./Core/Src/mainpp.o
                0x08001380                ros::Time::Time()
                0x08001380                ros::Time::Time()
 .text._ZN3ros3MsgC2Ev
                0x080013a0       0x20 ./Core/Src/mainpp.o
                0x080013a0                ros::Msg::Msg()
                0x080013a0                ros::Msg::Msg()
 .text._ZN8std_msgs4TimeC2Ev
                0x080013c0       0x30 ./Core/Src/mainpp.o
                0x080013c0                std_msgs::Time::Time()
                0x080013c0                std_msgs::Time::Time()
 .text._ZNK8std_msgs4Time9serializeEPh
                0x080013f0       0xae ./Core/Src/mainpp.o
                0x080013f0                std_msgs::Time::serialize(unsigned char*) const
 .text._ZN8std_msgs4Time11deserializeEPh
                0x0800149e       0xc6 ./Core/Src/mainpp.o
                0x0800149e                std_msgs::Time::deserialize(unsigned char*)
 .text._ZN8std_msgs4Time7getTypeEv
                0x08001564       0x18 ./Core/Src/mainpp.o
                0x08001564                std_msgs::Time::getType()
 .text._ZN8std_msgs4Time6getMD5Ev
                0x0800157c       0x18 ./Core/Src/mainpp.o
                0x0800157c                std_msgs::Time::getMD5()
 .text._ZN14rosserial_msgs9TopicInfoC2Ev
                0x08001594       0x48 ./Core/Src/mainpp.o
                0x08001594                rosserial_msgs::TopicInfo::TopicInfo()
                0x08001594                rosserial_msgs::TopicInfo::TopicInfo()
 .text._ZNK14rosserial_msgs9TopicInfo9serializeEPh
                0x080015dc      0x136 ./Core/Src/mainpp.o
                0x080015dc                rosserial_msgs::TopicInfo::serialize(unsigned char*) const
 .text._ZN14rosserial_msgs9TopicInfo11deserializeEPh
                0x08001712      0x1d0 ./Core/Src/mainpp.o
                0x08001712                rosserial_msgs::TopicInfo::deserialize(unsigned char*)
 *fill*         0x080018e2        0x2 
 .text._ZN14rosserial_msgs9TopicInfo7getTypeEv
                0x080018e4       0x18 ./Core/Src/mainpp.o
                0x080018e4                rosserial_msgs::TopicInfo::getType()
 .text._ZN14rosserial_msgs9TopicInfo6getMD5Ev
                0x080018fc       0x18 ./Core/Src/mainpp.o
                0x080018fc                rosserial_msgs::TopicInfo::getMD5()
 .text._ZN14rosserial_msgs3LogC2Ev
                0x08001914       0x34 ./Core/Src/mainpp.o
                0x08001914                rosserial_msgs::Log::Log()
                0x08001914                rosserial_msgs::Log::Log()
 .text._ZNK14rosserial_msgs3Log9serializeEPh
                0x08001948       0x64 ./Core/Src/mainpp.o
                0x08001948                rosserial_msgs::Log::serialize(unsigned char*) const
 .text._ZN14rosserial_msgs3Log11deserializeEPh
                0x080019ac       0x90 ./Core/Src/mainpp.o
                0x080019ac                rosserial_msgs::Log::deserialize(unsigned char*)
 .text._ZN14rosserial_msgs3Log7getTypeEv
                0x08001a3c       0x18 ./Core/Src/mainpp.o
                0x08001a3c                rosserial_msgs::Log::getType()
 .text._ZN14rosserial_msgs3Log6getMD5Ev
                0x08001a54       0x18 ./Core/Src/mainpp.o
                0x08001a54                rosserial_msgs::Log::getMD5()
 .text._ZN14rosserial_msgs20RequestParamResponseC2Ev
                0x08001a6c       0x5c ./Core/Src/mainpp.o
                0x08001a6c                rosserial_msgs::RequestParamResponse::RequestParamResponse()
                0x08001a6c                rosserial_msgs::RequestParamResponse::RequestParamResponse()
 .text._ZNK14rosserial_msgs20RequestParamResponse9serializeEPh
                0x08001ac8      0x222 ./Core/Src/mainpp.o
                0x08001ac8                rosserial_msgs::RequestParamResponse::serialize(unsigned char*) const
 .text._ZN14rosserial_msgs20RequestParamResponse11deserializeEPh
                0x08001cea      0x2e2 ./Core/Src/mainpp.o
                0x08001cea                rosserial_msgs::RequestParamResponse::deserialize(unsigned char*)
 .text._ZN14rosserial_msgs20RequestParamResponse7getTypeEv
                0x08001fcc       0x18 ./Core/Src/mainpp.o
                0x08001fcc                rosserial_msgs::RequestParamResponse::getType()
 .text._ZN14rosserial_msgs20RequestParamResponse6getMD5Ev
                0x08001fe4       0x18 ./Core/Src/mainpp.o
                0x08001fe4                rosserial_msgs::RequestParamResponse::getMD5()
 .text._ZN3ros9PublisherC2EPKcPNS_3MsgEi
                0x08001ffc       0x2c ./Core/Src/mainpp.o
                0x08001ffc                ros::Publisher::Publisher(char const*, ros::Msg*, int)
                0x08001ffc                ros::Publisher::Publisher(char const*, ros::Msg*, int)
 .text._ZN3ros9Publisher7publishEPKNS_3MsgE
                0x08002028       0x28 ./Core/Src/mainpp.o
                0x08002028                ros::Publisher::publish(ros::Msg const*)
 .text._ZN3ros9Publisher15getEndpointTypeEv
                0x08002050       0x16 ./Core/Src/mainpp.o
                0x08002050                ros::Publisher::getEndpointType()
 .text._ZN13STM32Hardware10getRdmaIndEv
                0x08002066       0x24 ./Core/Src/mainpp.o
                0x08002066                STM32Hardware::getRdmaInd()
 *fill*         0x0800208a        0x2 
 .text._ZN13STM32HardwareC2Ev
                0x0800208c       0x38 ./Core/Src/mainpp.o
                0x0800208c                STM32Hardware::STM32Hardware()
                0x0800208c                STM32Hardware::STM32Hardware()
 .text._ZN13STM32Hardware4initEv
                0x080020c4       0x16 ./Core/Src/mainpp.o
                0x080020c4                STM32Hardware::init()
 .text._ZN13STM32Hardware10reset_rbufEv
                0x080020da       0x22 ./Core/Src/mainpp.o
                0x080020da                STM32Hardware::reset_rbuf()
 .text._ZN13STM32Hardware4readEv
                0x080020fc       0x5a ./Core/Src/mainpp.o
                0x080020fc                STM32Hardware::read()
 *fill*         0x08002156        0x2 
 .text._ZN13STM32Hardware5flushEv
                0x08002158       0xbc ./Core/Src/mainpp.o
                0x08002158                STM32Hardware::flush()
 .text._ZN13STM32Hardware5writeEPhi
                0x08002214       0x9a ./Core/Src/mainpp.o
                0x08002214                STM32Hardware::write(unsigned char*, int)
 .text._ZN13STM32Hardware4timeEv
                0x080022ae       0x16 ./Core/Src/mainpp.o
                0x080022ae                STM32Hardware::time()
 .text._ZN8std_msgs6StringC2Ev
                0x080022c4       0x30 ./Core/Src/mainpp.o
                0x080022c4                std_msgs::String::String()
                0x080022c4                std_msgs::String::String()
 .text._ZNK8std_msgs6String9serializeEPh
                0x080022f4       0x52 ./Core/Src/mainpp.o
                0x080022f4                std_msgs::String::serialize(unsigned char*) const
 .text._ZN8std_msgs6String11deserializeEPh
                0x08002346       0x7e ./Core/Src/mainpp.o
                0x08002346                std_msgs::String::deserialize(unsigned char*)
 .text._ZN8std_msgs6String7getTypeEv
                0x080023c4       0x18 ./Core/Src/mainpp.o
                0x080023c4                std_msgs::String::getType()
 .text._ZN8std_msgs6String6getMD5Ev
                0x080023dc       0x18 ./Core/Src/mainpp.o
                0x080023dc                std_msgs::String::getMD5()
 .text._ZN8std_msgs19MultiArrayDimensionC2Ev
                0x080023f4       0x3c ./Core/Src/mainpp.o
                0x080023f4                std_msgs::MultiArrayDimension::MultiArrayDimension()
                0x080023f4                std_msgs::MultiArrayDimension::MultiArrayDimension()
 .text._ZNK8std_msgs19MultiArrayDimension9serializeEPh
                0x08002430       0xe6 ./Core/Src/mainpp.o
                0x08002430                std_msgs::MultiArrayDimension::serialize(unsigned char*) const
 .text._ZN8std_msgs19MultiArrayDimension11deserializeEPh
                0x08002516      0x12a ./Core/Src/mainpp.o
                0x08002516                std_msgs::MultiArrayDimension::deserialize(unsigned char*)
 .text._ZN8std_msgs19MultiArrayDimension7getTypeEv
                0x08002640       0x18 ./Core/Src/mainpp.o
                0x08002640                std_msgs::MultiArrayDimension::getType()
 .text._ZN8std_msgs19MultiArrayDimension6getMD5Ev
                0x08002658       0x18 ./Core/Src/mainpp.o
                0x08002658                std_msgs::MultiArrayDimension::getMD5()
 .text._ZN8std_msgs16MultiArrayLayoutC2Ev
                0x08002670       0x40 ./Core/Src/mainpp.o
                0x08002670                std_msgs::MultiArrayLayout::MultiArrayLayout()
                0x08002670                std_msgs::MultiArrayLayout::MultiArrayLayout()
 .text._ZNK8std_msgs16MultiArrayLayout9serializeEPh
                0x080026b0       0xec ./Core/Src/mainpp.o
                0x080026b0                std_msgs::MultiArrayLayout::serialize(unsigned char*) const
 .text._ZN3ros3MsgaSERKS0_
                0x0800279c       0x16 ./Core/Src/mainpp.o
                0x0800279c                ros::Msg::operator=(ros::Msg const&)
 .text._ZN8std_msgs19MultiArrayDimensionaSERKS0_
                0x080027b2       0x38 ./Core/Src/mainpp.o
                0x080027b2                std_msgs::MultiArrayDimension::operator=(std_msgs::MultiArrayDimension const&)
 .text._ZN8std_msgs16MultiArrayLayout11deserializeEPh
                0x080027ea      0x150 ./Core/Src/mainpp.o
                0x080027ea                std_msgs::MultiArrayLayout::deserialize(unsigned char*)
 *fill*         0x0800293a        0x2 
 .text._ZN8std_msgs16MultiArrayLayout7getTypeEv
                0x0800293c       0x18 ./Core/Src/mainpp.o
                0x0800293c                std_msgs::MultiArrayLayout::getType()
 .text._ZN8std_msgs16MultiArrayLayout6getMD5Ev
                0x08002954       0x18 ./Core/Src/mainpp.o
                0x08002954                std_msgs::MultiArrayLayout::getMD5()
 .text._ZN8std_msgs17Float32MultiArrayC2Ev
                0x0800296c       0x44 ./Core/Src/mainpp.o
                0x0800296c                std_msgs::Float32MultiArray::Float32MultiArray()
                0x0800296c                std_msgs::Float32MultiArray::Float32MultiArray()
 .text._ZNK8std_msgs17Float32MultiArray9serializeEPh
                0x080029b0       0xe0 ./Core/Src/mainpp.o
                0x080029b0                std_msgs::Float32MultiArray::serialize(unsigned char*) const
 .text._ZN8std_msgs17Float32MultiArray11deserializeEPh
                0x08002a90      0x118 ./Core/Src/mainpp.o
                0x08002a90                std_msgs::Float32MultiArray::deserialize(unsigned char*)
 .text._ZN8std_msgs17Float32MultiArray7getTypeEv
                0x08002ba8       0x18 ./Core/Src/mainpp.o
                0x08002ba8                std_msgs::Float32MultiArray::getType()
 .text._ZN8std_msgs17Float32MultiArray6getMD5Ev
                0x08002bc0       0x18 ./Core/Src/mainpp.o
                0x08002bc0                std_msgs::Float32MultiArray::getMD5()
 .text._ZN3ros15NodeHandleBase_C2Ev
                0x08002bd8       0x20 ./Core/Src/mainpp.o
                0x08002bd8                ros::NodeHandleBase_::NodeHandleBase_()
                0x08002bd8                ros::NodeHandleBase_::NodeHandleBase_()
 .text._ZN3ros11NodeHandle_I13STM32HardwareLi25ELi25ELi512ELi512EEC2Ev
                0x08002bf8       0xf0 ./Core/Src/mainpp.o
                0x08002bf8                ros::NodeHandle_<STM32Hardware, 25, 25, 512, 512>::NodeHandle_()
                0x08002bf8                ros::NodeHandle_<STM32Hardware, 25, 25, 512, 512>::NodeHandle_()
 .text._Z14stringCallbackRKN8std_msgs17Float32MultiArrayE
                0x08002ce8      0x138 ./Core/Src/mainpp.o
                0x08002ce8                stringCallback(std_msgs::Float32MultiArray const&)
 .text.HAL_UART_TxCpltCallback
                0x08002e20       0x24 ./Core/Src/mainpp.o
                0x08002e20                HAL_UART_TxCpltCallback
 .text.HAL_UART_RxCpltCallback
                0x08002e44       0x24 ./Core/Src/mainpp.o
                0x08002e44                HAL_UART_RxCpltCallback
 .text.setup    0x08002e68       0x2c ./Core/Src/mainpp.o
                0x08002e68                setup
 *fill*         0x08002e94        0x4 
 .text.loop     0x08002e98       0xc8 ./Core/Src/mainpp.o
                0x08002e98                loop
 .text._ZN3ros3Msg8varToArrIPhmEEvT_T0_
                0x08002f60       0x3c ./Core/Src/mainpp.o
                0x08002f60                void ros::Msg::varToArr<unsigned char*, unsigned long>(unsigned char*, unsigned long)
 .text._ZN3ros3Msg8arrToVarImPhEEvRT_T0_
                0x08002f9c       0x4a ./Core/Src/mainpp.o
                0x08002f9c                void ros::Msg::arrToVar<unsigned long, unsigned char*>(unsigned long&, unsigned char*)
 *fill*         0x08002fe6        0x2 
 .text._ZN3ros11Subscriber_C2Ev
                0x08002fe8       0x20 ./Core/Src/mainpp.o
                0x08002fe8                ros::Subscriber_::Subscriber_()
                0x08002fe8                ros::Subscriber_::Subscriber_()
 .text._ZN3ros10SubscriberIN8std_msgs17Float32MultiArrayEvEC2EPKcPFvRKS2_Ei
                0x08003008       0x48 ./Core/Src/mainpp.o
                0x08003008                ros::Subscriber<std_msgs::Float32MultiArray, void>::Subscriber(char const*, void (*)(std_msgs::Float32MultiArray const&), int)
                0x08003008                ros::Subscriber<std_msgs::Float32MultiArray, void>::Subscriber(char const*, void (*)(std_msgs::Float32MultiArray const&), int)
 .text._ZN3ros11NodeHandle_I13STM32HardwareLi25ELi25ELi512ELi512EE11getHardwareEv
                0x08003050       0x16 ./Core/Src/mainpp.o
                0x08003050                ros::NodeHandle_<STM32Hardware, 25, 25, 512, 512>::getHardware()
 .text._ZN3ros11NodeHandle_I13STM32HardwareLi25ELi25ELi512ELi512EE8initNodeEv
                0x08003066       0x3a ./Core/Src/mainpp.o
                0x08003066                ros::NodeHandle_<STM32Hardware, 25, 25, 512, 512>::initNode()
 .text._ZN3ros11NodeHandle_I13STM32HardwareLi25ELi25ELi512ELi512EE9subscribeERNS_11Subscriber_E
                0x080030a0       0x54 ./Core/Src/mainpp.o
                0x080030a0                ros::NodeHandle_<STM32Hardware, 25, 25, 512, 512>::subscribe(ros::Subscriber_&)
 .text._ZN3ros11NodeHandle_I13STM32HardwareLi25ELi25ELi512ELi512EE9advertiseERNS_9PublisherE
                0x080030f4       0x5e ./Core/Src/mainpp.o
                0x080030f4                ros::NodeHandle_<STM32Hardware, 25, 25, 512, 512>::advertise(ros::Publisher&)
 .text._ZN3ros11NodeHandle_I13STM32HardwareLi25ELi25ELi512ELi512EE8spinOnceEv
                0x08003152      0x3b2 ./Core/Src/mainpp.o
                0x08003152                ros::NodeHandle_<STM32Hardware, 25, 25, 512, 512>::spinOnce()
 .text._ZN3ros11NodeHandle_I13STM32HardwareLi25ELi25ELi512ELi512EE15requestSyncTimeEv
                0x08003504       0x3c ./Core/Src/mainpp.o
                0x08003504                ros::NodeHandle_<STM32Hardware, 25, 25, 512, 512>::requestSyncTime()
 .text._ZN3ros11NodeHandle_I13STM32HardwareLi25ELi25ELi512ELi512EE15negotiateTopicsEv
                0x08003540      0x1be ./Core/Src/mainpp.o
                0x08003540                ros::NodeHandle_<STM32Hardware, 25, 25, 512, 512>::negotiateTopics()
 *fill*         0x080036fe        0x2 
 .text._ZN3ros11NodeHandle_I13STM32HardwareLi25ELi25ELi512ELi512EE8syncTimeEPh
                0x08003700       0x98 ./Core/Src/mainpp.o
                0x08003700                ros::NodeHandle_<STM32Hardware, 25, 25, 512, 512>::syncTime(unsigned char*)
 .text._ZN3ros11NodeHandle_I13STM32HardwareLi25ELi25ELi512ELi512EE7publishEiPKNS_3MsgE
                0x08003798      0x128 ./Core/Src/mainpp.o
                0x08003798                ros::NodeHandle_<STM32Hardware, 25, 25, 512, 512>::publish(int, ros::Msg const*)
 .text._ZN3ros11NodeHandle_I13STM32HardwareLi25ELi25ELi512ELi512EE6setNowERKNS_4TimeE
                0x080038c0       0x80 ./Core/Src/mainpp.o
                0x080038c0                ros::NodeHandle_<STM32Hardware, 25, 25, 512, 512>::setNow(ros::Time const&)
 .text._ZN3ros11NodeHandle_I13STM32HardwareLi25ELi25ELi512ELi512EE8logerrorEPKc
                0x08003940       0x1c ./Core/Src/mainpp.o
                0x08003940                ros::NodeHandle_<STM32Hardware, 25, 25, 512, 512>::logerror(char const*)
 .text._ZN3ros11NodeHandle_I13STM32HardwareLi25ELi25ELi512ELi512EE3logEcPKc
                0x0800395c       0x38 ./Core/Src/mainpp.o
                0x0800395c                ros::NodeHandle_<STM32Hardware, 25, 25, 512, 512>::log(char, char const*)
 .text._Z41__static_initialization_and_destruction_0ii
                0x08003994       0x64 ./Core/Src/mainpp.o
 .text._ZN3ros10SubscriberIN8std_msgs17Float32MultiArrayEvE8callbackEPh
                0x080039f8       0x2a ./Core/Src/mainpp.o
                0x080039f8                ros::Subscriber<std_msgs::Float32MultiArray, void>::callback(unsigned char*)
 .text._ZN3ros10SubscriberIN8std_msgs17Float32MultiArrayEvE15getEndpointTypeEv
                0x08003a22       0x16 ./Core/Src/mainpp.o
                0x08003a22                ros::Subscriber<std_msgs::Float32MultiArray, void>::getEndpointType()
 .text._ZN3ros10SubscriberIN8std_msgs17Float32MultiArrayEvE10getMsgTypeEv
                0x08003a38       0x1c ./Core/Src/mainpp.o
                0x08003a38                ros::Subscriber<std_msgs::Float32MultiArray, void>::getMsgType()
 .text._ZN3ros10SubscriberIN8std_msgs17Float32MultiArrayEvE9getMsgMD5Ev
                0x08003a54       0x1c ./Core/Src/mainpp.o
                0x08003a54                ros::Subscriber<std_msgs::Float32MultiArray, void>::getMsgMD5()
 .text._ZN3ros11NodeHandle_I13STM32HardwareLi25ELi25ELi512ELi512EE9connectedEv
                0x08003a70       0x18 ./Core/Src/mainpp.o
                0x08003a70                ros::NodeHandle_<STM32Hardware, 25, 25, 512, 512>::connected()
 .text._GLOBAL__sub_I_real_left_vel
                0x08003a88       0x10 ./Core/Src/mainpp.o
 .text.HAL_MspInit
                0x08003a98       0x70 ./Core/Src/stm32f1xx_hal_msp.o
                0x08003a98                HAL_MspInit
 .text.HAL_InitTick
                0x08003b08       0xe4 ./Core/Src/stm32f1xx_hal_timebase_tim.o
                0x08003b08                HAL_InitTick
 .text.NMI_Handler
                0x08003bec        0x8 ./Core/Src/stm32f1xx_it.o
                0x08003bec                NMI_Handler
 .text.HardFault_Handler
                0x08003bf4        0x8 ./Core/Src/stm32f1xx_it.o
                0x08003bf4                HardFault_Handler
 .text.MemManage_Handler
                0x08003bfc        0x8 ./Core/Src/stm32f1xx_it.o
                0x08003bfc                MemManage_Handler
 .text.BusFault_Handler
                0x08003c04        0x8 ./Core/Src/stm32f1xx_it.o
                0x08003c04                BusFault_Handler
 .text.UsageFault_Handler
                0x08003c0c        0x8 ./Core/Src/stm32f1xx_it.o
                0x08003c0c                UsageFault_Handler
 .text.DebugMon_Handler
                0x08003c14        0xc ./Core/Src/stm32f1xx_it.o
                0x08003c14                DebugMon_Handler
 .text.DMA1_Channel4_IRQHandler
                0x08003c20       0x14 ./Core/Src/stm32f1xx_it.o
                0x08003c20                DMA1_Channel4_IRQHandler
 .text.DMA1_Channel5_IRQHandler
                0x08003c34       0x14 ./Core/Src/stm32f1xx_it.o
                0x08003c34                DMA1_Channel5_IRQHandler
 .text.TIM1_UP_IRQHandler
                0x08003c48       0x14 ./Core/Src/stm32f1xx_it.o
                0x08003c48                TIM1_UP_IRQHandler
 .text.USART1_IRQHandler
                0x08003c5c       0x14 ./Core/Src/stm32f1xx_it.o
                0x08003c5c                USART1_IRQHandler
 .text._getpid  0x08003c70        0xe ./Core/Src/syscalls.o
                0x08003c70                _getpid
 .text._kill    0x08003c7e       0x20 ./Core/Src/syscalls.o
                0x08003c7e                _kill
 .text._exit    0x08003c9e       0x16 ./Core/Src/syscalls.o
                0x08003c9e                _exit
 .text._read    0x08003cb4       0x3a ./Core/Src/syscalls.o
                0x08003cb4                _read
 .text._write   0x08003cee       0x38 ./Core/Src/syscalls.o
                0x08003cee                _write
 .text._close   0x08003d26       0x16 ./Core/Src/syscalls.o
                0x08003d26                _close
 .text._fstat   0x08003d3c       0x1e ./Core/Src/syscalls.o
                0x08003d3c                _fstat
 .text._isatty  0x08003d5a       0x14 ./Core/Src/syscalls.o
                0x08003d5a                _isatty
 .text._lseek   0x08003d6e       0x18 ./Core/Src/syscalls.o
                0x08003d6e                _lseek
 *fill*         0x08003d86        0x2 
 .text._sbrk    0x08003d88       0x6c ./Core/Src/sysmem.o
                0x08003d88                _sbrk
 .text.SystemInit
                0x08003df4        0xc ./Core/Src/system_stm32f1xx.o
                0x08003df4                SystemInit
 .text.MX_TIM2_Init
                0x08003e00       0xe8 ./Core/Src/tim.o
                0x08003e00                MX_TIM2_Init
 .text.MX_TIM3_Init
                0x08003ee8       0xa8 ./Core/Src/tim.o
                0x08003ee8                MX_TIM3_Init
 .text.MX_TIM4_Init
                0x08003f90       0xa8 ./Core/Src/tim.o
                0x08003f90                MX_TIM4_Init
 .text.HAL_TIM_PWM_MspInit
                0x08004038       0x38 ./Core/Src/tim.o
                0x08004038                HAL_TIM_PWM_MspInit
 .text.HAL_TIM_Encoder_MspInit
                0x08004070       0xd8 ./Core/Src/tim.o
                0x08004070                HAL_TIM_Encoder_MspInit
 .text.HAL_TIM_MspPostInit
                0x08004148       0x60 ./Core/Src/tim.o
                0x08004148                HAL_TIM_MspPostInit
 .text._ZN3ros16normalizeSecNSecERmS0_
                0x080041a8       0x58 ./Core/Src/time.o
                0x080041a8                ros::normalizeSecNSec(unsigned long&, unsigned long&)
 .text.MX_USART1_UART_Init
                0x08004200       0x54 ./Core/Src/usart.o
                0x08004200                MX_USART1_UART_Init
 .text.MX_USART2_UART_Init
                0x08004254       0x54 ./Core/Src/usart.o
                0x08004254                MX_USART2_UART_Init
 .text.HAL_UART_MspInit
                0x080042a8      0x1c4 ./Core/Src/usart.o
                0x080042a8                HAL_UART_MspInit
 .text.Reset_Handler
                0x0800446c       0x48 ./Core/Startup/startup_stm32f103c8tx.o
                0x0800446c                Reset_Handler
 .text.Default_Handler
                0x080044b4        0x2 ./Core/Startup/startup_stm32f103c8tx.o
                0x080044b4                RTC_Alarm_IRQHandler
                0x080044b4                EXTI2_IRQHandler
                0x080044b4                TIM1_CC_IRQHandler
                0x080044b4                PVD_IRQHandler
                0x080044b4                EXTI3_IRQHandler
                0x080044b4                EXTI0_IRQHandler
                0x080044b4                I2C2_EV_IRQHandler
                0x080044b4                ADC1_2_IRQHandler
                0x080044b4                SPI1_IRQHandler
                0x080044b4                TAMPER_IRQHandler
                0x080044b4                USART3_IRQHandler
                0x080044b4                RTC_IRQHandler
                0x080044b4                DMA1_Channel7_IRQHandler
                0x080044b4                CAN1_RX1_IRQHandler
                0x080044b4                TIM4_IRQHandler
                0x080044b4                I2C1_EV_IRQHandler
                0x080044b4                DMA1_Channel6_IRQHandler
                0x080044b4                TIM3_IRQHandler
                0x080044b4                RCC_IRQHandler
                0x080044b4                TIM1_TRG_COM_IRQHandler
                0x080044b4                DMA1_Channel1_IRQHandler
                0x080044b4                Default_Handler
                0x080044b4                EXTI15_10_IRQHandler
                0x080044b4                EXTI9_5_IRQHandler
                0x080044b4                SPI2_IRQHandler
                0x080044b4                EXTI4_IRQHandler
                0x080044b4                USB_LP_CAN1_RX0_IRQHandler
                0x080044b4                USB_HP_CAN1_TX_IRQHandler
                0x080044b4                DMA1_Channel3_IRQHandler
                0x080044b4                WWDG_IRQHandler
                0x080044b4                TIM2_IRQHandler
                0x080044b4                TIM1_BRK_IRQHandler
                0x080044b4                EXTI1_IRQHandler
                0x080044b4                USART2_IRQHandler
                0x080044b4                I2C2_ER_IRQHandler
                0x080044b4                DMA1_Channel2_IRQHandler
                0x080044b4                CAN1_SCE_IRQHandler
                0x080044b4                FLASH_IRQHandler
                0x080044b4                I2C1_ER_IRQHandler
                0x080044b4                USBWakeUp_IRQHandler
 *fill*         0x080044b6        0x2 
 .text.HAL_Init
                0x080044b8       0x2c ./Drivers/STM32F1xx_HAL_Driver/Src/stm32f1xx_hal.o
                0x080044b8                HAL_Init
 .text.HAL_IncTick
                0x080044e4       0x24 ./Drivers/STM32F1xx_HAL_Driver/Src/stm32f1xx_hal.o
                0x080044e4                HAL_IncTick
 .text.HAL_GetTick
                0x08004508       0x14 ./Drivers/STM32F1xx_HAL_Driver/Src/stm32f1xx_hal.o
                0x08004508                HAL_GetTick
 .text.__NVIC_SetPriorityGrouping
                0x0800451c       0x48 ./Drivers/STM32F1xx_HAL_Driver/Src/stm32f1xx_hal_cortex.o
 .text.__NVIC_GetPriorityGrouping
                0x08004564       0x1c ./Drivers/STM32F1xx_HAL_Driver/Src/stm32f1xx_hal_cortex.o
 .text.__NVIC_EnableIRQ
                0x08004580       0x38 ./Drivers/STM32F1xx_HAL_Driver/Src/stm32f1xx_hal_cortex.o
 .text.__NVIC_SetPriority
                0x080045b8       0x54 ./Drivers/STM32F1xx_HAL_Driver/Src/stm32f1xx_hal_cortex.o
 .text.NVIC_EncodePriority
                0x0800460c       0x64 ./Drivers/STM32F1xx_HAL_Driver/Src/stm32f1xx_hal_cortex.o
 .text.HAL_NVIC_SetPriorityGrouping
                0x08004670       0x16 ./Drivers/STM32F1xx_HAL_Driver/Src/stm32f1xx_hal_cortex.o
                0x08004670                HAL_NVIC_SetPriorityGrouping
 .text.HAL_NVIC_SetPriority
                0x08004686       0x38 ./Drivers/STM32F1xx_HAL_Driver/Src/stm32f1xx_hal_cortex.o
                0x08004686                HAL_NVIC_SetPriority
 .text.HAL_NVIC_EnableIRQ
                0x080046be       0x1c ./Drivers/STM32F1xx_HAL_Driver/Src/stm32f1xx_hal_cortex.o
                0x080046be                HAL_NVIC_EnableIRQ
 *fill*         0x080046da        0x2 
 .text.HAL_DMA_Init
                0x080046dc       0xb4 ./Drivers/STM32F1xx_HAL_Driver/Src/stm32f1xx_hal_dma.o
                0x080046dc                HAL_DMA_Init
 .text.HAL_DMA_Start_IT
                0x08004790       0xc0 ./Drivers/STM32F1xx_HAL_Driver/Src/stm32f1xx_hal_dma.o
                0x08004790                HAL_DMA_Start_IT
 .text.HAL_DMA_Abort
                0x08004850       0x76 ./Drivers/STM32F1xx_HAL_Driver/Src/stm32f1xx_hal_dma.o
                0x08004850                HAL_DMA_Abort
 *fill*         0x080048c6        0x2 
 .text.HAL_DMA_Abort_IT
                0x080048c8       0xf0 ./Drivers/STM32F1xx_HAL_Driver/Src/stm32f1xx_hal_dma.o
                0x080048c8                HAL_DMA_Abort_IT
 .text.HAL_DMA_IRQHandler
                0x080049b8      0x20c ./Drivers/STM32F1xx_HAL_Driver/Src/stm32f1xx_hal_dma.o
                0x080049b8                HAL_DMA_IRQHandler
 .text.DMA_SetConfig
                0x08004bc4       0x5a ./Drivers/STM32F1xx_HAL_Driver/Src/stm32f1xx_hal_dma.o
 *fill*         0x08004c1e        0x2 
 .text.HAL_GPIO_Init
                0x08004c20      0x308 ./Drivers/STM32F1xx_HAL_Driver/Src/stm32f1xx_hal_gpio.o
                0x08004c20                HAL_GPIO_Init
 .text.HAL_GPIO_WritePin
                0x08004f28       0x30 ./Drivers/STM32F1xx_HAL_Driver/Src/stm32f1xx_hal_gpio.o
                0x08004f28                HAL_GPIO_WritePin
 .text.HAL_RCC_OscConfig
                0x08004f58      0x504 ./Drivers/STM32F1xx_HAL_Driver/Src/stm32f1xx_hal_rcc.o
                0x08004f58                HAL_RCC_OscConfig
 .text.HAL_RCC_ClockConfig
                0x0800545c      0x1d4 ./Drivers/STM32F1xx_HAL_Driver/Src/stm32f1xx_hal_rcc.o
                0x0800545c                HAL_RCC_ClockConfig
 .text.HAL_RCC_GetSysClockFreq
                0x08005630       0xa8 ./Drivers/STM32F1xx_HAL_Driver/Src/stm32f1xx_hal_rcc.o
                0x08005630                HAL_RCC_GetSysClockFreq
 .text.HAL_RCC_GetHCLKFreq
                0x080056d8       0x14 ./Drivers/STM32F1xx_HAL_Driver/Src/stm32f1xx_hal_rcc.o
                0x080056d8                HAL_RCC_GetHCLKFreq
 .text.HAL_RCC_GetPCLK1Freq
                0x080056ec       0x28 ./Drivers/STM32F1xx_HAL_Driver/Src/stm32f1xx_hal_rcc.o
                0x080056ec                HAL_RCC_GetPCLK1Freq
 .text.HAL_RCC_GetPCLK2Freq
                0x08005714       0x28 ./Drivers/STM32F1xx_HAL_Driver/Src/stm32f1xx_hal_rcc.o
                0x08005714                HAL_RCC_GetPCLK2Freq
 .text.HAL_RCC_GetClockConfig
                0x0800573c       0x60 ./Drivers/STM32F1xx_HAL_Driver/Src/stm32f1xx_hal_rcc.o
                0x0800573c                HAL_RCC_GetClockConfig
 .text.RCC_Delay
                0x0800579c       0x3c ./Drivers/STM32F1xx_HAL_Driver/Src/stm32f1xx_hal_rcc.o
 .text.HAL_TIM_Base_Init
                0x080057d8       0x9e ./Drivers/STM32F1xx_HAL_Driver/Src/stm32f1xx_hal_tim.o
                0x080057d8                HAL_TIM_Base_Init
 .text.HAL_TIM_Base_MspInit
                0x08005876       0x12 ./Drivers/STM32F1xx_HAL_Driver/Src/stm32f1xx_hal_tim.o
                0x08005876                HAL_TIM_Base_MspInit
 .text.HAL_TIM_Base_Start_IT
                0x08005888       0xa4 ./Drivers/STM32F1xx_HAL_Driver/Src/stm32f1xx_hal_tim.o
                0x08005888                HAL_TIM_Base_Start_IT
 .text.HAL_TIM_PWM_Init
                0x0800592c       0x9e ./Drivers/STM32F1xx_HAL_Driver/Src/stm32f1xx_hal_tim.o
                0x0800592c                HAL_TIM_PWM_Init
 *fill*         0x080059ca        0x2 
 .text.HAL_TIM_PWM_Start
                0x080059cc      0x144 ./Drivers/STM32F1xx_HAL_Driver/Src/stm32f1xx_hal_tim.o
                0x080059cc                HAL_TIM_PWM_Start
 .text.HAL_TIM_Encoder_Init
                0x08005b10      0x144 ./Drivers/STM32F1xx_HAL_Driver/Src/stm32f1xx_hal_tim.o
                0x08005b10                HAL_TIM_Encoder_Init
 .text.HAL_TIM_Encoder_Start
                0x08005c54      0x11c ./Drivers/STM32F1xx_HAL_Driver/Src/stm32f1xx_hal_tim.o
                0x08005c54                HAL_TIM_Encoder_Start
 .text.HAL_TIM_IRQHandler
                0x08005d70      0x210 ./Drivers/STM32F1xx_HAL_Driver/Src/stm32f1xx_hal_tim.o
                0x08005d70                HAL_TIM_IRQHandler
 .text.HAL_TIM_PWM_ConfigChannel
                0x08005f80      0x184 ./Drivers/STM32F1xx_HAL_Driver/Src/stm32f1xx_hal_tim.o
                0x08005f80                HAL_TIM_PWM_ConfigChannel
 .text.HAL_TIM_OC_DelayElapsedCallback
                0x08006104       0x12 ./Drivers/STM32F1xx_HAL_Driver/Src/stm32f1xx_hal_tim.o
                0x08006104                HAL_TIM_OC_DelayElapsedCallback
 .text.HAL_TIM_IC_CaptureCallback
                0x08006116       0x12 ./Drivers/STM32F1xx_HAL_Driver/Src/stm32f1xx_hal_tim.o
                0x08006116                HAL_TIM_IC_CaptureCallback
 .text.HAL_TIM_PWM_PulseFinishedCallback
                0x08006128       0x12 ./Drivers/STM32F1xx_HAL_Driver/Src/stm32f1xx_hal_tim.o
                0x08006128                HAL_TIM_PWM_PulseFinishedCallback
 .text.HAL_TIM_TriggerCallback
                0x0800613a       0x12 ./Drivers/STM32F1xx_HAL_Driver/Src/stm32f1xx_hal_tim.o
                0x0800613a                HAL_TIM_TriggerCallback
 .text.TIM_Base_SetConfig
                0x0800614c       0xc4 ./Drivers/STM32F1xx_HAL_Driver/Src/stm32f1xx_hal_tim.o
                0x0800614c                TIM_Base_SetConfig
 .text.TIM_OC1_SetConfig
                0x08006210       0xcc ./Drivers/STM32F1xx_HAL_Driver/Src/stm32f1xx_hal_tim.o
 .text.TIM_OC2_SetConfig
                0x080062dc       0xd4 ./Drivers/STM32F1xx_HAL_Driver/Src/stm32f1xx_hal_tim.o
                0x080062dc                TIM_OC2_SetConfig
 .text.TIM_OC3_SetConfig
                0x080063b0       0xd4 ./Drivers/STM32F1xx_HAL_Driver/Src/stm32f1xx_hal_tim.o
 .text.TIM_OC4_SetConfig
                0x08006484       0x9c ./Drivers/STM32F1xx_HAL_Driver/Src/stm32f1xx_hal_tim.o
 .text.TIM_CCxChannelCmd
                0x08006520       0x48 ./Drivers/STM32F1xx_HAL_Driver/Src/stm32f1xx_hal_tim.o
                0x08006520                TIM_CCxChannelCmd
 .text.HAL_TIMEx_MasterConfigSynchronization
                0x08006568       0xbc ./Drivers/STM32F1xx_HAL_Driver/Src/stm32f1xx_hal_tim_ex.o
                0x08006568                HAL_TIMEx_MasterConfigSynchronization
 .text.HAL_TIMEx_CommutCallback
                0x08006624       0x12 ./Drivers/STM32F1xx_HAL_Driver/Src/stm32f1xx_hal_tim_ex.o
                0x08006624                HAL_TIMEx_CommutCallback
 .text.HAL_TIMEx_BreakCallback
                0x08006636       0x12 ./Drivers/STM32F1xx_HAL_Driver/Src/stm32f1xx_hal_tim_ex.o
                0x08006636                HAL_TIMEx_BreakCallback
 .text.HAL_UART_Init
                0x08006648       0xa0 ./Drivers/STM32F1xx_HAL_Driver/Src/stm32f1xx_hal_uart.o
                0x08006648                HAL_UART_Init
 .text.HAL_UART_Transmit_DMA
                0x080066e8       0xe0 ./Drivers/STM32F1xx_HAL_Driver/Src/stm32f1xx_hal_uart.o
                0x080066e8                HAL_UART_Transmit_DMA
 .text.HAL_UART_Receive_DMA
                0x080067c8       0x4a ./Drivers/STM32F1xx_HAL_Driver/Src/stm32f1xx_hal_uart.o
                0x080067c8                HAL_UART_Receive_DMA
 *fill*         0x08006812        0x2 
 .text.HAL_UART_IRQHandler
                0x08006814      0x524 ./Drivers/STM32F1xx_HAL_Driver/Src/stm32f1xx_hal_uart.o
                0x08006814                HAL_UART_IRQHandler
 .text.HAL_UART_TxHalfCpltCallback
                0x08006d38       0x12 ./Drivers/STM32F1xx_HAL_Driver/Src/stm32f1xx_hal_uart.o
                0x08006d38                HAL_UART_TxHalfCpltCallback
 .text.HAL_UART_RxHalfCpltCallback
                0x08006d4a       0x12 ./Drivers/STM32F1xx_HAL_Driver/Src/stm32f1xx_hal_uart.o
                0x08006d4a                HAL_UART_RxHalfCpltCallback
 .text.HAL_UART_ErrorCallback
                0x08006d5c       0x12 ./Drivers/STM32F1xx_HAL_Driver/Src/stm32f1xx_hal_uart.o
                0x08006d5c                HAL_UART_ErrorCallback
 .text.HAL_UARTEx_RxEventCallback
                0x08006d6e       0x16 ./Drivers/STM32F1xx_HAL_Driver/Src/stm32f1xx_hal_uart.o
                0x08006d6e                HAL_UARTEx_RxEventCallback
 .text.UART_DMATransmitCplt
                0x08006d84       0x9a ./Drivers/STM32F1xx_HAL_Driver/Src/stm32f1xx_hal_uart.o
 .text.UART_DMATxHalfCplt
                0x08006e1e       0x1c ./Drivers/STM32F1xx_HAL_Driver/Src/stm32f1xx_hal_uart.o
 .text.UART_DMAReceiveCplt
                0x08006e3a      0x12c ./Drivers/STM32F1xx_HAL_Driver/Src/stm32f1xx_hal_uart.o
 .text.UART_DMARxHalfCplt
                0x08006f66       0x3c ./Drivers/STM32F1xx_HAL_Driver/Src/stm32f1xx_hal_uart.o
 .text.UART_DMAError
                0x08006fa2       0x94 ./Drivers/STM32F1xx_HAL_Driver/Src/stm32f1xx_hal_uart.o
 *fill*         0x08007036        0x2 
 .text.UART_Start_Receive_DMA
                0x08007038      0x134 ./Drivers/STM32F1xx_HAL_Driver/Src/stm32f1xx_hal_uart.o
                0x08007038                UART_Start_Receive_DMA
 .text.UART_EndTxTransfer
                0x0800716c       0x4e ./Drivers/STM32F1xx_HAL_Driver/Src/stm32f1xx_hal_uart.o
 .text.UART_EndRxTransfer
                0x080071ba       0xc4 ./Drivers/STM32F1xx_HAL_Driver/Src/stm32f1xx_hal_uart.o
 .text.UART_DMAAbortOnError
                0x0800727e       0x28 ./Drivers/STM32F1xx_HAL_Driver/Src/stm32f1xx_hal_uart.o
 .text.UART_Transmit_IT
                0x080072a6       0x9e ./Drivers/STM32F1xx_HAL_Driver/Src/stm32f1xx_hal_uart.o
 .text.UART_EndTransmit_IT
                0x08007344       0x30 ./Drivers/STM32F1xx_HAL_Driver/Src/stm32f1xx_hal_uart.o
 .text.UART_Receive_IT
                0x08007374      0x17c ./Drivers/STM32F1xx_HAL_Driver/Src/stm32f1xx_hal_uart.o
 .text.UART_SetConfig
                0x080074f0      0x11c ./Drivers/STM32F1xx_HAL_Driver/Src/stm32f1xx_hal_uart.o
 .text.motor_run
                0x0800760c      0x154 ./ECUAL/motor_driver/motor_driver.o
                0x0800760c                motor_run
 .text.motor_stop
                0x08007760       0x76 ./ECUAL/motor_driver/motor_driver.o
                0x08007760                motor_stop
 *fill*         0x080077d6        0x2 
 .text.enable_motor
                0x080077d8       0x30 ./ECUAL/motor_driver/motor_driver.o
                0x080077d8                enable_motor
 .text.calculate_pwm_values
                0x08007808       0x68 ./ECUAL/motor_driver/motor_driver.o
                0x08007808                calculate_pwm_values
 .text.init_motor_dynamics
                0x08007870       0x80 ./ECUAL/motor_speed/motor_speed.o
                0x08007870                init_motor_dynamics
 .text.update_encoder_count_per_sampling_period
                0x080078f0       0x62 ./ECUAL/motor_speed/motor_speed.o
                0x080078f0                update_encoder_count_per_sampling_period
 *fill*         0x08007952        0x6 
 .text.get_speed_count
                0x08007958       0x48 ./ECUAL/motor_speed/motor_speed.o
                0x08007958                get_speed_count
 .text.get_speed_rpm
                0x080079a0       0x7c ./ECUAL/motor_speed/motor_speed.o
                0x080079a0                get_speed_rpm
 .text.add_to_filter_buffer
                0x08007a1c       0x82 ./ECUAL/motor_speed/motor_speed.o
 .text.filter_output
                0x08007a9e       0x3c ./ECUAL/motor_speed/motor_speed.o
 .text.init_filter
                0x08007ada       0x4a ./ECUAL/motor_speed/motor_speed.o
                0x08007ada                init_filter
 .text.PID_Init
                0x08007b24       0x8a ./ECUAL/pid/pid_v1.o
                0x08007b24                PID_Init
 .text.PID_calculate
                0x08007bae      0x130 ./ECUAL/pid/pid_v1.o
                0x08007bae                PID_calculate
 .text.PID_reset
                0x08007cde       0x4a ./ECUAL/pid/pid_v1.o
                0x08007cde                PID_reset
 .text.makeFreeRtosPriority
                0x08007d28       0x2e ./Middlewares/Third_Party/FreeRTOS/Source/CMSIS_RTOS/cmsis_os.o
 .text.inHandlerMode
                0x08007d56       0x22 ./Middlewares/Third_Party/FreeRTOS/Source/CMSIS_RTOS/cmsis_os.o
 .text.osKernelStart
                0x08007d78        0xe ./Middlewares/Third_Party/FreeRTOS/Source/CMSIS_RTOS/cmsis_os.o
                0x08007d78                osKernelStart
 .text.osThreadCreate
                0x08007d86       0x98 ./Middlewares/Third_Party/FreeRTOS/Source/CMSIS_RTOS/cmsis_os.o
                0x08007d86                osThreadCreate
 .text.osDelay  0x08007e1e       0x28 ./Middlewares/Third_Party/FreeRTOS/Source/CMSIS_RTOS/cmsis_os.o
                0x08007e1e                osDelay
 *fill*         0x08007e46        0x2 
 .text.osTimerCreate
                0x08007e48       0x68 ./Middlewares/Third_Party/FreeRTOS/Source/CMSIS_RTOS/cmsis_os.o
                0x08007e48                osTimerCreate
 .text.osTimerStart
                0x08007eb0       0x88 ./Middlewares/Third_Party/FreeRTOS/Source/CMSIS_RTOS/cmsis_os.o
                0x08007eb0                osTimerStart
 .text.vListInitialise
                0x08007f38       0x3e ./Middlewares/Third_Party/FreeRTOS/Source/list.o
                0x08007f38                vListInitialise
 .text.vListInitialiseItem
                0x08007f76       0x18 ./Middlewares/Third_Party/FreeRTOS/Source/list.o
                0x08007f76                vListInitialiseItem
 .text.vListInsertEnd
                0x08007f8e       0x46 ./Middlewares/Third_Party/FreeRTOS/Source/list.o
                0x08007f8e                vListInsertEnd
 .text.vListInsert
                0x08007fd4       0x70 ./Middlewares/Third_Party/FreeRTOS/Source/list.o
                0x08007fd4                vListInsert
 .text.uxListRemove
                0x08008044       0x52 ./Middlewares/Third_Party/FreeRTOS/Source/list.o
                0x08008044                uxListRemove
 *fill*         0x08008096        0x2 
 .text.xQueueGenericReset
                0x08008098       0xd4 ./Middlewares/Third_Party/FreeRTOS/Source/queue.o
                0x08008098                xQueueGenericReset
 .text.xQueueGenericCreateStatic
                0x0800816c       0xf8 ./Middlewares/Third_Party/FreeRTOS/Source/queue.o
                0x0800816c                xQueueGenericCreateStatic
 .text.prvInitialiseNewQueue
                0x08008264       0x3e ./Middlewares/Third_Party/FreeRTOS/Source/queue.o
 *fill*         0x080082a2        0x2 
 .text.xQueueGenericSend
                0x080082a4      0x204 ./Middlewares/Third_Party/FreeRTOS/Source/queue.o
                0x080082a4                xQueueGenericSend
 .text.xQueueGenericSendFromISR
                0x080084a8      0x136 ./Middlewares/Third_Party/FreeRTOS/Source/queue.o
                0x080084a8                xQueueGenericSendFromISR
 *fill*         0x080085de        0x2 
 .text.xQueueReceive
                0x080085e0      0x1c4 ./Middlewares/Third_Party/FreeRTOS/Source/queue.o
                0x080085e0                xQueueReceive
 .text.prvCopyDataToQueue
                0x080087a4       0xd4 ./Middlewares/Third_Party/FreeRTOS/Source/queue.o
 .text.prvCopyDataFromQueue
                0x08008878       0x4c ./Middlewares/Third_Party/FreeRTOS/Source/queue.o
 .text.prvUnlockQueue
                0x080088c4       0xa4 ./Middlewares/Third_Party/FreeRTOS/Source/queue.o
 .text.prvIsQueueEmpty
                0x08008968       0x2c ./Middlewares/Third_Party/FreeRTOS/Source/queue.o
 .text.prvIsQueueFull
                0x08008994       0x30 ./Middlewares/Third_Party/FreeRTOS/Source/queue.o
 .text.vQueueAddToRegistry
                0x080089c4       0x50 ./Middlewares/Third_Party/FreeRTOS/Source/queue.o
                0x080089c4                vQueueAddToRegistry
 .text.vQueueWaitForMessageRestricted
                0x08008a14       0x68 ./Middlewares/Third_Party/FreeRTOS/Source/queue.o
                0x08008a14                vQueueWaitForMessageRestricted
 .text.xTaskCreateStatic
                0x08008a7c       0xbe ./Middlewares/Third_Party/FreeRTOS/Source/tasks.o
                0x08008a7c                xTaskCreateStatic
 .text.xTaskCreate
                0x08008b3a       0x8a ./Middlewares/Third_Party/FreeRTOS/Source/tasks.o
                0x08008b3a                xTaskCreate
 .text.prvInitialiseNewTask
                0x08008bc4      0x100 ./Middlewares/Third_Party/FreeRTOS/Source/tasks.o
 .text.prvAddNewTaskToReadyList
                0x08008cc4       0xd4 ./Middlewares/Third_Party/FreeRTOS/Source/tasks.o
 .text.vTaskDelay
                0x08008d98       0x6c ./Middlewares/Third_Party/FreeRTOS/Source/tasks.o
                0x08008d98                vTaskDelay
 .text.vTaskStartScheduler
                0x08008e04       0xd0 ./Middlewares/Third_Party/FreeRTOS/Source/tasks.o
                0x08008e04                vTaskStartScheduler
 .text.vTaskSuspendAll
                0x08008ed4       0x1c ./Middlewares/Third_Party/FreeRTOS/Source/tasks.o
                0x08008ed4                vTaskSuspendAll
 .text.xTaskResumeAll
                0x08008ef0      0x13c ./Middlewares/Third_Party/FreeRTOS/Source/tasks.o
                0x08008ef0                xTaskResumeAll
 .text.xTaskGetTickCount
                0x0800902c       0x1c ./Middlewares/Third_Party/FreeRTOS/Source/tasks.o
                0x0800902c                xTaskGetTickCount
 .text.xTaskIncrementTick
                0x08009048      0x17c ./Middlewares/Third_Party/FreeRTOS/Source/tasks.o
                0x08009048                xTaskIncrementTick
 .text.vTaskSwitchContext
                0x080091c4       0xb8 ./Middlewares/Third_Party/FreeRTOS/Source/tasks.o
                0x080091c4                vTaskSwitchContext
 .text.vTaskPlaceOnEventList
                0x0800927c       0x4c ./Middlewares/Third_Party/FreeRTOS/Source/tasks.o
                0x0800927c                vTaskPlaceOnEventList
 .text.vTaskPlaceOnEventListRestricted
                0x080092c8       0x58 ./Middlewares/Third_Party/FreeRTOS/Source/tasks.o
                0x080092c8                vTaskPlaceOnEventListRestricted
 .text.xTaskRemoveFromEventList
                0x08009320       0xc8 ./Middlewares/Third_Party/FreeRTOS/Source/tasks.o
                0x08009320                xTaskRemoveFromEventList
 .text.vTaskInternalSetTimeOutState
                0x080093e8       0x2c ./Middlewares/Third_Party/FreeRTOS/Source/tasks.o
                0x080093e8                vTaskInternalSetTimeOutState
 .text.xTaskCheckForTimeOut
                0x08009414       0xc8 ./Middlewares/Third_Party/FreeRTOS/Source/tasks.o
                0x08009414                xTaskCheckForTimeOut
 .text.vTaskMissedYield
                0x080094dc       0x18 ./Middlewares/Third_Party/FreeRTOS/Source/tasks.o
                0x080094dc                vTaskMissedYield
 .text.prvIdleTask
                0x080094f4       0x30 ./Middlewares/Third_Party/FreeRTOS/Source/tasks.o
 .text.prvInitialiseTaskLists
                0x08009524       0x80 ./Middlewares/Third_Party/FreeRTOS/Source/tasks.o
 .text.prvCheckTasksWaitingTermination
                0x080095a4       0x5c ./Middlewares/Third_Party/FreeRTOS/Source/tasks.o
 .text.prvDeleteTCB
                0x08009600       0x60 ./Middlewares/Third_Party/FreeRTOS/Source/tasks.o
 .text.prvResetNextTaskUnblockTime
                0x08009660       0x48 ./Middlewares/Third_Party/FreeRTOS/Source/tasks.o
 .text.xTaskGetSchedulerState
                0x080096a8       0x3c ./Middlewares/Third_Party/FreeRTOS/Source/tasks.o
                0x080096a8                xTaskGetSchedulerState
 .text.xTaskPriorityDisinherit
                0x080096e4      0x110 ./Middlewares/Third_Party/FreeRTOS/Source/tasks.o
                0x080096e4                xTaskPriorityDisinherit
 .text.prvAddCurrentTaskToDelayedList
                0x080097f4       0xcc ./Middlewares/Third_Party/FreeRTOS/Source/tasks.o
 .text.xTimerCreateTimerTask
                0x080098c0       0x94 ./Middlewares/Third_Party/FreeRTOS/Source/timers.o
                0x080098c0                xTimerCreateTimerTask
 .text.xTimerCreate
                0x08009954       0x42 ./Middlewares/Third_Party/FreeRTOS/Source/timers.o
                0x08009954                xTimerCreate
 .text.xTimerCreateStatic
                0x08009996       0x7e ./Middlewares/Third_Party/FreeRTOS/Source/timers.o
                0x08009996                xTimerCreateStatic
 .text.prvInitialiseNewTimer
                0x08009a14       0x66 ./Middlewares/Third_Party/FreeRTOS/Source/timers.o
 *fill*         0x08009a7a        0x2 
 .text.xTimerGenericCommand
                0x08009a7c       0x9c ./Middlewares/Third_Party/FreeRTOS/Source/timers.o
                0x08009a7c                xTimerGenericCommand
 .text.prvProcessExpiredTimer
                0x08009b18       0x84 ./Middlewares/Third_Party/FreeRTOS/Source/timers.o
 .text.prvTimerTask
                0x08009b9c       0x26 ./Middlewares/Third_Party/FreeRTOS/Source/timers.o
 *fill*         0x08009bc2        0x2 
 .text.prvProcessTimerOrBlockTask
                0x08009bc4       0x9c ./Middlewares/Third_Party/FreeRTOS/Source/timers.o
 .text.prvGetNextExpireTime
                0x08009c60       0x48 ./Middlewares/Third_Party/FreeRTOS/Source/timers.o
 .text.prvSampleTimeNow
                0x08009ca8       0x40 ./Middlewares/Third_Party/FreeRTOS/Source/timers.o
 .text.prvInsertTimerInActiveList
                0x08009ce8       0x84 ./Middlewares/Third_Party/FreeRTOS/Source/timers.o
 .text.prvProcessReceivedCommands
                0x08009d6c      0x140 ./Middlewares/Third_Party/FreeRTOS/Source/timers.o
 .text.prvSwitchTimerLists
                0x08009eac       0xc4 ./Middlewares/Third_Party/FreeRTOS/Source/timers.o
 .text.prvCheckForValidListAndQueue
                0x08009f70       0x80 ./Middlewares/Third_Party/FreeRTOS/Source/timers.o
 .text.pxPortInitialiseStack
                0x08009ff0       0x58 ./Middlewares/Third_Party/FreeRTOS/Source/portable/GCC/ARM_CM3/port.o
                0x08009ff0                pxPortInitialiseStack
 .text.prvTaskExitError
                0x0800a048       0x58 ./Middlewares/Third_Party/FreeRTOS/Source/portable/GCC/ARM_CM3/port.o
 .text.SVC_Handler
                0x0800a0a0       0x28 ./Middlewares/Third_Party/FreeRTOS/Source/portable/GCC/ARM_CM3/port.o
                0x0800a0a0                SVC_Handler
 .text.prvPortStartFirstTask
                0x0800a0c8       0x20 ./Middlewares/Third_Party/FreeRTOS/Source/portable/GCC/ARM_CM3/port.o
 .text.xPortStartScheduler
                0x0800a0e8       0xc0 ./Middlewares/Third_Party/FreeRTOS/Source/portable/GCC/ARM_CM3/port.o
                0x0800a0e8                xPortStartScheduler
 .text.vPortEnterCritical
                0x0800a1a8       0x60 ./Middlewares/Third_Party/FreeRTOS/Source/portable/GCC/ARM_CM3/port.o
                0x0800a1a8                vPortEnterCritical
 .text.vPortExitCritical
                0x0800a208       0x54 ./Middlewares/Third_Party/FreeRTOS/Source/portable/GCC/ARM_CM3/port.o
                0x0800a208                vPortExitCritical
 *fill*         0x0800a25c        0x4 
 .text.PendSV_Handler
                0x0800a260       0x48 ./Middlewares/Third_Party/FreeRTOS/Source/portable/GCC/ARM_CM3/port.o
                0x0800a260                PendSV_Handler
 .text.SysTick_Handler
                0x0800a2a8       0x44 ./Middlewares/Third_Party/FreeRTOS/Source/portable/GCC/ARM_CM3/port.o
                0x0800a2a8                SysTick_Handler
 .text.vPortSetupTimerInterrupt
                0x0800a2ec       0x44 ./Middlewares/Third_Party/FreeRTOS/Source/portable/GCC/ARM_CM3/port.o
                0x0800a2ec                vPortSetupTimerInterrupt
 .text.vPortValidateInterruptPriority
                0x0800a330       0x80 ./Middlewares/Third_Party/FreeRTOS/Source/portable/GCC/ARM_CM3/port.o
                0x0800a330                vPortValidateInterruptPriority
 .text.pvPortMalloc
                0x0800a3b0      0x190 ./Middlewares/Third_Party/FreeRTOS/Source/portable/MemMang/heap_4.o
                0x0800a3b0                pvPortMalloc
 .text.vPortFree
                0x0800a540       0xb8 ./Middlewares/Third_Party/FreeRTOS/Source/portable/MemMang/heap_4.o
                0x0800a540                vPortFree
 .text.prvHeapInit
                0x0800a5f8       0xc4 ./Middlewares/Third_Party/FreeRTOS/Source/portable/MemMang/heap_4.o
 .text.prvInsertBlockIntoFreeList
                0x0800a6bc       0xb0 ./Middlewares/Third_Party/FreeRTOS/Source/portable/MemMang/heap_4.o
 .text._ZdaPv   0x0800a76c        0x4 /opt/st/stm32cubeide_1.15.0/plugins/com.st.stm32cube.ide.mcu.externaltools.gnu-tools-for-stm32.12.3.rel1.linux64_1.0.100.202403111256/tools/bin/../lib/gcc/arm-none-eabi/12.3.1/../../../../arm-none-eabi/lib/thumb/v7-m/nofp/libstdc++_nano.a(del_opv.o)
                0x0800a76c                operator delete[](void*)
 .text._Znaj    0x0800a770        0x4 /opt/st/stm32cubeide_1.15.0/plugins/com.st.stm32cube.ide.mcu.externaltools.gnu-tools-for-stm32.12.3.rel1.linux64_1.0.100.202403111256/tools/bin/../lib/gcc/arm-none-eabi/12.3.1/../../../../arm-none-eabi/lib/thumb/v7-m/nofp/libstdc++_nano.a(new_opv.o)
                0x0800a770                operator new[](unsigned int)
 .text._ZdlPv   0x0800a774        0x4 /opt/st/stm32cubeide_1.15.0/plugins/com.st.stm32cube.ide.mcu.externaltools.gnu-tools-for-stm32.12.3.rel1.linux64_1.0.100.202403111256/tools/bin/../lib/gcc/arm-none-eabi/12.3.1/../../../../arm-none-eabi/lib/thumb/v7-m/nofp/libstdc++_nano.a(del_op.o)
                0x0800a774                operator delete(void*)
 .text._Znwj    0x0800a778       0x22 /opt/st/stm32cubeide_1.15.0/plugins/com.st.stm32cube.ide.mcu.externaltools.gnu-tools-for-stm32.12.3.rel1.linux64_1.0.100.202403111256/tools/bin/../lib/gcc/arm-none-eabi/12.3.1/../../../../arm-none-eabi/lib/thumb/v7-m/nofp/libstdc++_nano.a(new_op.o)
                0x0800a778                operator new(unsigned int)
 *fill*         0x0800a79a        0x2 
 .text._ZSt15get_new_handlerv
                0x0800a79c       0x10 /opt/st/stm32cubeide_1.15.0/plugins/com.st.stm32cube.ide.mcu.externaltools.gnu-tools-for-stm32.12.3.rel1.linux64_1.0.100.202403111256/tools/bin/../lib/gcc/arm-none-eabi/12.3.1/../../../../arm-none-eabi/lib/thumb/v7-m/nofp/libstdc++_nano.a(new_handler.o)
                0x0800a79c                std::get_new_handler()
 .text.pow      0x0800a7ac       0xd0 /opt/st/stm32cubeide_1.15.0/plugins/com.st.stm32cube.ide.mcu.externaltools.gnu-tools-for-stm32.12.3.rel1.linux64_1.0.100.202403111256/tools/bin/../lib/gcc/arm-none-eabi/12.3.1/../../../../arm-none-eabi/lib/thumb/v7-m/nofp/libm.a(libm_a-w_pow.o)
                0x0800a7ac                pow
 .text.finite   0x0800a87c        0xc /opt/st/stm32cubeide_1.15.0/plugins/com.st.stm32cube.ide.mcu.externaltools.gnu-tools-for-stm32.12.3.rel1.linux64_1.0.100.202403111256/tools/bin/../lib/gcc/arm-none-eabi/12.3.1/../../../../arm-none-eabi/lib/thumb/v7-m/nofp/libm.a(libm_a-s_finite.o)
                0x0800a87c                finite
 .text.roundf   0x0800a888       0x48 /opt/st/stm32cubeide_1.15.0/plugins/com.st.stm32cube.ide.mcu.externaltools.gnu-tools-for-stm32.12.3.rel1.linux64_1.0.100.202403111256/tools/bin/../lib/gcc/arm-none-eabi/12.3.1/../../../../arm-none-eabi/lib/thumb/v7-m/nofp/libm.a(libm_a-sf_round.o)
                0x0800a888                roundf
 .text.__ieee754_pow
                0x0800a8d0      0xa50 /opt/st/stm32cubeide_1.15.0/plugins/com.st.stm32cube.ide.mcu.externaltools.gnu-tools-for-stm32.12.3.rel1.linux64_1.0.100.202403111256/tools/bin/../lib/gcc/arm-none-eabi/12.3.1/../../../../arm-none-eabi/lib/thumb/v7-m/nofp/libm.a(libm_a-e_pow.o)
                0x0800a8d0                __ieee754_pow
 .text.fabs     0x0800b320        0x8 /opt/st/stm32cubeide_1.15.0/plugins/com.st.stm32cube.ide.mcu.externaltools.gnu-tools-for-stm32.12.3.rel1.linux64_1.0.100.202403111256/tools/bin/../lib/gcc/arm-none-eabi/12.3.1/../../../../arm-none-eabi/lib/thumb/v7-m/nofp/libm.a(libm_a-s_fabs.o)
                0x0800b320                fabs
 .text.scalbn   0x0800b328       0xec /opt/st/stm32cubeide_1.15.0/plugins/com.st.stm32cube.ide.mcu.externaltools.gnu-tools-for-stm32.12.3.rel1.linux64_1.0.100.202403111256/tools/bin/../lib/gcc/arm-none-eabi/12.3.1/../../../../arm-none-eabi/lib/thumb/v7-m/nofp/libm.a(libm_a-s_scalbn.o)
                0x0800b328                scalbn
 .text.with_errno
                0x0800b414       0x14 /opt/st/stm32cubeide_1.15.0/plugins/com.st.stm32cube.ide.mcu.externaltools.gnu-tools-for-stm32.12.3.rel1.linux64_1.0.100.202403111256/tools/bin/../lib/gcc/arm-none-eabi/12.3.1/../../../../arm-none-eabi/lib/thumb/v7-m/nofp/libm.a(libm_a-math_err.o)
 .text.xflow    0x0800b428       0x26 /opt/st/stm32cubeide_1.15.0/plugins/com.st.stm32cube.ide.mcu.externaltools.gnu-tools-for-stm32.12.3.rel1.linux64_1.0.100.202403111256/tools/bin/../lib/gcc/arm-none-eabi/12.3.1/../../../../arm-none-eabi/lib/thumb/v7-m/nofp/libm.a(libm_a-math_err.o)
 .text.__math_uflow
                0x0800b44e        0xa /opt/st/stm32cubeide_1.15.0/plugins/com.st.stm32cube.ide.mcu.externaltools.gnu-tools-for-stm32.12.3.rel1.linux64_1.0.100.202403111256/tools/bin/../lib/gcc/arm-none-eabi/12.3.1/../../../../arm-none-eabi/lib/thumb/v7-m/nofp/libm.a(libm_a-math_err.o)
                0x0800b44e                __math_uflow
 .text.__math_oflow
                0x0800b458        0xa /opt/st/stm32cubeide_1.15.0/plugins/com.st.stm32cube.ide.mcu.externaltools.gnu-tools-for-stm32.12.3.rel1.linux64_1.0.100.202403111256/tools/bin/../lib/gcc/arm-none-eabi/12.3.1/../../../../arm-none-eabi/lib/thumb/v7-m/nofp/libm.a(libm_a-math_err.o)
                0x0800b458                __math_oflow
 *fill*         0x0800b462        0x2 
 .text.__ieee754_sqrt
                0x0800b464      0x1ac /opt/st/stm32cubeide_1.15.0/plugins/com.st.stm32cube.ide.mcu.externaltools.gnu-tools-for-stm32.12.3.rel1.linux64_1.0.100.202403111256/tools/bin/../lib/gcc/arm-none-eabi/12.3.1/../../../../arm-none-eabi/lib/thumb/v7-m/nofp/libm.a(libm_a-e_sqrt.o)
                0x0800b464                __ieee754_sqrt
 .text.abort    0x0800b610        0xe /opt/st/stm32cubeide_1.15.0/plugins/com.st.stm32cube.ide.mcu.externaltools.gnu-tools-for-stm32.12.3.rel1.linux64_1.0.100.202403111256/tools/bin/../lib/gcc/arm-none-eabi/12.3.1/../../../../arm-none-eabi/lib/thumb/v7-m/nofp/libc_nano.a(libc_a-abort.o)
                0x0800b610                abort
 *fill*         0x0800b61e        0x2 
 .text.malloc   0x0800b620       0x10 /opt/st/stm32cubeide_1.15.0/plugins/com.st.stm32cube.ide.mcu.externaltools.gnu-tools-for-stm32.12.3.rel1.linux64_1.0.100.202403111256/tools/bin/../lib/gcc/arm-none-eabi/12.3.1/../../../../arm-none-eabi/lib/thumb/v7-m/nofp/libc_nano.a(libc_a-malloc.o)
                0x0800b620                malloc
 .text.free     0x0800b630       0x10 /opt/st/stm32cubeide_1.15.0/plugins/com.st.stm32cube.ide.mcu.externaltools.gnu-tools-for-stm32.12.3.rel1.linux64_1.0.100.202403111256/tools/bin/../lib/gcc/arm-none-eabi/12.3.1/../../../../arm-none-eabi/lib/thumb/v7-m/nofp/libc_nano.a(libc_a-malloc.o)
                0x0800b630                free
 .text.sbrk_aligned
                0x0800b640       0x44 /opt/st/stm32cubeide_1.15.0/plugins/com.st.stm32cube.ide.mcu.externaltools.gnu-tools-for-stm32.12.3.rel1.linux64_1.0.100.202403111256/tools/bin/../lib/gcc/arm-none-eabi/12.3.1/../../../../arm-none-eabi/lib/thumb/v7-m/nofp/libc_nano.a(libc_a-mallocr.o)
 .text._malloc_r
                0x0800b684      0x100 /opt/st/stm32cubeide_1.15.0/plugins/com.st.stm32cube.ide.mcu.externaltools.gnu-tools-for-stm32.12.3.rel1.linux64_1.0.100.202403111256/tools/bin/../lib/gcc/arm-none-eabi/12.3.1/../../../../arm-none-eabi/lib/thumb/v7-m/nofp/libc_nano.a(libc_a-mallocr.o)
                0x0800b684                _malloc_r
 .text.__malloc_lock
                0x0800b784        0xc /opt/st/stm32cubeide_1.15.0/plugins/com.st.stm32cube.ide.mcu.externaltools.gnu-tools-for-stm32.12.3.rel1.linux64_1.0.100.202403111256/tools/bin/../lib/gcc/arm-none-eabi/12.3.1/../../../../arm-none-eabi/lib/thumb/v7-m/nofp/libc_nano.a(libc_a-mlock.o)
                0x0800b784                __malloc_lock
 .text.__malloc_unlock
                0x0800b790        0xc /opt/st/stm32cubeide_1.15.0/plugins/com.st.stm32cube.ide.mcu.externaltools.gnu-tools-for-stm32.12.3.rel1.linux64_1.0.100.202403111256/tools/bin/../lib/gcc/arm-none-eabi/12.3.1/../../../../arm-none-eabi/lib/thumb/v7-m/nofp/libc_nano.a(libc_a-mlock.o)
                0x0800b790                __malloc_unlock
 .text.realloc  0x0800b79c       0x10 /opt/st/stm32cubeide_1.15.0/plugins/com.st.stm32cube.ide.mcu.externaltools.gnu-tools-for-stm32.12.3.rel1.linux64_1.0.100.202403111256/tools/bin/../lib/gcc/arm-none-eabi/12.3.1/../../../../arm-none-eabi/lib/thumb/v7-m/nofp/libc_nano.a(libc_a-realloc.o)
                0x0800b79c                realloc
 .text._realloc_r
                0x0800b7ac       0x5c /opt/st/stm32cubeide_1.15.0/plugins/com.st.stm32cube.ide.mcu.externaltools.gnu-tools-for-stm32.12.3.rel1.linux64_1.0.100.202403111256/tools/bin/../lib/gcc/arm-none-eabi/12.3.1/../../../../arm-none-eabi/lib/thumb/v7-m/nofp/libc_nano.a(libc_a-reallocr.o)
                0x0800b7ac                _realloc_r
 .text.__cvt    0x0800b808       0xc8 /opt/st/stm32cubeide_1.15.0/plugins/com.st.stm32cube.ide.mcu.externaltools.gnu-tools-for-stm32.12.3.rel1.linux64_1.0.100.202403111256/tools/bin/../lib/gcc/arm-none-eabi/12.3.1/../../../../arm-none-eabi/lib/thumb/v7-m/nofp/libc_nano.a(libc_a-nano-vfprintf_float.o)
                0x0800b808                __cvt
 .text.__exponent
                0x0800b8d0       0x74 /opt/st/stm32cubeide_1.15.0/plugins/com.st.stm32cube.ide.mcu.externaltools.gnu-tools-for-stm32.12.3.rel1.linux64_1.0.100.202403111256/tools/bin/../lib/gcc/arm-none-eabi/12.3.1/../../../../arm-none-eabi/lib/thumb/v7-m/nofp/libc_nano.a(libc_a-nano-vfprintf_float.o)
                0x0800b8d0                __exponent
 .text._printf_float
                0x0800b944      0x458 /opt/st/stm32cubeide_1.15.0/plugins/com.st.stm32cube.ide.mcu.externaltools.gnu-tools-for-stm32.12.3.rel1.linux64_1.0.100.202403111256/tools/bin/../lib/gcc/arm-none-eabi/12.3.1/../../../../arm-none-eabi/lib/thumb/v7-m/nofp/libc_nano.a(libc_a-nano-vfprintf_float.o)
                0x0800b944                _printf_float
 .text._printf_common
                0x0800bd9c       0xe4 /opt/st/stm32cubeide_1.15.0/plugins/com.st.stm32cube.ide.mcu.externaltools.gnu-tools-for-stm32.12.3.rel1.linux64_1.0.100.202403111256/tools/bin/../lib/gcc/arm-none-eabi/12.3.1/../../../../arm-none-eabi/lib/thumb/v7-m/nofp/libc_nano.a(libc_a-nano-vfprintf_i.o)
                0x0800bd9c                _printf_common
 .text._printf_i
                0x0800be80      0x240 /opt/st/stm32cubeide_1.15.0/plugins/com.st.stm32cube.ide.mcu.externaltools.gnu-tools-for-stm32.12.3.rel1.linux64_1.0.100.202403111256/tools/bin/../lib/gcc/arm-none-eabi/12.3.1/../../../../arm-none-eabi/lib/thumb/v7-m/nofp/libc_nano.a(libc_a-nano-vfprintf_i.o)
                0x0800be80                _printf_i
 .text.std      0x0800c0c0       0x6c /opt/st/stm32cubeide_1.15.0/plugins/com.st.stm32cube.ide.mcu.externaltools.gnu-tools-for-stm32.12.3.rel1.linux64_1.0.100.202403111256/tools/bin/../lib/gcc/arm-none-eabi/12.3.1/../../../../arm-none-eabi/lib/thumb/v7-m/nofp/libc_nano.a(libc_a-findfp.o)
 .text.stdio_exit_handler
                0x0800c12c       0x18 /opt/st/stm32cubeide_1.15.0/plugins/com.st.stm32cube.ide.mcu.externaltools.gnu-tools-for-stm32.12.3.rel1.linux64_1.0.100.202403111256/tools/bin/../lib/gcc/arm-none-eabi/12.3.1/../../../../arm-none-eabi/lib/thumb/v7-m/nofp/libc_nano.a(libc_a-findfp.o)
 .text.cleanup_stdio
                0x0800c144       0x40 /opt/st/stm32cubeide_1.15.0/plugins/com.st.stm32cube.ide.mcu.externaltools.gnu-tools-for-stm32.12.3.rel1.linux64_1.0.100.202403111256/tools/bin/../lib/gcc/arm-none-eabi/12.3.1/../../../../arm-none-eabi/lib/thumb/v7-m/nofp/libc_nano.a(libc_a-findfp.o)
 .text.global_stdio_init.part.0
                0x0800c184       0x3c /opt/st/stm32cubeide_1.15.0/plugins/com.st.stm32cube.ide.mcu.externaltools.gnu-tools-for-stm32.12.3.rel1.linux64_1.0.100.202403111256/tools/bin/../lib/gcc/arm-none-eabi/12.3.1/../../../../arm-none-eabi/lib/thumb/v7-m/nofp/libc_nano.a(libc_a-findfp.o)
 .text.__sfp_lock_acquire
                0x0800c1c0        0xc /opt/st/stm32cubeide_1.15.0/plugins/com.st.stm32cube.ide.mcu.externaltools.gnu-tools-for-stm32.12.3.rel1.linux64_1.0.100.202403111256/tools/bin/../lib/gcc/arm-none-eabi/12.3.1/../../../../arm-none-eabi/lib/thumb/v7-m/nofp/libc_nano.a(libc_a-findfp.o)
                0x0800c1c0                __sfp_lock_acquire
 .text.__sfp_lock_release
                0x0800c1cc        0xc /opt/st/stm32cubeide_1.15.0/plugins/com.st.stm32cube.ide.mcu.externaltools.gnu-tools-for-stm32.12.3.rel1.linux64_1.0.100.202403111256/tools/bin/../lib/gcc/arm-none-eabi/12.3.1/../../../../arm-none-eabi/lib/thumb/v7-m/nofp/libc_nano.a(libc_a-findfp.o)
                0x0800c1cc                __sfp_lock_release
 .text.__sinit  0x0800c1d8       0x30 /opt/st/stm32cubeide_1.15.0/plugins/com.st.stm32cube.ide.mcu.externaltools.gnu-tools-for-stm32.12.3.rel1.linux64_1.0.100.202403111256/tools/bin/../lib/gcc/arm-none-eabi/12.3.1/../../../../arm-none-eabi/lib/thumb/v7-m/nofp/libc_nano.a(libc_a-findfp.o)
                0x0800c1d8                __sinit
 .text._fwalk_sglue
                0x0800c208       0x3c /opt/st/stm32cubeide_1.15.0/plugins/com.st.stm32cube.ide.mcu.externaltools.gnu-tools-for-stm32.12.3.rel1.linux64_1.0.100.202403111256/tools/bin/../lib/gcc/arm-none-eabi/12.3.1/../../../../arm-none-eabi/lib/thumb/v7-m/nofp/libc_nano.a(libc_a-fwalk.o)
                0x0800c208                _fwalk_sglue
 .text.sprintf  0x0800c244       0x40 /opt/st/stm32cubeide_1.15.0/plugins/com.st.stm32cube.ide.mcu.externaltools.gnu-tools-for-stm32.12.3.rel1.linux64_1.0.100.202403111256/tools/bin/../lib/gcc/arm-none-eabi/12.3.1/../../../../arm-none-eabi/lib/thumb/v7-m/nofp/libc_nano.a(libc_a-sprintf.o)
                0x0800c244                sprintf
                0x0800c244                siprintf
 .text.__sread  0x0800c284       0x22 /opt/st/stm32cubeide_1.15.0/plugins/com.st.stm32cube.ide.mcu.externaltools.gnu-tools-for-stm32.12.3.rel1.linux64_1.0.100.202403111256/tools/bin/../lib/gcc/arm-none-eabi/12.3.1/../../../../arm-none-eabi/lib/thumb/v7-m/nofp/libc_nano.a(libc_a-stdio.o)
                0x0800c284                __sread
 .text.__swrite
                0x0800c2a6       0x38 /opt/st/stm32cubeide_1.15.0/plugins/com.st.stm32cube.ide.mcu.externaltools.gnu-tools-for-stm32.12.3.rel1.linux64_1.0.100.202403111256/tools/bin/../lib/gcc/arm-none-eabi/12.3.1/../../../../arm-none-eabi/lib/thumb/v7-m/nofp/libc_nano.a(libc_a-stdio.o)
                0x0800c2a6                __swrite
 .text.__sseek  0x0800c2de       0x24 /opt/st/stm32cubeide_1.15.0/plugins/com.st.stm32cube.ide.mcu.externaltools.gnu-tools-for-stm32.12.3.rel1.linux64_1.0.100.202403111256/tools/bin/../lib/gcc/arm-none-eabi/12.3.1/../../../../arm-none-eabi/lib/thumb/v7-m/nofp/libc_nano.a(libc_a-stdio.o)
                0x0800c2de                __sseek
 .text.__sclose
                0x0800c302        0x8 /opt/st/stm32cubeide_1.15.0/plugins/com.st.stm32cube.ide.mcu.externaltools.gnu-tools-for-stm32.12.3.rel1.linux64_1.0.100.202403111256/tools/bin/../lib/gcc/arm-none-eabi/12.3.1/../../../../arm-none-eabi/lib/thumb/v7-m/nofp/libc_nano.a(libc_a-stdio.o)
                0x0800c302                __sclose
 .text.memset   0x0800c30a       0x10 /opt/st/stm32cubeide_1.15.0/plugins/com.st.stm32cube.ide.mcu.externaltools.gnu-tools-for-stm32.12.3.rel1.linux64_1.0.100.202403111256/tools/bin/../lib/gcc/arm-none-eabi/12.3.1/../../../../arm-none-eabi/lib/thumb/v7-m/nofp/libc_nano.a(libc_a-memset.o)
                0x0800c30a                memset
 .text._raise_r
                0x0800c31a       0x50 /opt/st/stm32cubeide_1.15.0/plugins/com.st.stm32cube.ide.mcu.externaltools.gnu-tools-for-stm32.12.3.rel1.linux64_1.0.100.202403111256/tools/bin/../lib/gcc/arm-none-eabi/12.3.1/../../../../arm-none-eabi/lib/thumb/v7-m/nofp/libc_nano.a(libc_a-signal.o)
                0x0800c31a                _raise_r
 *fill*         0x0800c36a        0x2 
 .text.raise    0x0800c36c       0x10 /opt/st/stm32cubeide_1.15.0/plugins/com.st.stm32cube.ide.mcu.externaltools.gnu-tools-for-stm32.12.3.rel1.linux64_1.0.100.202403111256/tools/bin/../lib/gcc/arm-none-eabi/12.3.1/../../../../arm-none-eabi/lib/thumb/v7-m/nofp/libc_nano.a(libc_a-signal.o)
                0x0800c36c                raise
 .text._localeconv_r
                0x0800c37c        0x8 /opt/st/stm32cubeide_1.15.0/plugins/com.st.stm32cube.ide.mcu.externaltools.gnu-tools-for-stm32.12.3.rel1.linux64_1.0.100.202403111256/tools/bin/../lib/gcc/arm-none-eabi/12.3.1/../../../../arm-none-eabi/lib/thumb/v7-m/nofp/libc_nano.a(libc_a-localeconv.o)
                0x0800c37c                _localeconv_r
 .text._close_r
                0x0800c384       0x20 /opt/st/stm32cubeide_1.15.0/plugins/com.st.stm32cube.ide.mcu.externaltools.gnu-tools-for-stm32.12.3.rel1.linux64_1.0.100.202403111256/tools/bin/../lib/gcc/arm-none-eabi/12.3.1/../../../../arm-none-eabi/lib/thumb/v7-m/nofp/libc_nano.a(libc_a-closer.o)
                0x0800c384                _close_r
 .text._lseek_r
                0x0800c3a4       0x24 /opt/st/stm32cubeide_1.15.0/plugins/com.st.stm32cube.ide.mcu.externaltools.gnu-tools-for-stm32.12.3.rel1.linux64_1.0.100.202403111256/tools/bin/../lib/gcc/arm-none-eabi/12.3.1/../../../../arm-none-eabi/lib/thumb/v7-m/nofp/libc_nano.a(libc_a-lseekr.o)
                0x0800c3a4                _lseek_r
 .text._read_r  0x0800c3c8       0x24 /opt/st/stm32cubeide_1.15.0/plugins/com.st.stm32cube.ide.mcu.externaltools.gnu-tools-for-stm32.12.3.rel1.linux64_1.0.100.202403111256/tools/bin/../lib/gcc/arm-none-eabi/12.3.1/../../../../arm-none-eabi/lib/thumb/v7-m/nofp/libc_nano.a(libc_a-readr.o)
                0x0800c3c8                _read_r
 .text._kill_r  0x0800c3ec       0x24 /opt/st/stm32cubeide_1.15.0/plugins/com.st.stm32cube.ide.mcu.externaltools.gnu-tools-for-stm32.12.3.rel1.linux64_1.0.100.202403111256/tools/bin/../lib/gcc/arm-none-eabi/12.3.1/../../../../arm-none-eabi/lib/thumb/v7-m/nofp/libc_nano.a(libc_a-signalr.o)
                0x0800c3ec                _kill_r
 .text._getpid_r
                0x0800c410        0x4 /opt/st/stm32cubeide_1.15.0/plugins/com.st.stm32cube.ide.mcu.externaltools.gnu-tools-for-stm32.12.3.rel1.linux64_1.0.100.202403111256/tools/bin/../lib/gcc/arm-none-eabi/12.3.1/../../../../arm-none-eabi/lib/thumb/v7-m/nofp/libc_nano.a(libc_a-signalr.o)
                0x0800c410                _getpid_r
 .text._sbrk_r  0x0800c414       0x20 /opt/st/stm32cubeide_1.15.0/plugins/com.st.stm32cube.ide.mcu.externaltools.gnu-tools-for-stm32.12.3.rel1.linux64_1.0.100.202403111256/tools/bin/../lib/gcc/arm-none-eabi/12.3.1/../../../../arm-none-eabi/lib/thumb/v7-m/nofp/libc_nano.a(libc_a-sbrkr.o)
                0x0800c414                _sbrk_r
 .text._write_r
                0x0800c434       0x24 /opt/st/stm32cubeide_1.15.0/plugins/com.st.stm32cube.ide.mcu.externaltools.gnu-tools-for-stm32.12.3.rel1.linux64_1.0.100.202403111256/tools/bin/../lib/gcc/arm-none-eabi/12.3.1/../../../../arm-none-eabi/lib/thumb/v7-m/nofp/libc_nano.a(libc_a-writer.o)
                0x0800c434                _write_r
 .text.__errno  0x0800c458        0xc /opt/st/stm32cubeide_1.15.0/plugins/com.st.stm32cube.ide.mcu.externaltools.gnu-tools-for-stm32.12.3.rel1.linux64_1.0.100.202403111256/tools/bin/../lib/gcc/arm-none-eabi/12.3.1/../../../../arm-none-eabi/lib/thumb/v7-m/nofp/libc_nano.a(libc_a-errno.o)
                0x0800c458                __errno
 .text.__libc_init_array
                0x0800c464       0x48 /opt/st/stm32cubeide_1.15.0/plugins/com.st.stm32cube.ide.mcu.externaltools.gnu-tools-for-stm32.12.3.rel1.linux64_1.0.100.202403111256/tools/bin/../lib/gcc/arm-none-eabi/12.3.1/../../../../arm-none-eabi/lib/thumb/v7-m/nofp/libc_nano.a(libc_a-init.o)
                0x0800c464                __libc_init_array
 .text.__retarget_lock_init_recursive
                0x0800c4ac        0x2 /opt/st/stm32cubeide_1.15.0/plugins/com.st.stm32cube.ide.mcu.externaltools.gnu-tools-for-stm32.12.3.rel1.linux64_1.0.100.202403111256/tools/bin/../lib/gcc/arm-none-eabi/12.3.1/../../../../arm-none-eabi/lib/thumb/v7-m/nofp/libc_nano.a(libc_a-lock.o)
                0x0800c4ac                __retarget_lock_init_recursive
 .text.__retarget_lock_acquire_recursive
                0x0800c4ae        0x2 /opt/st/stm32cubeide_1.15.0/plugins/com.st.stm32cube.ide.mcu.externaltools.gnu-tools-for-stm32.12.3.rel1.linux64_1.0.100.202403111256/tools/bin/../lib/gcc/arm-none-eabi/12.3.1/../../../../arm-none-eabi/lib/thumb/v7-m/nofp/libc_nano.a(libc_a-lock.o)
                0x0800c4ae                __retarget_lock_acquire_recursive
 .text.__retarget_lock_release_recursive
                0x0800c4b0        0x2 /opt/st/stm32cubeide_1.15.0/plugins/com.st.stm32cube.ide.mcu.externaltools.gnu-tools-for-stm32.12.3.rel1.linux64_1.0.100.202403111256/tools/bin/../lib/gcc/arm-none-eabi/12.3.1/../../../../arm-none-eabi/lib/thumb/v7-m/nofp/libc_nano.a(libc_a-lock.o)
                0x0800c4b0                __retarget_lock_release_recursive
 .text.memchr   0x0800c4b2       0x1c /opt/st/stm32cubeide_1.15.0/plugins/com.st.stm32cube.ide.mcu.externaltools.gnu-tools-for-stm32.12.3.rel1.linux64_1.0.100.202403111256/tools/bin/../lib/gcc/arm-none-eabi/12.3.1/../../../../arm-none-eabi/lib/thumb/v7-m/nofp/libc_nano.a(libc_a-memchr-stub.o)
                0x0800c4b2                memchr
 .text.memcpy   0x0800c4ce       0x1c /opt/st/stm32cubeide_1.15.0/plugins/com.st.stm32cube.ide.mcu.externaltools.gnu-tools-for-stm32.12.3.rel1.linux64_1.0.100.202403111256/tools/bin/../lib/gcc/arm-none-eabi/12.3.1/../../../../arm-none-eabi/lib/thumb/v7-m/nofp/libc_nano.a(libc_a-memcpy-stub.o)
                0x0800c4ce                memcpy
 .text.quorem   0x0800c4ea      0x110 /opt/st/stm32cubeide_1.15.0/plugins/com.st.stm32cube.ide.mcu.externaltools.gnu-tools-for-stm32.12.3.rel1.linux64_1.0.100.202403111256/tools/bin/../lib/gcc/arm-none-eabi/12.3.1/../../../../arm-none-eabi/lib/thumb/v7-m/nofp/libc_nano.a(libc_a-dtoa.o)
 *fill*         0x0800c5fa        0x6 
 .text._dtoa_r  0x0800c600      0xb90 /opt/st/stm32cubeide_1.15.0/plugins/com.st.stm32cube.ide.mcu.externaltools.gnu-tools-for-stm32.12.3.rel1.linux64_1.0.100.202403111256/tools/bin/../lib/gcc/arm-none-eabi/12.3.1/../../../../arm-none-eabi/lib/thumb/v7-m/nofp/libc_nano.a(libc_a-dtoa.o)
                0x0800c600                _dtoa_r
 .text._free_r  0x0800d190       0x90 /opt/st/stm32cubeide_1.15.0/plugins/com.st.stm32cube.ide.mcu.externaltools.gnu-tools-for-stm32.12.3.rel1.linux64_1.0.100.202403111256/tools/bin/../lib/gcc/arm-none-eabi/12.3.1/../../../../arm-none-eabi/lib/thumb/v7-m/nofp/libc_nano.a(libc_a-freer.o)
                0x0800d190                _free_r
 .text._Balloc  0x0800d220       0x80 /opt/st/stm32cubeide_1.15.0/plugins/com.st.stm32cube.ide.mcu.externaltools.gnu-tools-for-stm32.12.3.rel1.linux64_1.0.100.202403111256/tools/bin/../lib/gcc/arm-none-eabi/12.3.1/../../../../arm-none-eabi/lib/thumb/v7-m/nofp/libc_nano.a(libc_a-mprec.o)
                0x0800d220                _Balloc
 .text._Bfree   0x0800d2a0       0x44 /opt/st/stm32cubeide_1.15.0/plugins/com.st.stm32cube.ide.mcu.externaltools.gnu-tools-for-stm32.12.3.rel1.linux64_1.0.100.202403111256/tools/bin/../lib/gcc/arm-none-eabi/12.3.1/../../../../arm-none-eabi/lib/thumb/v7-m/nofp/libc_nano.a(libc_a-mprec.o)
                0x0800d2a0                _Bfree
 .text.__multadd
                0x0800d2e4       0x8c /opt/st/stm32cubeide_1.15.0/plugins/com.st.stm32cube.ide.mcu.externaltools.gnu-tools-for-stm32.12.3.rel1.linux64_1.0.100.202403111256/tools/bin/../lib/gcc/arm-none-eabi/12.3.1/../../../../arm-none-eabi/lib/thumb/v7-m/nofp/libc_nano.a(libc_a-mprec.o)
                0x0800d2e4                __multadd
 .text.__hi0bits
                0x0800d370       0x3e /opt/st/stm32cubeide_1.15.0/plugins/com.st.stm32cube.ide.mcu.externaltools.gnu-tools-for-stm32.12.3.rel1.linux64_1.0.100.202403111256/tools/bin/../lib/gcc/arm-none-eabi/12.3.1/../../../../arm-none-eabi/lib/thumb/v7-m/nofp/libc_nano.a(libc_a-mprec.o)
                0x0800d370                __hi0bits
 .text.__lo0bits
                0x0800d3ae       0x5a /opt/st/stm32cubeide_1.15.0/plugins/com.st.stm32cube.ide.mcu.externaltools.gnu-tools-for-stm32.12.3.rel1.linux64_1.0.100.202403111256/tools/bin/../lib/gcc/arm-none-eabi/12.3.1/../../../../arm-none-eabi/lib/thumb/v7-m/nofp/libc_nano.a(libc_a-mprec.o)
                0x0800d3ae                __lo0bits
 .text.__i2b    0x0800d408       0x2c /opt/st/stm32cubeide_1.15.0/plugins/com.st.stm32cube.ide.mcu.externaltools.gnu-tools-for-stm32.12.3.rel1.linux64_1.0.100.202403111256/tools/bin/../lib/gcc/arm-none-eabi/12.3.1/../../../../arm-none-eabi/lib/thumb/v7-m/nofp/libc_nano.a(libc_a-mprec.o)
                0x0800d408                __i2b
 .text.__multiply
                0x0800d434      0x150 /opt/st/stm32cubeide_1.15.0/plugins/com.st.stm32cube.ide.mcu.externaltools.gnu-tools-for-stm32.12.3.rel1.linux64_1.0.100.202403111256/tools/bin/../lib/gcc/arm-none-eabi/12.3.1/../../../../arm-none-eabi/lib/thumb/v7-m/nofp/libc_nano.a(libc_a-mprec.o)
                0x0800d434                __multiply
 .text.__pow5mult
                0x0800d584       0xb4 /opt/st/stm32cubeide_1.15.0/plugins/com.st.stm32cube.ide.mcu.externaltools.gnu-tools-for-stm32.12.3.rel1.linux64_1.0.100.202403111256/tools/bin/../lib/gcc/arm-none-eabi/12.3.1/../../../../arm-none-eabi/lib/thumb/v7-m/nofp/libc_nano.a(libc_a-mprec.o)
                0x0800d584                __pow5mult
 .text.__lshift
                0x0800d638       0xd8 /opt/st/stm32cubeide_1.15.0/plugins/com.st.stm32cube.ide.mcu.externaltools.gnu-tools-for-stm32.12.3.rel1.linux64_1.0.100.202403111256/tools/bin/../lib/gcc/arm-none-eabi/12.3.1/../../../../arm-none-eabi/lib/thumb/v7-m/nofp/libc_nano.a(libc_a-mprec.o)
                0x0800d638                __lshift
 .text.__mcmp   0x0800d710       0x36 /opt/st/stm32cubeide_1.15.0/plugins/com.st.stm32cube.ide.mcu.externaltools.gnu-tools-for-stm32.12.3.rel1.linux64_1.0.100.202403111256/tools/bin/../lib/gcc/arm-none-eabi/12.3.1/../../../../arm-none-eabi/lib/thumb/v7-m/nofp/libc_nano.a(libc_a-mprec.o)
                0x0800d710                __mcmp
 *fill*         0x0800d746        0x2 
 .text.__mdiff  0x0800d748      0x128 /opt/st/stm32cubeide_1.15.0/plugins/com.st.stm32cube.ide.mcu.externaltools.gnu-tools-for-stm32.12.3.rel1.linux64_1.0.100.202403111256/tools/bin/../lib/gcc/arm-none-eabi/12.3.1/../../../../arm-none-eabi/lib/thumb/v7-m/nofp/libc_nano.a(libc_a-mprec.o)
                0x0800d748                __mdiff
 .text.__d2b    0x0800d870       0xb0 /opt/st/stm32cubeide_1.15.0/plugins/com.st.stm32cube.ide.mcu.externaltools.gnu-tools-for-stm32.12.3.rel1.linux64_1.0.100.202403111256/tools/bin/../lib/gcc/arm-none-eabi/12.3.1/../../../../arm-none-eabi/lib/thumb/v7-m/nofp/libc_nano.a(libc_a-mprec.o)
                0x0800d870                __d2b
 .text._malloc_usable_size_r
                0x0800d920       0x10 /opt/st/stm32cubeide_1.15.0/plugins/com.st.stm32cube.ide.mcu.externaltools.gnu-tools-for-stm32.12.3.rel1.linux64_1.0.100.202403111256/tools/bin/../lib/gcc/arm-none-eabi/12.3.1/../../../../arm-none-eabi/lib/thumb/v7-m/nofp/libc_nano.a(libc_a-msizer.o)
                0x0800d920                _malloc_usable_size_r
 .text.__ssputs_r
                0x0800d930       0xb6 /opt/st/stm32cubeide_1.15.0/plugins/com.st.stm32cube.ide.mcu.externaltools.gnu-tools-for-stm32.12.3.rel1.linux64_1.0.100.202403111256/tools/bin/../lib/gcc/arm-none-eabi/12.3.1/../../../../arm-none-eabi/lib/thumb/v7-m/nofp/libc_nano.a(libc_a-nano-svfprintf.o)
                0x0800d930                __ssputs_r
 *fill*         0x0800d9e6        0x2 
 .text._svfprintf_r
                0x0800d9e8      0x1f8 /opt/st/stm32cubeide_1.15.0/plugins/com.st.stm32cube.ide.mcu.externaltools.gnu-tools-for-stm32.12.3.rel1.linux64_1.0.100.202403111256/tools/bin/../lib/gcc/arm-none-eabi/12.3.1/../../../../arm-none-eabi/lib/thumb/v7-m/nofp/libc_nano.a(libc_a-nano-svfprintf.o)
                0x0800d9e8                _svfprintf_r
                0x0800d9e8                _svfiprintf_r
 .text.__sflush_r
                0x0800dbe0      0x100 /opt/st/stm32cubeide_1.15.0/plugins/com.st.stm32cube.ide.mcu.externaltools.gnu-tools-for-stm32.12.3.rel1.linux64_1.0.100.202403111256/tools/bin/../lib/gcc/arm-none-eabi/12.3.1/../../../../arm-none-eabi/lib/thumb/v7-m/nofp/libc_nano.a(libc_a-fflush.o)
                0x0800dbe0                __sflush_r
 .text._fflush_r