../Core/Inc/std_msgs/Time.h:24:17:virtual int std_msgs::Time::serialize(unsigned char*) const	0	static
../Core/Inc/std_msgs/Time.h:40:17:virtual int std_msgs::Time::deserialize(unsigned char*)	0	static
../Core/Inc/std_msgs/Time.h:56:26:virtual const char* std_msgs::Time::getType()	0	static
../Core/Inc/std_msgs/Time.h:57:26:virtual const char* std_msgs::Time::getMD5()	0	static
../Core/Inc/rosserial_msgs/TopicInfo.h:124:26:virtual const char* rosserial_msgs::TopicInfo::getType()	0	static
../Core/Inc/rosserial_msgs/TopicInfo.h:125:26:virtual const char* rosserial_msgs::TopicInfo::getMD5()	0	static
../Core/Inc/rosserial_msgs/Log.h:67:22:virtual const char* rosserial_msgs::Log::getType()	0	static
../Core/Inc/rosserial_msgs/Log.h:71:22:virtual const char* rosserial_msgs::Log::getMD5()	0	static
../Core/Inc/rosserial_msgs/RequestParam.h:200:26:virtual const char* rosserial_msgs::RequestParamResponse::getType()	0	static
../Core/Inc/rosserial_msgs/RequestParam.h:201:26:virtual const char* rosserial_msgs::RequestParamResponse::getMD5()	0	static
../Core/Inc/std_msgs/String.h:46:22:virtual const char* std_msgs::String::getType()	0	static
../Core/Inc/std_msgs/String.h:50:22:virtual const char* std_msgs::String::getMD5()	0	static
../Core/Inc/std_msgs/MultiArrayDimension.h:70:22:virtual const char* std_msgs::MultiArrayDimension::getType()	0	static
../Core/Inc/std_msgs/MultiArrayDimension.h:74:22:virtual const char* std_msgs::MultiArrayDimension::getMD5()	0	static
../Core/Inc/std_msgs/MultiArrayLayout.h:29:17:virtual int std_msgs::MultiArrayLayout::serialize(unsigned char*) const	24	static
../Core/Inc/std_msgs/MultiArrayLayout.h:71:26:virtual const char* std_msgs::MultiArrayLayout::getType()	0	static
../Core/Inc/std_msgs/MultiArrayLayout.h:72:26:virtual const char* std_msgs::MultiArrayLayout::getMD5()	0	static
../Core/Inc/std_msgs/Float32MultiArray.h:29:17:virtual int std_msgs::Float32MultiArray::serialize(unsigned char*) const	16	static
../Core/Inc/std_msgs/Float32MultiArray.h:82:26:virtual const char* std_msgs::Float32MultiArray::getType()	0	static
../Core/Inc/std_msgs/Float32MultiArray.h:83:26:virtual const char* std_msgs::Float32MultiArray::getMD5()	0	static
../Core/Inc/ros/subscriber.h:128:15:int ros::Subscriber<MsgT, void>::getEndpointType() [with MsgT = std_msgs::Float32MultiArray]	0	static
../Core/Inc/ros/subscriber.h:120:24:const char* ros::Subscriber<MsgT, void>::getMsgType() [with MsgT = std_msgs::Float32MultiArray]	0	static
../Core/Inc/ros/subscriber.h:124:24:const char* ros::Subscriber<MsgT, void>::getMsgMD5() [with MsgT = std_msgs::Float32MultiArray]	0	static
../Core/Inc/ros/node_handle.h:339:16:bool ros::NodeHandle_<Hardware, MAX_SUBSCRIBERS, MAX_PUBLISHERS, INPUT_SIZE, OUTPUT_SIZE>::connected() [with Hardware = STM32Hardware; int MAX_SUBSCRIBERS = 25; int MAX_PUBLISHERS = 25; int INPUT_SIZE = 512; int OUTPUT_SIZE = 512]	0	static
../Core/Src/mainpp.cpp:34:6:void stringCallback(const std_msgs::Float32MultiArray&)	32	static
../Core/Inc/STM32Hardware.h:97:10:void STM32Hardware::flush()	16	static
../Core/Inc/ros/node_handle.h:470:15:int ros::NodeHandle_<Hardware, MAX_SUBSCRIBERS, MAX_PUBLISHERS, INPUT_SIZE, OUTPUT_SIZE>::publish(int, const ros::Msg*) [with Hardware = STM32Hardware; int MAX_SUBSCRIBERS = 25; int MAX_PUBLISHERS = 25; int INPUT_SIZE = 512; int OUTPUT_SIZE = 512]	48	static
../Core/Src/mainpp.cpp:57:6:void HAL_UART_TxCpltCallback(UART_HandleTypeDef*)	8	static
../Core/Src/mainpp.cpp:61:6:void HAL_UART_RxCpltCallback(UART_HandleTypeDef*)	0	static
../Core/Src/mainpp.cpp:67:6:void setup()	8	static
../Core/Inc/ros/msg.h:188:15:static void ros::Msg::varToArr(A, V) [with A = unsigned char*; V = long unsigned int]	0	static
../Core/Inc/std_msgs/MultiArrayDimension.h:24:14:virtual int std_msgs::MultiArrayDimension::serialize(unsigned char*) const	16	static
../Core/Inc/std_msgs/String.h:20:14:virtual int std_msgs::String::serialize(unsigned char*) const	16	static
../Core/Inc/rosserial_msgs/RequestParam.h:78:17:virtual int rosserial_msgs::RequestParamResponse::serialize(unsigned char*) const	24	static
../Core/Inc/rosserial_msgs/Log.h:37:14:virtual int rosserial_msgs::Log::serialize(unsigned char*) const	24	static
../Core/Inc/rosserial_msgs/TopicInfo.h:43:17:virtual int rosserial_msgs::TopicInfo::serialize(unsigned char*) const	24	static
../Core/Inc/ros/msg.h:196:15:static void ros::Msg::arrToVar(V&, A) [with V = long unsigned int; A = unsigned char*]	8	static
../Core/Inc/rosserial_msgs/Log.h:50:14:virtual int rosserial_msgs::Log::deserialize(unsigned char*)	32	static
../Core/Inc/std_msgs/MultiArrayDimension.h:45:14:virtual int std_msgs::MultiArrayDimension::deserialize(unsigned char*)	32	static
../Core/Inc/std_msgs/MultiArrayLayout.h:48:17:virtual int std_msgs::MultiArrayLayout::deserialize(unsigned char*)	32	static
../Core/Inc/std_msgs/Float32MultiArray.h:53:17:virtual int std_msgs::Float32MultiArray::deserialize(unsigned char*)	24	static
../Core/Inc/ros/subscriber.h:114:16:void ros::Subscriber<MsgT, void>::callback(unsigned char*) [with MsgT = std_msgs::Float32MultiArray]	16	static
../Core/Inc/rosserial_msgs/TopicInfo.h:77:17:virtual int rosserial_msgs::TopicInfo::deserialize(unsigned char*)	40	static
../Core/Inc/rosserial_msgs/RequestParam.h:130:17:virtual int rosserial_msgs::RequestParamResponse::deserialize(unsigned char*)	40	static
../Core/Inc/std_msgs/String.h:31:14:virtual int std_msgs::String::deserialize(unsigned char*)	32	static
../Core/Inc/ros/node_handle.h:348:8:void ros::NodeHandle_<Hardware, MAX_SUBSCRIBERS, MAX_PUBLISHERS, INPUT_SIZE, OUTPUT_SIZE>::requestSyncTime() [with Hardware = STM32Hardware; int MAX_SUBSCRIBERS = 25; int MAX_PUBLISHERS = 25; int INPUT_SIZE = 512; int OUTPUT_SIZE = 512]	24	static
../Core/Inc/ros/node_handle.h:439:8:void ros::NodeHandle_<Hardware, MAX_SUBSCRIBERS, MAX_PUBLISHERS, INPUT_SIZE, OUTPUT_SIZE>::negotiateTopics() [with Hardware = STM32Hardware; int MAX_SUBSCRIBERS = 25; int MAX_PUBLISHERS = 25; int INPUT_SIZE = 512; int OUTPUT_SIZE = 512]	48	static
../Core/Inc/ros/node_handle.h:355:8:void ros::NodeHandle_<Hardware, MAX_SUBSCRIBERS, MAX_PUBLISHERS, INPUT_SIZE, OUTPUT_SIZE>::syncTime(uint8_t*) [with Hardware = STM32Hardware; int MAX_SUBSCRIBERS = 25; int MAX_PUBLISHERS = 25; int INPUT_SIZE = 512; int OUTPUT_SIZE = 512]	40	static
../Core/Inc/ros/node_handle.h:188:15:int ros::NodeHandle_<Hardware, MAX_SUBSCRIBERS, MAX_PUBLISHERS, INPUT_SIZE, OUTPUT_SIZE>::spinOnce() [with Hardware = STM32Hardware; int MAX_SUBSCRIBERS = 25; int MAX_PUBLISHERS = 25; int INPUT_SIZE = 512; int OUTPUT_SIZE = 512]	24	static
../Core/Src/mainpp.cpp:78:6:void loop()	40	static
../Core/Src/mainpp.cpp:98:1:cpp)	16	static
