Archive member included to satisfy reference by file (symbol)

/opt/st/stm32cubeide_1.15.0/plugins/com.st.stm32cube.ide.mcu.externaltools.gnu-tools-for-stm32.12.3.rel1.linux64_1.0.100.202403111256/tools/bin/../lib/gcc/arm-none-eabi/12.3.1/../../../../arm-none-eabi/lib/thumb/v7-m/nofp/libm.a(libm_a-w_pow.o)
                              ./ECUAL/motor_driver/motor_driver.o (pow)
/opt/st/stm32cubeide_1.15.0/plugins/com.st.stm32cube.ide.mcu.externaltools.gnu-tools-for-stm32.12.3.rel1.linux64_1.0.100.202403111256/tools/bin/../lib/gcc/arm-none-eabi/12.3.1/../../../../arm-none-eabi/lib/thumb/v7-m/nofp/libm.a(libm_a-s_finite.o)
                              /opt/st/stm32cubeide_1.15.0/plugins/com.st.stm32cube.ide.mcu.externaltools.gnu-tools-for-stm32.12.3.rel1.linux64_1.0.100.202403111256/tools/bin/../lib/gcc/arm-none-eabi/12.3.1/../../../../arm-none-eabi/lib/thumb/v7-m/nofp/libm.a(libm_a-w_pow.o) (finite)
/opt/st/stm32cubeide_1.15.0/plugins/com.st.stm32cube.ide.mcu.externaltools.gnu-tools-for-stm32.12.3.rel1.linux64_1.0.100.202403111256/tools/bin/../lib/gcc/arm-none-eabi/12.3.1/../../../../arm-none-eabi/lib/thumb/v7-m/nofp/libm.a(libm_a-sf_round.o)
                              ./Core/Src/mainpp.o (roundf)
/opt/st/stm32cubeide_1.15.0/plugins/com.st.stm32cube.ide.mcu.externaltools.gnu-tools-for-stm32.12.3.rel1.linux64_1.0.100.202403111256/tools/bin/../lib/gcc/arm-none-eabi/12.3.1/../../../../arm-none-eabi/lib/thumb/v7-m/nofp/libm.a(libm_a-e_pow.o)
                              /opt/st/stm32cubeide_1.15.0/plugins/com.st.stm32cube.ide.mcu.externaltools.gnu-tools-for-stm32.12.3.rel1.linux64_1.0.100.202403111256/tools/bin/../lib/gcc/arm-none-eabi/12.3.1/../../../../arm-none-eabi/lib/thumb/v7-m/nofp/libm.a(libm_a-w_pow.o) (__ieee754_pow)
/opt/st/stm32cubeide_1.15.0/plugins/com.st.stm32cube.ide.mcu.externaltools.gnu-tools-for-stm32.12.3.rel1.linux64_1.0.100.202403111256/tools/bin/../lib/gcc/arm-none-eabi/12.3.1/../../../../arm-none-eabi/lib/thumb/v7-m/nofp/libm.a(libm_a-s_fabs.o)
                              /opt/st/stm32cubeide_1.15.0/plugins/com.st.stm32cube.ide.mcu.externaltools.gnu-tools-for-stm32.12.3.rel1.linux64_1.0.100.202403111256/tools/bin/../lib/gcc/arm-none-eabi/12.3.1/../../../../arm-none-eabi/lib/thumb/v7-m/nofp/libm.a(libm_a-e_pow.o) (fabs)
/opt/st/stm32cubeide_1.15.0/plugins/com.st.stm32cube.ide.mcu.externaltools.gnu-tools-for-stm32.12.3.rel1.linux64_1.0.100.202403111256/tools/bin/../lib/gcc/arm-none-eabi/12.3.1/../../../../arm-none-eabi/lib/thumb/v7-m/nofp/libm.a(libm_a-s_scalbn.o)
                              /opt/st/stm32cubeide_1.15.0/plugins/com.st.stm32cube.ide.mcu.externaltools.gnu-tools-for-stm32.12.3.rel1.linux64_1.0.100.202403111256/tools/bin/../lib/gcc/arm-none-eabi/12.3.1/../../../../arm-none-eabi/lib/thumb/v7-m/nofp/libm.a(libm_a-e_pow.o) (scalbn)
/opt/st/stm32cubeide_1.15.0/plugins/com.st.stm32cube.ide.mcu.externaltools.gnu-tools-for-stm32.12.3.rel1.linux64_1.0.100.202403111256/tools/bin/../lib/gcc/arm-none-eabi/12.3.1/../../../../arm-none-eabi/lib/thumb/v7-m/nofp/libm.a(libm_a-math_err.o)
                              /opt/st/stm32cubeide_1.15.0/plugins/com.st.stm32cube.ide.mcu.externaltools.gnu-tools-for-stm32.12.3.rel1.linux64_1.0.100.202403111256/tools/bin/../lib/gcc/arm-none-eabi/12.3.1/../../../../arm-none-eabi/lib/thumb/v7-m/nofp/libm.a(libm_a-e_pow.o) (__math_uflow)
/opt/st/stm32cubeide_1.15.0/plugins/com.st.stm32cube.ide.mcu.externaltools.gnu-tools-for-stm32.12.3.rel1.linux64_1.0.100.202403111256/tools/bin/../lib/gcc/arm-none-eabi/12.3.1/../../../../arm-none-eabi/lib/thumb/v7-m/nofp/libm.a(libm_a-e_sqrt.o)
                              /opt/st/stm32cubeide_1.15.0/plugins/com.st.stm32cube.ide.mcu.externaltools.gnu-tools-for-stm32.12.3.rel1.linux64_1.0.100.202403111256/tools/bin/../lib/gcc/arm-none-eabi/12.3.1/../../../../arm-none-eabi/lib/thumb/v7-m/nofp/libm.a(libm_a-e_pow.o) (__ieee754_sqrt)
/opt/st/stm32cubeide_1.15.0/plugins/com.st.stm32cube.ide.mcu.externaltools.gnu-tools-for-stm32.12.3.rel1.linux64_1.0.100.202403111256/tools/bin/../lib/gcc/arm-none-eabi/12.3.1/../../../../arm-none-eabi/lib/thumb/v7-m/nofp/libc_nano.a(libc_a-exit.o)
                              /opt/st/stm32cubeide_1.15.0/plugins/com.st.stm32cube.ide.mcu.externaltools.gnu-tools-for-stm32.12.3.rel1.linux64_1.0.100.202403111256/tools/bin/../lib/gcc/arm-none-eabi/12.3.1/../../../../arm-none-eabi/lib/thumb/v7-m/nofp/crt0.o (exit)
/opt/st/stm32cubeide_1.15.0/plugins/com.st.stm32cube.ide.mcu.externaltools.gnu-tools-for-stm32.12.3.rel1.linux64_1.0.100.202403111256/tools/bin/../lib/gcc/arm-none-eabi/12.3.1/../../../../arm-none-eabi/lib/thumb/v7-m/nofp/libc_nano.a(libc_a-realloc.o)
                              ./Core/Src/mainpp.o (realloc)
/opt/st/stm32cubeide_1.15.0/plugins/com.st.stm32cube.ide.mcu.externaltools.gnu-tools-for-stm32.12.3.rel1.linux64_1.0.100.202403111256/tools/bin/../lib/gcc/arm-none-eabi/12.3.1/../../../../arm-none-eabi/lib/thumb/v7-m/nofp/libc_nano.a(libc_a-reallocr.o)
[...]
Memory Configuration

Name             Origin             Length             Attributes
RAM              0x20000000         0x00005000         xrw
FLASH            0x08000000         0x00010000         xr
*default*        0x00000000         0xffffffff

Linker script and memory map

LOAD /opt/st/stm32cubeide_1.15.0/plugins/com.st.stm32cube.ide.mcu.externaltools.gnu-tools-for-stm32.12.3.rel1.linux64_1.0.100.202403111256/tools/bin/../lib/gcc/arm-none-eabi/12.3.1/thumb/v7-m/nofp/crti.o
LOAD /opt/st/stm32cubeide_1.15.0/plugins/com.st.stm32cube.ide.mcu.externaltools.gnu-tools-for-stm32.12.3.rel1.linux64_1.0.100.202403111256/tools/bin/../lib/gcc/arm-none-eabi/12.3.1/thumb/v7-m/nofp/crtbegin.o
LOAD /opt/st/stm32cubeide_1.15.0/plugins/com.st.stm32cube.ide.mcu.externaltools.gnu-tools-for-stm32.12.3.rel1.linux64_1.0.100.202403111256/tools/bin/../lib/gcc/arm-none-eabi/12.3.1/../../../../arm-none-eabi/lib/thumb/v7-m/nofp/crt0.o
LOAD ./Core/Src/dma.o
LOAD ./Core/Src/freertos.o
LOAD ./Core/Src/gpio.o
LOAD ./Core/Src/main.o
LOAD ./Core/Src/mainpp.o
LOAD ./Core/Src/stm32f1xx_hal_msp.o
LOAD ./Core/Src/stm32f1xx_hal_timebase_tim.o
LOAD ./Core/Src/stm32f1xx_it.o
LOAD ./Core/Src/syscalls.o
LOAD ./Core/Src/sysmem.o
LOAD ./Core/Src/system_stm32f1xx.o
LOAD ./Core/Src/tim.o
LOAD ./Core/Src/time.o
LOAD ./Core/Src/usart.o
LOAD ./Core/Startup/startup_stm32f103c8tx.o
LOAD ./Drivers/STM32F1xx_HAL_Driver/Src/stm32f1xx_hal.o
LOAD ./Drivers/STM32F1xx_HAL_Driver/Src/stm32f1xx_hal_cortex.o
LOAD ./Drivers/STM32F1xx_HAL_Driver/Src/stm32f1xx_hal_dma.o
LOAD ./Drivers/STM32F1xx_HAL_Driver/Src/stm32f1xx_hal_exti.o
LOAD ./Drivers/STM32F1xx_HAL_Driver/Src/stm32f1xx_hal_flash.o
LOAD ./Drivers/STM32F1xx_HAL_Driver/Src/stm32f1xx_hal_flash_ex.o
LOAD ./Drivers/STM32F1xx_HAL_Driver/Src/stm32f1xx_hal_gpio.o
LOAD ./Drivers/STM32F1xx_HAL_Driver/Src/stm32f1xx_hal_gpio_ex.o
LOAD ./Drivers/STM32F1xx_HAL_Driver/Src/stm32f1xx_hal_pwr.o
LOAD ./Drivers/STM32F1xx_HAL_Driver/Src/stm32f1xx_hal_rcc.o
LOAD ./Drivers/STM32F1xx_HAL_Driver/Src/stm32f1xx_hal_rcc_ex.o
LOAD ./Drivers/STM32F1xx_HAL_Driver/Src/stm32f1xx_hal_tim.o
LOAD ./Drivers/STM32F1xx_HAL_Driver/Src/stm32f1xx_hal_tim_ex.o
LOAD ./Drivers/STM32F1xx_HAL_Driver/Src/stm32f1xx_hal_uart.o
LOAD ./ECUAL/motor_driver/motor_driver.o
LOAD ./ECUAL/motor_speed/motor_speed.o
LOAD ./ECUAL/pid/pid_v1.o
LOAD ./Middlewares/Third_Party/FreeRTOS/Source/CMSIS_RTOS/cmsis_os.o
LOAD ./Middlewares/Third_Party/FreeRTOS/Source/croutine.o
LOAD ./Middlewares/Third_Party/FreeRTOS/Source/event_groups.o
LOAD ./Middlewares/Third_Party/FreeRTOS/Source/list.o
LOAD ./Middlewares/Third_Party/FreeRTOS/Source/queue.o
LOAD ./Middlewares/Third_Party/FreeRTOS/Source/stream_buffer.o
LOAD ./Middlewares/Third_Party/FreeRTOS/Source/tasks.o
LOAD ./Middlewares/Third_Party/FreeRTOS/Source/timers.o
LOAD ./Middlewares/Third_Party/FreeRTOS/Source/portable/GCC/ARM_CM3/port.o
LOAD ./Middlewares/Third_Party/FreeRTOS/Source/portable/MemMang/heap_4.o
START GROUP
LOAD /opt/st/stm32cubeide_1.15.0/plugins/com.st.stm32cube.ide.mcu.externaltools.gnu-tools-for-stm32.12.3.rel1.linux64_1.0.100.202403111256/tools/bin/../lib/gcc/arm-none-eabi/12.3.1/../../../../arm-none-eabi/lib/thumb/v7-m/nofp/libstdc++_nano.a
LOAD /opt/st/stm32cubeide_1.15.0/plugins/com.st.stm32cube.ide.mcu.externaltools.gnu-tools-for-stm32.12.3.rel1.linux64_1.0.100.202403111256/tools/bin/../lib/gcc/arm-none-eabi/12.3.1/../../../../arm-none-eabi/lib/thumb/v7-m/nofp/libsupc++_nano.a
END GROUP
LOAD /opt/st/stm32cubeide_1.15.0/plugins/com.st.stm32cube.ide.mcu.externaltools.gnu-tools-for-stm32.12.3.rel1.linux64_1.0.100.202403111256/tools/bin/../lib/gcc/arm-none-eabi/12.3.1/../../../../arm-none-eabi/lib/thumb/v7-m/nofp/libstdc++_nano.a
LOAD /opt/st/stm32cubeide_1.15.0/plugins/com.st.stm32cube.ide.mcu.externaltools.gnu-tools-for-stm32.12.3.rel1.linux64_1.0.100.202403111256/tools/bin/../lib/gcc/arm-none-eabi/12.3.1/../../../../arm-none-eabi/lib/thumb/v7-m/nofp/libm.a
LOAD /opt/st/stm32cubeide_1.15.0/plugins/com.st.stm32cube.ide.mcu.externaltools.gnu-tools-for-stm32.12.3.rel1.linux64_1.0.100.202403111256/tools/bin/../lib/gcc/arm-none-eabi/12.3.1/../../../../arm-none-eabi/lib/thumb/v7-m/nofp/libc_nano.a
START GROUP
LOAD /opt/st/stm32cubeide_1.15.0/plugins/com.st.stm32cube.ide.mcu.externaltools.gnu-tools-for-stm32.12.3.rel1.linux64_1.0.100.202403111256/tools/bin/../lib/gcc/arm-none-eabi/12.3.1/thumb/v7-m/nofp/libgcc.a
LOAD /opt/st/stm32cubeide_1.15.0/plugins/com.st.stm32cube.ide.mcu.externaltools.gnu-tools-for-stm32.12.3.rel1.linux64_1.0.100.202403111256/tools/bin/../lib/gcc/arm-none-eabi/12.3.1/../../../../arm-none-eabi/lib/thumb/v7-m/nofp/libc_nano.a
END GROUP
START GROUP
LOAD /opt/st/stm32cubeide_1.15.0/plugins/com.st.stm32cube.ide.mcu.externaltools.gnu-tools-for-stm32.12.3.rel1.linux64_1.0.100.202403111256/tools/bin/../lib/gcc/arm-none-eabi/12.3.1/thumb/v7-m/nofp/libgcc.a
LOAD /opt/st/stm32cubeide_1.15.0/plugins/com.st.stm32cube.ide.mcu.externaltools.gnu-tools-for-stm32.12.3.rel1.linux64_1.0.100.202403111256/tools/bin/../lib/gcc/arm-none-eabi/12.3.1/../../../../arm-none-eabi/lib/thumb/v7-m/nofp/libc_nano.a
END GROUP
LOAD /opt/st/stm32cubeide_1.15.0/plugins/com.st.stm32cube.ide.mcu.externaltools.gnu-tools-for-stm32.12.3.rel1.linux64_1.0.100.202403111256/tools/bin/../lib/gcc/arm-none-eabi/12.3.1/thumb/v7-m/nofp/crtend.o
LOAD /opt/st/stm32cubeide_1.15.0/plugins/com.st.stm32cube.ide.mcu.externaltools.gnu-tools-for-stm32.12.3.rel1.linux64_1.0.100.202403111256/tools/bin/../lib/gcc/arm-none-eabi/12.3.1/thumb/v7-m/nofp/crtn.o
                0x20005000                        _estack = (ORIGIN (RAM) + LENGTH (RAM))
                0x00000200                        _Min_Heap_Size = 0x200
                0x00000400                        _Min_Stack_Size = 0x400

.isr_vector     0x08000000      0x10c
                0x08000000                        . = ALIGN (0x4)
 *(.isr_vector)
 .isr_vector    0x08000000      0x10c ./Core/Startup/startup_stm32f103c8tx.o
                0x08000000                g_pfnVectors
                0x0800010c                        . = ALIGN (0x4)

.text           0x08000110     0x7a88
                0x08000110                        . = ALIGN (0x4)
 *(.text)
 .text          0x08000110       0x40 /opt/st/stm32cubeide_1.15.0/plugins/com.st.stm32cube.ide.mcu.externaltools.gnu-tools-for-stm32.12.3.rel1.linux64_1.0.100.202403111256/tools/bin/../lib/gcc/arm-none-eabi/12.3.1/thumb/v7-m/nofp/crtbegin.o
 .text          0x08000150       0x10 /opt/st/stm32cubeide_1.15.0/plugins/com.st.stm32cube.ide.mcu.externaltools.gnu-tools-for-stm32.12.3.rel1.linux64_1.0.100.202403111256/tools/bin/../lib/gcc/arm-none-eabi/12.3.1/../../../../arm-none-eabi/lib/thumb/v7-m/nofp/libc_nano.a(libc_a-strlen.o)
                0x08000150                strlen
 .text          0x08000160      0x378 /opt/st/stm32cubeide_1.15.0/plugins/com.st.stm32cube.ide.mcu.externaltools.gnu-tools-for-stm32.12.3.rel1.linux64_1.0.100.202403111256/tools/bin/../lib/gcc/arm-none-eabi/12.3.1/thumb/v7-m/nofp/libgcc.a(_arm_addsubdf3.o)
                0x08000160                __aeabi_drsub
                0x08000168                __aeabi_dsub
                0x08000168                __subdf3
                0x0800016c                __adddf3
                0x0800016c                __aeabi_dadd
                0x080003e4                __aeabi_ui2d
                0x080003e4                __floatunsidf
                0x08000404                __floatsidf
                0x08000404                __aeabi_i2d
                0x08000428                __extendsfdf2
                0x08000428                __aeabi_f2d
                0x0800046c                __aeabi_ul2d
                0x0800046c                __floatundidf
                0x0800047c                __floatdidf
                0x0800047c                __aeabi_l2d
 .text          0x080004d8      0x424 /opt/st/stm32cubeide_1.15.0/plugins/com.st.stm32cube.ide.mcu.externaltools.gnu-tools-for-stm32.12.3.rel1.linux64_1.0.100.202403111256/tools/bin/../lib/gcc/arm-none-eabi/12.3.1/thumb/v7-m/nofp/libgcc.a(_arm_muldivdf3.o)
                0x080004d8                __aeabi_dmul
                0x080004d8                __muldf3
                0x0800072c                __aeabi_ddiv
                0x0800072c                __divdf3
 .text          0x080008fc      0x110 /opt/st/stm32cubeide_1.15.0/plugins/com.st.stm32cube.ide.mcu.externaltools.gnu-tools-for-stm32.12.3.rel1.linux64_1.0.100.202403111256/tools/bin/../lib/gcc/arm-none-eabi/12.3.1/thumb/v7-m/nofp/libgcc.a(_arm_cmpdf2.o)
                0x080008fc                __gtdf2
                0x080008fc                __gedf2
                0x08000904                __ltdf2
                0x08000904                __ledf2
                0x0800090c                __cmpdf2
                0x0800090c                __eqdf2
                0x0800090c                __nedf2
                0x08000988                __aeabi_cdrcmple
                0x08000998                __aeabi_cdcmple
                0x08000998                __aeabi_cdcmpeq
                0x080009a8                __aeabi_dcmpeq
                0x080009bc                __aeabi_dcmplt
                0x080009d0                __aeabi_dcmple
                0x080009e4                __aeabi_dcmpge
                0x080009f8                __aeabi_dcmpgt
 .text          0x08000a0c       0x2c /opt/st/stm32cubeide_1.15.0/plugins/com.st.stm32cube.ide.mcu.externaltools.gnu-tools-for-stm32.12.3.rel1.linux64_1.0.100.202403111256/tools/bin/../lib/gcc/arm-none-eabi/12.3.1/thumb/v7-m/nofp/libgcc.a(_arm_unorddf2.o)
                0x08000a0c                __aeabi_dcmpun
                0x08000a0c                __unorddf2
 .text          0x08000a38       0x50 /opt/st/stm32cubeide_1.15.0/plugins/com.st.stm32cube.ide.mcu.externaltools.gnu-tools-for-stm32.12.3.rel1.linux64_1.0.100.202403111256/tools/bin/../lib/gcc/arm-none-eabi/12.3.1/thumb/v7-m/nofp/libgcc.a(_arm_fixdfsi.o)
                0x08000a38                __fixdfsi
                0x08000a38                __aeabi_d2iz
 .text          0x08000a88       0x40 /opt/st/stm32cubeide_1.15.0/plugins/com.st.stm32cube.ide.mcu.externaltools.gnu-tools-for-stm32.12.3.rel1.linux64_1.0.100.202403111256/tools/bin/../lib/gcc/arm-none-eabi/12.3.1/thumb/v7-m/nofp/libgcc.a(_arm_fixunsdfsi.o)
                0x08000a88                __fixunsdfsi
                0x08000a88                __aeabi_d2uiz
 .text          0x08000ac8       0xa0 /opt/st/stm32cubeide_1.15.0/plugins/com.st.stm32cube.ide.mcu.externaltools.gnu-tools-for-stm32.12.3.rel1.linux64_1.0.100.202403111256/tools/bin/../lib/gcc/arm-none-eabi/12.3.1/thumb/v7-m/nofp/libgcc.a(_arm_truncdfsf2.o)
                0x08000ac8                __aeabi_d2f
                0x08000ac8                __truncdfsf2
 .text          0x08000b68      0x21c /opt/st/stm32cubeide_1.15.0/plugins/com.st.stm32cube.ide.mcu.externaltools.gnu-tools-for-stm32.12.3.rel1.linux64_1.0.100.202403111256/tools/bin/../lib/gcc/arm-none-eabi/12.3.1/thumb/v7-m/nofp/libgcc.a(_arm_addsubsf3.o)
                0x08000b68                __aeabi_frsub
                0x08000b70                __subsf3
                0x08000b70                __aeabi_fsub
                0x08000b74                __aeabi_fadd
                0x08000b74                __addsf3
                0x08000cd4                __aeabi_ui2f
                0x08000cd4                __floatunsisf
                0x08000cdc                __aeabi_i2f
                0x08000cdc                __floatsisf
                0x08000cf8                __floatundisf
                0x08000cf8                __aeabi_ul2f
                0x08000d08                __floatdisf
                0x08000d08                __aeabi_l2f
 .text          0x08000d84       0xec /opt/st/stm32cubeide_1.15.0/plugins/com.st.stm32cube.ide.mcu.externaltools.gnu-tools-for-stm32.12.3.rel1.linux64_1.0.100.202403111256/tools/bin/../lib/gcc/arm-none-eabi/12.3.1/thumb/v7-m/nofp/libgcc.a(_arm_cmpsf2.o)
                0x08000d84                __gtsf2
                0x08000d84                __gesf2
                0x08000d8c                __lesf2
                0x08000d8c                __ltsf2
                0x08000d94                __nesf2
                0x08000d94                __eqsf2
                0x08000d94                __cmpsf2
                0x08000df4                __aeabi_cfrcmple
                0x08000dfc                __aeabi_cfcmple
                0x08000dfc                __aeabi_cfcmpeq
                0x08000e0c                __aeabi_fcmpeq
                0x08000e20                __aeabi_fcmplt
                0x08000e34                __aeabi_fcmple
                0x08000e48                __aeabi_fcmpge
                0x08000e5c                __aeabi_fcmpgt
 *(.text*)
 .text.MX_DMA_Init
                0x08000e70       0x40 ./Core/Src/dma.o
                0x08000e70                MX_DMA_Init
 .text.StartDefaultTask
                0x08000eb0       0x28 ./Core/Src/freertos.o
                0x08000eb0                StartDefaultTask
 .text.Callback01
                0x08000ed8      0x118 ./Core/Src/freertos.o
                0x08000ed8                Callback01
 .text.Callback02
                0x08000ff0       0x18 ./Core/Src/freertos.o
                0x08000ff0                Callback02
 .text.vApplicationGetIdleTaskMemory
                0x08001008       0x18 ./Core/Src/freertos.o
                0x08001008                vApplicationGetIdleTaskMemory
 .text.vApplicationGetTimerTaskMemory
                0x08001020       0x18 ./Core/Src/freertos.o
                0x08001020                vApplicationGetTimerTaskMemory
 .text.MX_FREERTOS_Init
                0x08001038       0x90 ./Core/Src/freertos.o
                0x08001038                MX_FREERTOS_Init
 .text.MX_GPIO_Init
                0x080010c8       0xbc ./Core/Src/gpio.o
                0x080010c8                MX_GPIO_Init
 .text.SystemClock_Config
                0x08001184       0x5e ./Core/Src/main.o
                0x08001184                SystemClock_Config
 *fill*         0x080011e2        0x6 
 .text.startup.main
                0x080011e8      0x15c ./Core/Src/main.o
                0x080011e8                main
 .text.HAL_TIM_PeriodElapsedCallback
                0x08001344       0x14 ./Core/Src/main.o
                0x08001344                HAL_TIM_PeriodElapsedCallback
 .text.Error_Handler
                0x08001358        0x4 ./Core/Src/main.o
                0x08001358                Error_Handler
 .text._ZNK8std_msgs4Time9serializeEPh
                0x0800135c       0x28 ./Core/Src/mainpp.o
                0x0800135c                std_msgs::Time::serialize(unsigned char*) const
 .text._ZN8std_msgs4Time11deserializeEPh
                0x08001384       0x3c ./Core/Src/mainpp.o
                0x08001384                std_msgs::Time::deserialize(unsigned char*)
 .text._ZN8std_msgs4Time7getTypeEv
                0x080013c0        0x8 ./Core/Src/mainpp.o
                0x080013c0                std_msgs::Time::getType()
 .text._ZN8std_msgs4Time6getMD5Ev
                0x080013c8        0x8 ./Core/Src/mainpp.o
                0x080013c8                std_msgs::Time::getMD5()
 .text._ZN14rosserial_msgs9TopicInfo7getTypeEv
                0x080013d0        0x8 ./Core/Src/mainpp.o
                0x080013d0                rosserial_msgs::TopicInfo::getType()
 .text._ZN14rosserial_msgs9TopicInfo6getMD5Ev
                0x080013d8        0x8 ./Core/Src/mainpp.o
                0x080013d8                rosserial_msgs::TopicInfo::getMD5()
 .text._ZN14rosserial_msgs3Log7getTypeEv
                0x080013e0        0x8 ./Core/Src/mainpp.o
                0x080013e0                rosserial_msgs::Log::getType()
 .text._ZN14rosserial_msgs3Log6getMD5Ev
                0x080013e8        0x8 ./Core/Src/mainpp.o
                0x080013e8                rosserial_msgs::Log::getMD5()
 .text._ZN14rosserial_msgs20RequestParamResponse7getTypeEv
                0x080013f0        0x8 ./Core/Src/mainpp.o
                0x080013f0                rosserial_msgs::RequestParamResponse::getType()
 .text._ZN14rosserial_msgs20RequestParamResponse6getMD5Ev
                0x080013f8        0x8 ./Core/Src/mainpp.o
                0x080013f8                rosserial_msgs::RequestParamResponse::getMD5()
 .text._ZN8std_msgs6String7getTypeEv
                0x08001400        0x8 ./Core/Src/mainpp.o
                0x08001400                std_msgs::String::getType()
 .text._ZN8std_msgs6String6getMD5Ev
                0x08001408        0x8 ./Core/Src/mainpp.o
                0x08001408                std_msgs::String::getMD5()
 .text._ZN8std_msgs19MultiArrayDimension7getTypeEv
                0x08001410        0x8 ./Core/Src/mainpp.o
                0x08001410                std_msgs::MultiArrayDimension::getType()
 .text._ZN8std_msgs19MultiArrayDimension6getMD5Ev
                0x08001418        0x8 ./Core/Src/mainpp.o
                0x08001418                std_msgs::MultiArrayDimension::getMD5()
 .text._ZNK8std_msgs16MultiArrayLayout9serializeEPh
                0x08001420       0x4e ./Core/Src/mainpp.o
                0x08001420                std_msgs::MultiArrayLayout::serialize(unsigned char*) const
 *fill*         0x0800146e        0x2 
 .text._ZN8std_msgs16MultiArrayLayout7getTypeEv
                0x08001470        0x8 ./Core/Src/mainpp.o
                0x08001470                std_msgs::MultiArrayLayout::getType()
 .text._ZN8std_msgs16MultiArrayLayout6getMD5Ev
                0x08001478        0x8 ./Core/Src/mainpp.o
                0x08001478                std_msgs::MultiArrayLayout::getMD5()
 .text._ZNK8std_msgs17Float32MultiArray9serializeEPh
                0x08001480       0x4c ./Core/Src/mainpp.o
                0x08001480                std_msgs::Float32MultiArray::serialize(unsigned char*) const
 .text._ZN8std_msgs17Float32MultiArray7getTypeEv
                0x080014cc        0x8 ./Core/Src/mainpp.o
                0x080014cc                std_msgs::Float32MultiArray::getType()
 .text._ZN8std_msgs17Float32MultiArray6getMD5Ev
                0x080014d4        0x8 ./Core/Src/mainpp.o
                0x080014d4                std_msgs::Float32MultiArray::getMD5()
 .text._ZN3ros10SubscriberIN8std_msgs17Float32MultiArrayEvE15getEndpointTypeEv
                0x080014dc        0x4 ./Core/Src/mainpp.o
                0x080014dc                ros::Subscriber<std_msgs::Float32MultiArray, void>::getEndpointType()
 .text._ZN3ros10SubscriberIN8std_msgs17Float32MultiArrayEvE10getMsgTypeEv
                0x080014e0        0x8 ./Core/Src/mainpp.o
                0x080014e0                ros::Subscriber<std_msgs::Float32MultiArray, void>::getMsgType()
 .text._ZN3ros10SubscriberIN8std_msgs17Float32MultiArrayEvE9getMsgMD5Ev
                0x080014e8        0x8 ./Core/Src/mainpp.o
                0x080014e8                ros::Subscriber<std_msgs::Float32MultiArray, void>::getMsgMD5()
 .text._ZN3ros11NodeHandle_I13STM32HardwareLi25ELi25ELi512ELi512EE9connectedEv
                0x080014f0        0x6 ./Core/Src/mainpp.o
                0x080014f0                ros::NodeHandle_<STM32Hardware, 25, 25, 512, 512>::connected()
 *fill*         0x080014f6        0x2 
 .text._Z14stringCallbackRKN8std_msgs17Float32MultiArrayE
                0x080014f8       0xc4 ./Core/Src/mainpp.o
                0x080014f8                stringCallback(std_msgs::Float32MultiArray const&)
 .text._ZN13STM32Hardware5flushEv
                0x080015bc       0x58 ./Core/Src/mainpp.o
                0x080015bc                STM32Hardware::flush()
 .text._ZN3ros11NodeHandle_I13STM32HardwareLi25ELi25ELi512ELi512EE7publishEiPKNS_3MsgE
                0x08001614      0x100 ./Core/Src/mainpp.o
                0x08001614                ros::NodeHandle_<STM32Hardware, 25, 25, 512, 512>::publish(int, ros::Msg const*)
 .text.HAL_UART_TxCpltCallback
                0x08001714       0x10 ./Core/Src/mainpp.o
                0x08001714                HAL_UART_TxCpltCallback
 .text.HAL_UART_RxCpltCallback
                0x08001724       0x14 ./Core/Src/mainpp.o
                0x08001724                HAL_UART_RxCpltCallback
 .text._ZN3ros3Msg8varToArrIPhmEEvT_T0_
                0x08001738       0x10 ./Core/Src/mainpp.o
                0x08001738                void ros::Msg::varToArr<unsigned char*, unsigned long>(unsigned char*, unsigned long)
 .text._ZNK8std_msgs19MultiArrayDimension9serializeEPh
                0x08001748       0x4c ./Core/Src/mainpp.o
                0x08001748                std_msgs::MultiArrayDimension::serialize(unsigned char*) const
 .text._ZNK8std_msgs6String9serializeEPh
                0x08001794       0x24 ./Core/Src/mainpp.o
                0x08001794                std_msgs::String::serialize(unsigned char*) const
 .text._ZNK14rosserial_msgs20RequestParamResponse9serializeEPh
                0x080017b8       0xe0 ./Core/Src/mainpp.o
                0x080017b8                rosserial_msgs::RequestParamResponse::serialize(unsigned char*) const
 .text._ZNK14rosserial_msgs3Log9serializeEPh
                0x08001898       0x2c ./Core/Src/mainpp.o
                0x08001898                rosserial_msgs::Log::serialize(unsigned char*) const
 .text._ZNK14rosserial_msgs9TopicInfo9serializeEPh
                0x080018c4       0x7e ./Core/Src/mainpp.o
                0x080018c4                rosserial_msgs::TopicInfo::serialize(unsigned char*) const
 .text._ZN3ros3Msg8arrToVarImPhEEvRT_T0_
                0x08001942       0x1c ./Core/Src/mainpp.o
                0x08001942                void ros::Msg::arrToVar<unsigned long, unsigned char*>(unsigned long&, unsigned char*)
 .text._ZN14rosserial_msgs3Log11deserializeEPh
                0x0800195e       0x34 ./Core/Src/mainpp.o
                0x0800195e                rosserial_msgs::Log::deserialize(unsigned char*)
 .text._ZN8std_msgs19MultiArrayDimension11deserializeEPh
                0x08001992       0x68 ./Core/Src/mainpp.o
                0x08001992                std_msgs::MultiArrayDimension::deserialize(unsigned char*)
 .text._ZN8std_msgs16MultiArrayLayout11deserializeEPh
                0x080019fa       0x72 ./Core/Src/mainpp.o
                0x080019fa                std_msgs::MultiArrayLayout::deserialize(unsigned char*)
 .text._ZN8std_msgs17Float32MultiArray11deserializeEPh
                0x08001a6c       0x66 ./Core/Src/mainpp.o
                0x08001a6c                std_msgs::Float32MultiArray::deserialize(unsigned char*)
 .text._ZN3ros10SubscriberIN8std_msgs17Float32MultiArrayEvE8callbackEPh
                0x08001ad2       0x18 ./Core/Src/mainpp.o
                0x08001ad2                ros::Subscriber<std_msgs::Float32MultiArray, void>::callback(unsigned char*)
 .text._ZN14rosserial_msgs9TopicInfo11deserializeEPh
                0x08001aea       0xca ./Core/Src/mainpp.o
                0x08001aea                rosserial_msgs::TopicInfo::deserialize(unsigned char*)
 .text._ZN14rosserial_msgs20RequestParamResponse11deserializeEPh
                0x08001bb4       0xf6 ./Core/Src/mainpp.o
                0x08001bb4                rosserial_msgs::RequestParamResponse::deserialize(unsigned char*)
 .text._ZN8std_msgs6String11deserializeEPh
                0x08001caa       0x2e ./Core/Src/mainpp.o
                0x08001caa                std_msgs::String::deserialize(unsigned char*)
 .text._ZN3ros11NodeHandle_I13STM32HardwareLi25ELi25ELi512ELi512EE15requestSyncTimeEv
                0x08001cd8       0x28 ./Core/Src/mainpp.o
                0x08001cd8                ros::NodeHandle_<STM32Hardware, 25, 25, 512, 512>::requestSyncTime()
 .text._ZN3ros11NodeHandle_I13STM32HardwareLi25ELi25ELi512ELi512EE15negotiateTopicsEv
                0x08001d00       0xb8 ./Core/Src/mainpp.o
                0x08001d00                ros::NodeHandle_<STM32Hardware, 25, 25, 512, 512>::negotiateTopics()
 .text._ZN3ros11NodeHandle_I13STM32HardwareLi25ELi25ELi512ELi512EE8syncTimeEPh
                0x08001db8       0x84 ./Core/Src/mainpp.o
                0x08001db8                ros::NodeHandle_<STM32Hardware, 25, 25, 512, 512>::syncTime(unsigned char*)
 .text._ZN3ros11NodeHandle_I13STM32HardwareLi25ELi25ELi512ELi512EE8spinOnceEv
                0x08001e3c      0x224 ./Core/Src/mainpp.o
                0x08001e3c                ros::NodeHandle_<STM32Hardware, 25, 25, 512, 512>::spinOnce()
 .text.loop     0x08002060       0xd4 ./Core/Src/mainpp.o
                0x08002060                loop
 .text.startup._GLOBAL__sub_I_real_left_vel
                0x08002134      0x13c ./Core/Src/mainpp.o
 .text.HAL_MspInit
                0x08002270       0x50 ./Core/Src/stm32f1xx_hal_msp.o
                0x08002270                HAL_MspInit
 .text.HAL_InitTick
                0x080022c0       0x90 ./Core/Src/stm32f1xx_hal_timebase_tim.o
                0x080022c0                HAL_InitTick
 .text.NMI_Handler
                0x08002350        0x2 ./Core/Src/stm32f1xx_it.o
                0x08002350                NMI_Handler
 .text.HardFault_Handler
                0x08002352        0x2 ./Core/Src/stm32f1xx_it.o
                0x08002352                HardFault_Handler
 .text.MemManage_Handler
                0x08002354        0x2 ./Core/Src/stm32f1xx_it.o
                0x08002354                MemManage_Handler
 .text.BusFault_Handler
                0x08002356        0x2 ./Core/Src/stm32f1xx_it.o
                0x08002356                BusFault_Handler
 .text.UsageFault_Handler
                0x08002358        0x2 ./Core/Src/stm32f1xx_it.o
                0x08002358                UsageFault_Handler
 .text.DebugMon_Handler
                0x0800235a        0x2 ./Core/Src/stm32f1xx_it.o
                0x0800235a                DebugMon_Handler
 .text.DMA1_Channel4_IRQHandler
                0x0800235c        0xc ./Core/Src/stm32f1xx_it.o
                0x0800235c                DMA1_Channel4_IRQHandler
 .text.DMA1_Channel5_IRQHandler
                0x08002368        0xc ./Core/Src/stm32f1xx_it.o
                0x08002368                DMA1_Channel5_IRQHandler
 .text.TIM1_UP_IRQHandler
                0x08002374        0xc ./Core/Src/stm32f1xx_it.o
                0x08002374                TIM1_UP_IRQHandler
 .text.USART1_IRQHandler
                0x08002380        0xc ./Core/Src/stm32f1xx_it.o
                0x08002380                USART1_IRQHandler
 .text._sbrk    0x0800238c       0x40 ./Core/Src/sysmem.o
                0x0800238c                _sbrk
 .text.SystemInit
                0x080023cc        0x2 ./Core/Src/system_stm32f1xx.o
                0x080023cc                SystemInit
 *fill*         0x080023ce        0x2 
 .text.MX_TIM3_Init
                0x080023d0       0x5c ./Core/Src/tim.o
                0x080023d0                MX_TIM3_Init
 .text.MX_TIM4_Init
                0x0800242c       0x5c ./Core/Src/tim.o
                0x0800242c                MX_TIM4_Init
 .text.HAL_TIM_PWM_MspInit
                0x08002488       0x24 ./Core/Src/tim.o
                0x08002488                HAL_TIM_PWM_MspInit
 .text.HAL_TIM_Encoder_MspInit
                0x080024ac       0x9c ./Core/Src/tim.o
                0x080024ac                HAL_TIM_Encoder_MspInit
 .text.HAL_TIM_MspPostInit
                0x08002548       0x48 ./Core/Src/tim.o
                0x08002548                HAL_TIM_MspPostInit
 .text.MX_TIM2_Init
                0x08002590       0x98 ./Core/Src/tim.o
                0x08002590                MX_TIM2_Init
 .text._ZN3ros16normalizeSecNSecERmS0_
                0x08002628       0x1c ./Core/Src/time.o
                0x08002628                ros::normalizeSecNSec(unsigned long&, unsigned long&)
 .text.MX_USART1_UART_Init
                0x08002644       0x38 ./Core/Src/usart.o
                0x08002644                MX_USART1_UART_Init
 .text.MX_USART2_UART_Init
                0x0800267c       0x38 ./Core/Src/usart.o
                0x0800267c                MX_USART2_UART_Init
 .text.HAL_UART_MspInit
                0x080026b4      0x144 ./Core/Src/usart.o
                0x080026b4                HAL_UART_MspInit
 .text.Reset_Handler
                0x080027f8       0x48 ./Core/Startup/startup_stm32f103c8tx.o
                0x080027f8                Reset_Handler
 .text.Default_Handler
                0x08002840        0x2 ./Core/Startup/startup_stm32f103c8tx.o
                0x08002840                RTC_Alarm_IRQHandler
                0x08002840                EXTI2_IRQHandler
                0x08002840                TIM1_CC_IRQHandler
                0x08002840                PVD_IRQHandler
                0x08002840                EXTI3_IRQHandler
                0x08002840                EXTI0_IRQHandler
                0x08002840                I2C2_EV_IRQHandler
                0x08002840                ADC1_2_IRQHandler
                0x08002840                SPI1_IRQHandler
                0x08002840                TAMPER_IRQHandler
                0x08002840                USART3_IRQHandler
                0x08002840                RTC_IRQHandler
                0x08002840                DMA1_Channel7_IRQHandler
                0x08002840                CAN1_RX1_IRQHandler
                0x08002840                TIM4_IRQHandler
                0x08002840                I2C1_EV_IRQHandler
                0x08002840                DMA1_Channel6_IRQHandler
                0x08002840                TIM3_IRQHandler
                0x08002840                RCC_IRQHandler
                0x08002840                TIM1_TRG_COM_IRQHandler
                0x08002840                DMA1_Channel1_IRQHandler
                0x08002840                Default_Handler
                0x08002840                EXTI15_10_IRQHandler
                0x08002840                EXTI9_5_IRQHandler
                0x08002840                SPI2_IRQHandler
                0x08002840                EXTI4_IRQHandler
                0x08002840                USB_LP_CAN1_RX0_IRQHandler
                0x08002840                USB_HP_CAN1_TX_IRQHandler
                0x08002840                DMA1_Channel3_IRQHandler
                0x08002840                WWDG_IRQHandler
                0x08002840                TIM2_IRQHandler
                0x08002840                TIM1_BRK_IRQHandler
                0x08002840                EXTI1_IRQHandler
                0x08002840                USART2_IRQHandler
                0x08002840                I2C2_ER_IRQHandler
                0x08002840                DMA1_Channel2_IRQHandler
                0x08002840                CAN1_SCE_IRQHandler
                0x08002840                FLASH_IRQHandler
                0x08002840                I2C1_ER_IRQHandler
                0x08002840                USBWakeUp_IRQHandler
 *fill*         0x08002842        0x2 
 .text.HAL_Init
                0x08002844       0x24 ./Drivers/STM32F1xx_HAL_Driver/Src/stm32f1xx_hal.o
                0x08002844                HAL_Init
 .text.HAL_IncTick
                0x08002868       0x18 ./Drivers/STM32F1xx_HAL_Driver/Src/stm32f1xx_hal.o
                0x08002868                HAL_IncTick
 .text.HAL_GetTick
                0x08002880        0xc ./Drivers/STM32F1xx_HAL_Driver/Src/stm32f1xx_hal.o
                0x08002880                HAL_GetTick
 .text.HAL_NVIC_SetPriorityGrouping
                0x0800288c       0x24 ./Drivers/STM32F1xx_HAL_Driver/Src/stm32f1xx_hal_cortex.o
                0x0800288c                HAL_NVIC_SetPriorityGrouping
 .text.HAL_NVIC_SetPriority
                0x080028b0       0x60 ./Drivers/STM32F1xx_HAL_Driver/Src/stm32f1xx_hal_cortex.o
                0x080028b0                HAL_NVIC_SetPriority
 .text.HAL_NVIC_EnableIRQ
                0x08002910       0x1c ./Drivers/STM32F1xx_HAL_Driver/Src/stm32f1xx_hal_cortex.o
                0x08002910                HAL_NVIC_EnableIRQ
 .text.HAL_DMA_Init
                0x0800292c       0x64 ./Drivers/STM32F1xx_HAL_Driver/Src/stm32f1xx_hal_dma.o
                0x0800292c                HAL_DMA_Init
 .text.HAL_DMA_Start_IT
                0x08002990       0x78 ./Drivers/STM32F1xx_HAL_Driver/Src/stm32f1xx_hal_dma.o
                0x08002990                HAL_DMA_Start_IT
 .text.HAL_DMA_Abort
                0x08002a08       0x3e ./Drivers/STM32F1xx_HAL_Driver/Src/stm32f1xx_hal_dma.o
                0x08002a08                HAL_DMA_Abort
 *fill*         0x08002a46        0x2 
 .text.HAL_DMA_Abort_IT
                0x08002a48       0x8c ./Drivers/STM32F1xx_HAL_Driver/Src/stm32f1xx_hal_dma.o
                0x08002a48                HAL_DMA_Abort_IT
 .text.HAL_DMA_IRQHandler
                0x08002ad4      0x128 ./Drivers/STM32F1xx_HAL_Driver/Src/stm32f1xx_hal_dma.o
                0x08002ad4                HAL_DMA_IRQHandler
 .text.HAL_GPIO_Init
                0x08002bfc      0x1b0 ./Drivers/STM32F1xx_HAL_Driver/Src/stm32f1xx_hal_gpio.o
                0x08002bfc                HAL_GPIO_Init
 .text.HAL_GPIO_WritePin
                0x08002dac        0xa ./Drivers/STM32F1xx_HAL_Driver/Src/stm32f1xx_hal_gpio.o
                0x08002dac                HAL_GPIO_WritePin
 .text.HAL_GPIO_TogglePin
                0x08002db6       0x12 ./Drivers/STM32F1xx_HAL_Driver/Src/stm32f1xx_hal_gpio.o
                0x08002db6                HAL_GPIO_TogglePin
 .text.HAL_RCC_OscConfig
                0x08002dc8      0x338 ./Drivers/STM32F1xx_HAL_Driver/Src/stm32f1xx_hal_rcc.o
                0x08002dc8                HAL_RCC_OscConfig
 .text.HAL_RCC_GetSysClockFreq
                0x08003100       0x4c ./Drivers/STM32F1xx_HAL_Driver/Src/stm32f1xx_hal_rcc.o
                0x08003100                HAL_RCC_GetSysClockFreq
 .text.HAL_RCC_ClockConfig
                0x0800314c      0x138 ./Drivers/STM32F1xx_HAL_Driver/Src/stm32f1xx_hal_rcc.o
                0x0800314c                HAL_RCC_ClockConfig
 .text.HAL_RCC_GetPCLK1Freq
                0x08003284       0x20 ./Drivers/STM32F1xx_HAL_Driver/Src/stm32f1xx_hal_rcc.o
                0x08003284                HAL_RCC_GetPCLK1Freq
 .text.HAL_RCC_GetPCLK2Freq
                0x080032a4       0x20 ./Drivers/STM32F1xx_HAL_Driver/Src/stm32f1xx_hal_rcc.o
                0x080032a4                HAL_RCC_GetPCLK2Freq
 .text.HAL_RCC_GetClockConfig
                0x080032c4       0x3c ./Drivers/STM32F1xx_HAL_Driver/Src/stm32f1xx_hal_rcc.o
                0x080032c4                HAL_RCC_GetClockConfig
 .text.TIM_OC1_SetConfig
                0x08003300       0x50 ./Drivers/STM32F1xx_HAL_Driver/Src/stm32f1xx_hal_tim.o
 .text.TIM_OC3_SetConfig
                0x08003350       0x54 ./Drivers/STM32F1xx_HAL_Driver/Src/stm32f1xx_hal_tim.o
 .text.TIM_OC4_SetConfig
                0x080033a4       0x44 ./Drivers/STM32F1xx_HAL_Driver/Src/stm32f1xx_hal_tim.o
 .text.HAL_TIM_Base_MspInit
                0x080033e8        0x2 ./Drivers/STM32F1xx_HAL_Driver/Src/stm32f1xx_hal_tim.o
                0x080033e8                HAL_TIM_Base_MspInit
 *fill*         0x080033ea        0x2 
 .text.HAL_TIM_Base_Start_IT
                0x080033ec       0x54 ./Drivers/STM32F1xx_HAL_Driver/Src/stm32f1xx_hal_tim.o
                0x080033ec                HAL_TIM_Base_Start_IT
 .text.HAL_TIM_Encoder_Start
                0x08003440       0xb2 ./Drivers/STM32F1xx_HAL_Driver/Src/stm32f1xx_hal_tim.o
                0x08003440                HAL_TIM_Encoder_Start
 .text.HAL_TIM_OC_DelayElapsedCallback
                0x080034f2        0x2 ./Drivers/STM32F1xx_HAL_Driver/Src/stm32f1xx_hal_tim.o
                0x080034f2                HAL_TIM_OC_DelayElapsedCallback
 .text.HAL_TIM_IC_CaptureCallback
                0x080034f4        0x2 ./Drivers/STM32F1xx_HAL_Driver/Src/stm32f1xx_hal_tim.o
                0x080034f4                HAL_TIM_IC_CaptureCallback
 .text.HAL_TIM_PWM_PulseFinishedCallback
                0x080034f6        0x2 ./Drivers/STM32F1xx_HAL_Driver/Src/stm32f1xx_hal_tim.o
                0x080034f6                HAL_TIM_PWM_PulseFinishedCallback
 .text.HAL_TIM_TriggerCallback
                0x080034f8        0x2 ./Drivers/STM32F1xx_HAL_Driver/Src/stm32f1xx_hal_tim.o
                0x080034f8                HAL_TIM_TriggerCallback
 .text.HAL_TIM_IRQHandler
                0x080034fa      0x144 ./Drivers/STM32F1xx_HAL_Driver/Src/stm32f1xx_hal_tim.o
                0x080034fa                HAL_TIM_IRQHandler
 *fill*         0x0800363e        0x2 
 .text.TIM_Base_SetConfig
                0x08003640       0x70 ./Drivers/STM32F1xx_HAL_Driver/Src/stm32f1xx_hal_tim.o
                0x08003640                TIM_Base_SetConfig
 .text.HAL_TIM_Base_Init
                0x080036b0       0x58 ./Drivers/STM32F1xx_HAL_Driver/Src/stm32f1xx_hal_tim.o
                0x080036b0                HAL_TIM_Base_Init
 .text.HAL_TIM_PWM_Init
                0x08003708       0x58 ./Drivers/STM32F1xx_HAL_Driver/Src/stm32f1xx_hal_tim.o
                0x08003708                HAL_TIM_PWM_Init
 .text.HAL_TIM_Encoder_Init
                0x08003760       0xa8 ./Drivers/STM32F1xx_HAL_Driver/Src/stm32f1xx_hal_tim.o
                0x08003760                HAL_TIM_Encoder_Init
 .text.TIM_OC2_SetConfig
                0x08003808       0x58 ./Drivers/STM32F1xx_HAL_Driver/Src/stm32f1xx_hal_tim.o
                0x08003808                TIM_OC2_SetConfig
 .text.HAL_TIM_PWM_ConfigChannel
                0x08003860       0xb0 ./Drivers/STM32F1xx_HAL_Driver/Src/stm32f1xx_hal_tim.o
                0x08003860                HAL_TIM_PWM_ConfigChannel
 .text.TIM_CCxChannelCmd
                0x08003910       0x1c ./Drivers/STM32F1xx_HAL_Driver/Src/stm32f1xx_hal_tim.o
                0x08003910                TIM_CCxChannelCmd
 .text.HAL_TIM_OC_Start
                0x0800392c       0x9c ./Drivers/STM32F1xx_HAL_Driver/Src/stm32f1xx_hal_tim.o
                0x0800392c                HAL_TIM_OC_Start
 .text.HAL_TIM_PWM_Start
                0x080039c8        0x4 ./Drivers/STM32F1xx_HAL_Driver/Src/stm32f1xx_hal_tim.o
                0x080039c8                HAL_TIM_PWM_Start
 .text.HAL_TIMEx_MasterConfigSynchronization
                0x080039cc       0x5c ./Drivers/STM32F1xx_HAL_Driver/Src/stm32f1xx_hal_tim_ex.o
                0x080039cc                HAL_TIMEx_MasterConfigSynchronization
 .text.HAL_TIMEx_CommutCallback
                0x08003a28        0x2 ./Drivers/STM32F1xx_HAL_Driver/Src/stm32f1xx_hal_tim_ex.o
                0x08003a28                HAL_TIMEx_CommutCallback
 .text.HAL_TIMEx_BreakCallback
                0x08003a2a        0x2 ./Drivers/STM32F1xx_HAL_Driver/Src/stm32f1xx_hal_tim_ex.o
                0x08003a2a                HAL_TIMEx_BreakCallback
 .text.UART_EndRxTransfer
                0x08003a2c       0x5c ./Drivers/STM32F1xx_HAL_Driver/Src/stm32f1xx_hal_uart.o
 .text.UART_SetConfig
                0x08003a88       0x74 ./Drivers/STM32F1xx_HAL_Driver/Src/stm32f1xx_hal_uart.o
 .text.HAL_UART_Init
                0x08003afc       0x5e ./Drivers/STM32F1xx_HAL_Driver/Src/stm32f1xx_hal_uart.o
                0x08003afc                HAL_UART_Init
 *fill*         0x08003b5a        0x2 
 .text.HAL_UART_Transmit_DMA
                0x08003b5c       0x74 ./Drivers/STM32F1xx_HAL_Driver/Src/stm32f1xx_hal_uart.o
                0x08003b5c                HAL_UART_Transmit_DMA
 .text.UART_DMATransmitCplt
                0x08003bd0       0x4c ./Drivers/STM32F1xx_HAL_Driver/Src/stm32f1xx_hal_uart.o
 .text.HAL_UART_TxHalfCpltCallback
                0x08003c1c        0x2 ./Drivers/STM32F1xx_HAL_Driver/Src/stm32f1xx_hal_uart.o
                0x08003c1c                HAL_UART_TxHalfCpltCallback
 .text.UART_DMATxHalfCplt
                0x08003c1e        0xa ./Drivers/STM32F1xx_HAL_Driver/Src/stm32f1xx_hal_uart.o
 .text.HAL_UART_RxHalfCpltCallback
                0x08003c28        0x2 ./Drivers/STM32F1xx_HAL_Driver/Src/stm32f1xx_hal_uart.o
                0x08003c28                HAL_UART_RxHalfCpltCallback
 .text.HAL_UART_ErrorCallback
                0x08003c2a        0x2 ./Drivers/STM32F1xx_HAL_Driver/Src/stm32f1xx_hal_uart.o
                0x08003c2a                HAL_UART_ErrorCallback
 .text.UART_DMAError
                0x08003c2c       0x5a ./Drivers/STM32F1xx_HAL_Driver/Src/stm32f1xx_hal_uart.o
 .text.UART_DMAAbortOnError
                0x08003c86       0x10 ./Drivers/STM32F1xx_HAL_Driver/Src/stm32f1xx_hal_uart.o
 .text.HAL_UARTEx_RxEventCallback
                0x08003c96        0x2 ./Drivers/STM32F1xx_HAL_Driver/Src/stm32f1xx_hal_uart.o
                0x08003c96                HAL_UARTEx_RxEventCallback
 .text.UART_DMARxHalfCplt
                0x08003c98       0x1e ./Drivers/STM32F1xx_HAL_Driver/Src/stm32f1xx_hal_uart.o
 .text.UART_DMAReceiveCplt
                0x08003cb6       0x98 ./Drivers/STM32F1xx_HAL_Driver/Src/stm32f1xx_hal_uart.o
 .text.UART_Receive_IT.isra.0
                0x08003d4e       0xb6 ./Drivers/STM32F1xx_HAL_Driver/Src/stm32f1xx_hal_uart.o
 .text.HAL_UART_IRQHandler
                0x08003e04      0x294 ./Drivers/STM32F1xx_HAL_Driver/Src/stm32f1xx_hal_uart.o
                0x08003e04                HAL_UART_IRQHandler
 .text.UART_Start_Receive_DMA
                0x08004098       0x98 ./Drivers/STM32F1xx_HAL_Driver/Src/stm32f1xx_hal_uart.o
                0x08004098                UART_Start_Receive_DMA
 .text.HAL_UART_Receive_DMA
                0x08004130       0x22 ./Drivers/STM32F1xx_HAL_Driver/Src/stm32f1xx_hal_uart.o
                0x08004130                HAL_UART_Receive_DMA
 .text.motor_run
                0x08004152       0xba ./ECUAL/motor_driver/motor_driver.o
                0x08004152                motor_run
 .text.motor_stop
                0x0800420c       0x3a ./ECUAL/motor_driver/motor_driver.o
                0x0800420c                motor_stop
 *fill*         0x08004246        0x2 
 .text.enable_motor
                0x08004248       0x20 ./ECUAL/motor_driver/motor_driver.o
                0x08004248                enable_motor
 .text.calculate_pwm_values
                0x08004268       0x46 ./ECUAL/motor_driver/motor_driver.o
                0x08004268                calculate_pwm_values
 .text.init_motor_dynamics
                0x080042ae       0x34 ./ECUAL/motor_speed/motor_speed.o
                0x080042ae                init_motor_dynamics
 *fill*         0x080042e2        0x6 
 .text.get_speed_count
                0x080042e8       0x40 ./ECUAL/motor_speed/motor_speed.o
                0x080042e8                get_speed_count
 .text.get_speed_rpm
                0x08004328       0x6c ./ECUAL/motor_speed/motor_speed.o
                0x08004328                get_speed_rpm
 .text.init_filter
                0x08004394       0x18 ./ECUAL/motor_speed/motor_speed.o
                0x08004394                init_filter
 .text.PID_Init
                0x080043ac       0x42 ./ECUAL/pid/pid_v1.o
                0x080043ac                PID_Init
 .text.PID_calculate
                0x080043ee       0xc2 ./ECUAL/pid/pid_v1.o
                0x080043ee                PID_calculate
 .text.PID_reset
                0x080044b0       0x16 ./ECUAL/pid/pid_v1.o
                0x080044b0                PID_reset
 .text.osKernelStart
                0x080044c6        0xa ./Middlewares/Third_Party/FreeRTOS/Source/CMSIS_RTOS/cmsis_os.o
                0x080044c6                osKernelStart
 .text.osThreadCreate
                0x080044d0       0x50 ./Middlewares/Third_Party/FreeRTOS/Source/CMSIS_RTOS/cmsis_os.o
                0x080044d0                osThreadCreate
 .text.osDelay  0x08004520       0x10 ./Middlewares/Third_Party/FreeRTOS/Source/CMSIS_RTOS/cmsis_os.o
                0x08004520                osDelay
 .text.osTimerCreate
                0x08004530       0x30 ./Middlewares/Third_Party/FreeRTOS/Source/CMSIS_RTOS/cmsis_os.o
                0x08004530                osTimerCreate
 .text.osTimerStart
                0x08004560       0x52 ./Middlewares/Third_Party/FreeRTOS/Source/CMSIS_RTOS/cmsis_os.o
                0x08004560                osTimerStart
 .text.osMutexRelease
                0x080045b2       0x48 ./Middlewares/Third_Party/FreeRTOS/Source/CMSIS_RTOS/cmsis_os.o
                0x080045b2                osMutexRelease
 .text.osSemaphoreCreate
                0x080045fa       0x44 ./Middlewares/Third_Party/FreeRTOS/Source/CMSIS_RTOS/cmsis_os.o
                0x080045fa                osSemaphoreCreate
 .text.osSemaphoreWait
                0x0800463e       0x4c ./Middlewares/Third_Party/FreeRTOS/Source/CMSIS_RTOS/cmsis_os.o
                0x0800463e                osSemaphoreWait
 .text.osSemaphoreRelease
                0x0800468a        0x4 ./Middlewares/Third_Party/FreeRTOS/Source/CMSIS_RTOS/cmsis_os.o
                0x0800468a                osSemaphoreRelease
 .text.vListInitialise
                0x0800468e       0x16 ./Middlewares/Third_Party/FreeRTOS/Source/list.o
                0x0800468e                vListInitialise
 .text.vListInitialiseItem
                0x080046a4        0x6 ./Middlewares/Third_Party/FreeRTOS/Source/list.o
                0x080046a4                vListInitialiseItem
 .text.vListInsertEnd
                0x080046aa       0x16 ./Middlewares/Third_Party/FreeRTOS/Source/list.o
                0x080046aa                vListInsertEnd
 .text.vListInsert
                0x080046c0       0x2e ./Middlewares/Third_Party/FreeRTOS/Source/list.o
                0x080046c0                vListInsert
 .text.uxListRemove
                0x080046ee       0x20 ./Middlewares/Third_Party/FreeRTOS/Source/list.o
                0x080046ee                uxListRemove
 .text.prvIsQueueEmpty
                0x0800470e       0x16 ./Middlewares/Third_Party/FreeRTOS/Source/queue.o
 .text.prvCopyDataToQueue
                0x08004724       0x66 ./Middlewares/Third_Party/FreeRTOS/Source/queue.o
 .text.prvCopyDataFromQueue
                0x0800478a       0x28 ./Middlewares/Third_Party/FreeRTOS/Source/queue.o
 .text.prvUnlockQueue
                0x080047b2       0x70 ./Middlewares/Third_Party/FreeRTOS/Source/queue.o
 .text.xQueueGenericReset
                0x08004822       0x7e ./Middlewares/Third_Party/FreeRTOS/Source/queue.o
                0x08004822                xQueueGenericReset
 .text.xQueueGenericCreateStatic
                0x080048a0       0x92 ./Middlewares/Third_Party/FreeRTOS/Source/queue.o
                0x080048a0                xQueueGenericCreateStatic
 .text.xQueueGenericCreate
                0x08004932       0x48 ./Middlewares/Third_Party/FreeRTOS/Source/queue.o
                0x08004932                xQueueGenericCreate
 .text.xQueueGenericSend
                0x0800497a      0x164 ./Middlewares/Third_Party/FreeRTOS/Source/queue.o
                0x0800497a                xQueueGenericSend
 .text.xQueueGenericSendFromISR
                0x08004ade       0xb8 ./Middlewares/Third_Party/FreeRTOS/Source/queue.o
                0x08004ade                xQueueGenericSendFromISR
 .text.xQueueGiveFromISR
                0x08004b96       0xa2 ./Middlewares/Third_Party/FreeRTOS/Source/queue.o
                0x08004b96                xQueueGiveFromISR
 .text.xQueueReceive
                0x08004c38      0x13c ./Middlewares/Third_Party/FreeRTOS/Source/queue.o
                0x08004c38                xQueueReceive
 .text.xQueueSemaphoreTake
                0x08004d74      0x17a ./Middlewares/Third_Party/FreeRTOS/Source/queue.o
                0x08004d74                xQueueSemaphoreTake
 .text.xQueueReceiveFromISR
                0x08004eee       0x9a ./Middlewares/Third_Party/FreeRTOS/Source/queue.o
                0x08004eee                xQueueReceiveFromISR
 .text.vQueueAddToRegistry
                0x08004f88       0x24 ./Middlewares/Third_Party/FreeRTOS/Source/queue.o
                0x08004f88                vQueueAddToRegistry
 .text.vQueueWaitForMessageRestricted
                0x08004fac       0x46 ./Middlewares/Third_Party/FreeRTOS/Source/queue.o
                0x08004fac                vQueueWaitForMessageRestricted
 *fill*         0x08004ff2        0x2 
 .text.prvAddNewTaskToReadyList
                0x08004ff4       0xfc ./Middlewares/Third_Party/FreeRTOS/Source/tasks.o
 .text.prvAddCurrentTaskToDelayedList
                0x080050f0       0x88 ./Middlewares/Third_Party/FreeRTOS/Source/tasks.o
 .text.prvResetNextTaskUnblockTime
                0x08005178       0x24 ./Middlewares/Third_Party/FreeRTOS/Source/tasks.o
 .text.prvDeleteTCB
                0x0800519c       0x36 ./Middlewares/Third_Party/FreeRTOS/Source/tasks.o
 *fill*         0x080051d2        0x2 
 .text.prvIdleTask
                0x080051d4       0x60 ./Middlewares/Third_Party/FreeRTOS/Source/tasks.o
 .text.prvInitialiseNewTask.constprop.0
                0x08005234       0x82 ./Middlewares/Third_Party/FreeRTOS/Source/tasks.o
 .text.xTaskCreateStatic
                0x080052b6       0x6e ./Middlewares/Third_Party/FreeRTOS/Source/tasks.o
                0x080052b6                xTaskCreateStatic
 .text.xTaskCreate
                0x08005324       0x5c ./Middlewares/Third_Party/FreeRTOS/Source/tasks.o
                0x08005324                xTaskCreate
 .text.vTaskStartScheduler
                0x08005380       0x8c ./Middlewares/Third_Party/FreeRTOS/Source/tasks.o
                0x08005380                vTaskStartScheduler
 .text.vTaskSuspendAll
                0x0800540c       0x10 ./Middlewares/Third_Party/FreeRTOS/Source/tasks.o
                0x0800540c                vTaskSuspendAll
 .text.xTaskGetTickCount
                0x0800541c        0xc ./Middlewares/Third_Party/FreeRTOS/Source/tasks.o
                0x0800541c                xTaskGetTickCount
 .text.xTaskIncrementTick
                0x08005428      0x134 ./Middlewares/Third_Party/FreeRTOS/Source/tasks.o
                0x08005428                xTaskIncrementTick
 .text.xTaskResumeAll
                0x0800555c       0xec ./Middlewares/Third_Party/FreeRTOS/Source/tasks.o
                0x0800555c                xTaskResumeAll
 .text.vTaskDelay
                0x08005648       0x48 ./Middlewares/Third_Party/FreeRTOS/Source/tasks.o
                0x08005648                vTaskDelay
 .text.vTaskSwitchContext
                0x08005690       0x74 ./Middlewares/Third_Party/FreeRTOS/Source/tasks.o
                0x08005690                vTaskSwitchContext
 .text.vTaskPlaceOnEventList
                0x08005704       0x34 ./Middlewares/Third_Party/FreeRTOS/Source/tasks.o
                0x08005704                vTaskPlaceOnEventList
 .text.vTaskPlaceOnEventListRestricted
                0x08005738       0x40 ./Middlewares/Third_Party/FreeRTOS/Source/tasks.o
                0x08005738                vTaskPlaceOnEventListRestricted
 .text.xTaskRemoveFromEventList
                0x08005778       0x84 ./Middlewares/Third_Party/FreeRTOS/Source/tasks.o
                0x08005778                xTaskRemoveFromEventList
 .text.vTaskInternalSetTimeOutState
                0x080057fc       0x18 ./Middlewares/Third_Party/FreeRTOS/Source/tasks.o
                0x080057fc                vTaskInternalSetTimeOutState
 .text.xTaskCheckForTimeOut
                0x08005814       0x78 ./Middlewares/Third_Party/FreeRTOS/Source/tasks.o
                0x08005814                xTaskCheckForTimeOut
 .text.vTaskMissedYield
                0x0800588c        0xc ./Middlewares/Third_Party/FreeRTOS/Source/tasks.o
                0x0800588c                vTaskMissedYield
 .text.xTaskGetSchedulerState
                0x08005898       0x20 ./Middlewares/Third_Party/FreeRTOS/Source/tasks.o
                0x08005898                xTaskGetSchedulerState
 .text.xTaskPriorityInherit
                0x080058b8       0xa4 ./Middlewares/Third_Party/FreeRTOS/Source/tasks.o
                0x080058b8                xTaskPriorityInherit
 .text.xTaskPriorityDisinherit
                0x0800595c       0xa0 ./Middlewares/Third_Party/FreeRTOS/Source/tasks.o
                0x0800595c                xTaskPriorityDisinherit
 .text.vTaskPriorityDisinheritAfterTimeout
                0x080059fc       0xb0 ./Middlewares/Third_Party/FreeRTOS/Source/tasks.o
                0x080059fc                vTaskPriorityDisinheritAfterTimeout
 .text.pvTaskIncrementMutexHeldCount
                0x08005aac       0x18 ./Middlewares/Third_Party/FreeRTOS/Source/tasks.o
                0x08005aac                pvTaskIncrementMutexHeldCount
 .text.prvInsertTimerInActiveList
                0x08005ac4       0x3c ./Middlewares/Third_Party/FreeRTOS/Source/timers.o
 .text.prvCheckForValidListAndQueue
                0x08005b00       0x68 ./Middlewares/Third_Party/FreeRTOS/Source/timers.o
 .text.xTimerCreateTimerTask
                0x08005b68       0x64 ./Middlewares/Third_Party/FreeRTOS/Source/timers.o
                0x08005b68                xTimerCreateTimerTask
 .text.xTimerCreate
                0x08005bcc       0x4e ./Middlewares/Third_Party/FreeRTOS/Source/timers.o
                0x08005bcc                xTimerCreate
 .text.xTimerCreateStatic
                0x08005c1a       0x78 ./Middlewares/Third_Party/FreeRTOS/Source/timers.o
                0x08005c1a                xTimerCreateStatic
 *fill*         0x08005c92        0x2 
 .text.xTimerGenericCommand
                0x08005c94       0x54 ./Middlewares/Third_Party/FreeRTOS/Source/timers.o
                0x08005c94                xTimerGenericCommand
 .text.prvSampleTimeNow
                0x08005ce8       0xa0 ./Middlewares/Third_Party/FreeRTOS/Source/timers.o
 .text.prvTimerTask
                0x08005d88      0x1a4 ./Middlewares/Third_Party/FreeRTOS/Source/timers.o
 .text.prvPortStartFirstTask
                0x08005f2c       0x20 ./Middlewares/Third_Party/FreeRTOS/Source/portable/GCC/ARM_CM3/port.o
 .text.prvTaskExitError
                0x08005f4c       0x40 ./Middlewares/Third_Party/FreeRTOS/Source/portable/GCC/ARM_CM3/port.o
 .text.pxPortInitialiseStack
                0x08005f8c       0x24 ./Middlewares/Third_Party/FreeRTOS/Source/portable/GCC/ARM_CM3/port.o
                0x08005f8c                pxPortInitialiseStack
 .text.SVC_Handler
                0x08005fb0       0x24 ./Middlewares/Third_Party/FreeRTOS/Source/portable/GCC/ARM_CM3/port.o
                0x08005fb0                SVC_Handler
 .text.vPortEnterCritical
                0x08005fd4       0x40 ./Middlewares/Third_Party/FreeRTOS/Source/portable/GCC/ARM_CM3/port.o
                0x08005fd4                vPortEnterCritical
 .text.vPortExitCritical
                0x08006014       0x28 ./Middlewares/Third_Party/FreeRTOS/Source/portable/GCC/ARM_CM3/port.o
                0x08006014                vPortExitCritical
 *fill*         0x0800603c        0x4 
 .text.PendSV_Handler
                0x08006040       0x44 ./Middlewares/Third_Party/FreeRTOS/Source/portable/GCC/ARM_CM3/port.o
                0x08006040                PendSV_Handler
 .text.SysTick_Handler
                0x08006084       0x2c ./Middlewares/Third_Party/FreeRTOS/Source/portable/GCC/ARM_CM3/port.o
                0x08006084                SysTick_Handler
 .text.vPortSetupTimerInterrupt
                0x080060b0       0x24 ./Middlewares/Third_Party/FreeRTOS/Source/portable/GCC/ARM_CM3/port.o
                0x080060b0                vPortSetupTimerInterrupt
 .text.xPortStartScheduler
                0x080060d4       0x9c ./Middlewares/Third_Party/FreeRTOS/Source/portable/GCC/ARM_CM3/port.o
                0x080060d4                xPortStartScheduler
 .text.vPortValidateInterruptPriority
                0x08006170       0x5c ./Middlewares/Third_Party/FreeRTOS/Source/portable/GCC/ARM_CM3/port.o
                0x08006170                vPortValidateInterruptPriority
 .text.prvInsertBlockIntoFreeList
                0x080061cc       0x4c ./Middlewares/Third_Party/FreeRTOS/Source/portable/MemMang/heap_4.o
 .text.pvPortMalloc
                0x08006218      0x124 ./Middlewares/Third_Party/FreeRTOS/Source/portable/MemMang/heap_4.o
                0x08006218                pvPortMalloc
 .text.vPortFree
                0x0800633c       0x70 ./Middlewares/Third_Party/FreeRTOS/Source/portable/MemMang/heap_4.o
                0x0800633c                vPortFree
 .text.pow      0x080063ac       0xd0 /opt/st/stm32cubeide_1.15.0/plugins/com.st.stm32cube.ide.mcu.externaltools.gnu-tools-for-stm32.12.3.rel1.linux64_1.0.100.202403111256/tools/bin/../lib/gcc/arm-none-eabi/12.3.1/../../../../arm-none-eabi/lib/thumb/v7-m/nofp/libm.a(libm_a-w_pow.o)
                0x080063ac                pow
 .text.finite   0x0800647c        0xc /opt/st/stm32cubeide_1.15.0/plugins/com.st.stm32cube.ide.mcu.externaltools.gnu-tools-for-stm32.12.3.rel1.linux64_1.0.100.202403111256/tools/bin/../lib/gcc/arm-none-eabi/12.3.1/../../../../arm-none-eabi/lib/thumb/v7-m/nofp/libm.a(libm_a-s_finite.o)
                0x0800647c                finite
 .text.roundf   0x08006488       0x48 /opt/st/stm32cubeide_1.15.0/plugins/com.st.stm32cube.ide.mcu.externaltools.gnu-tools-for-stm32.12.3.rel1.linux64_1.0.100.202403111256/tools/bin/../lib/gcc/arm-none-eabi/12.3.1/../../../../arm-none-eabi/lib/thumb/v7-m/nofp/libm.a(libm_a-sf_round.o)
                0x08006488                roundf
 .text.__ieee754_pow
                0x080064d0      0xa50 /opt/st/stm32cubeide_1.15.0/plugins/com.st.stm32cube.ide.mcu.externaltools.gnu-tools-for-stm32.12.3.rel1.linux64_1.0.100.202403111256/tools/bin/../lib/gcc/arm-none-eabi/12.3.1/../../../../arm-none-eabi/lib/thumb/v7-m/nofp/libm.a(libm_a-e_pow.o)
                0x080064d0                __ieee754_pow
 .text.fabs     0x08006f20        0x8 /opt/st/stm32cubeide_1.15.0/plugins/com.st.stm32cube.ide.mcu.externaltools.gnu-tools-for-stm32.12.3.rel1.linux64_1.0.100.202403111256/tools/bin/../lib/gcc/arm-none-eabi/12.3.1/../../../../arm-none-eabi/lib/thumb/v7-m/nofp/libm.a(libm_a-s_fabs.o)
                0x08006f20                fabs
 .text.scalbn   0x08006f28       0xec /opt/st/stm32cubeide_1.15.0/plugins/com.st.stm32cube.ide.mcu.externaltools.gnu-tools-for-stm32.12.3.rel1.linux64_1.0.100.202403111256/tools/bin/../lib/gcc/arm-none-eabi/12.3.1/../../../../arm-none-eabi/lib/thumb/v7-m/nofp/libm.a(libm_a-s_scalbn.o)
                0x08006f28                scalbn
 .text.with_errno
                0x08007014       0x14 /opt/st/stm32cubeide_1.15.0/plugins/com.st.stm32cube.ide.mcu.externaltools.gnu-tools-for-stm32.12.3.rel1.linux64_1.0.100.202403111256/tools/bin/../lib/gcc/arm-none-eabi/12.3.1/../../../../arm-none-eabi/lib/thumb/v7-m/nofp/libm.a(libm_a-math_err.o)
 .text.xflow    0x08007028       0x26 /opt/st/stm32cubeide_1.15.0/plugins/com.st.stm32cube.ide.mcu.externaltools.gnu-tools-for-stm32.12.3.rel1.linux64_1.0.100.202403111256/tools/bin/../lib/gcc/arm-none-eabi/12.3.1/../../../../arm-none-eabi/lib/thumb/v7-m/nofp/libm.a(libm_a-math_err.o)
 .text.__math_uflow
                0x0800704e        0xa /opt/st/stm32cubeide_1.15.0/plugins/com.st.stm32cube.ide.mcu.externaltools.gnu-tools-for-stm32.12.3.rel1.linux64_1.0.100.202403111256/tools/bin/../lib/gcc/arm-none-eabi/12.3.1/../../../../arm-none-eabi/lib/thumb/v7-m/nofp/libm.a(libm_a-math_err.o)
                0x0800704e                __math_uflow
 .text.__math_oflow
                0x08007058        0xa /opt/st/stm32cubeide_1.15.0/plugins/com.st.stm32cube.ide.mcu.externaltools.gnu-tools-for-stm32.12.3.rel1.linux64_1.0.100.202403111256/tools/bin/../lib/gcc/arm-none-eabi/12.3.1/../../../../arm-none-eabi/lib/thumb/v7-m/nofp/libm.a(libm_a-math_err.o)
                0x08007058                __math_oflow
 *fill*         0x08007062        0x2 
 .text.__ieee754_sqrt
                0x08007064      0x1ac /opt/st/stm32cubeide_1.15.0/plugins/com.st.stm32cube.ide.mcu.externaltools.gnu-tools-for-stm32.12.3.rel1.linux64_1.0.100.202403111256/tools/bin/../lib/gcc/arm-none-eabi/12.3.1/../../../../arm-none-eabi/lib/thumb/v7-m/nofp/libm.a(libm_a-e_sqrt.o)
                0x08007064                __ieee754_sqrt
 .text.realloc  0x08007210       0x10 /opt/st/stm32cubeide_1.15.0/plugins/com.st.stm32cube.ide.mcu.externaltools.gnu-tools-for-stm32.12.3.rel1.linux64_1.0.100.202403111256/tools/bin/../lib/gcc/arm-none-eabi/12.3.1/../../../../arm-none-eabi/lib/thumb/v7-m/nofp/libc_nano.a(libc_a-realloc.o)
                0x08007210                realloc
 .text._realloc_r
                0x08007220       0x5c /opt/st/stm32cubeide_1.15.0/plugins/com.st.stm32cube.ide.mcu.externaltools.gnu-tools-for-stm32.12.3.rel1.linux64_1.0.100.202403111256/tools/bin/../lib/gcc/arm-none-eabi/12.3.1/../../../../arm-none-eabi/lib/thumb/v7-m/nofp/libc_nano.a(libc_a-reallocr.o)
                0x08007220                _realloc_r
 .text.sprintf  0x0800727c       0x40 /opt/st/stm32cubeide_1.15.0/plugins/com.st.stm32cube.ide.mcu.externaltools.gnu-tools-for-stm32.12.3.rel1.linux64_1.0.100.202403111256/tools/bin/../lib/gcc/arm-none-eabi/12.3.1/../../../../arm-none-eabi/lib/thumb/v7-m/nofp/libc_nano.a(libc_a-sprintf.o)
                0x0800727c                sprintf
                0x0800727c                siprintf
 .text.memmove  0x080072bc       0x34 /opt/st/stm32cubeide_1.15.0/plugins/com.st.stm32cube.ide.mcu.externaltools.gnu-tools-for-stm32.12.3.rel1.linux64_1.0.100.202403111256/tools/bin/../lib/gcc/arm-none-eabi/12.3.1/../../../../arm-none-eabi/lib/thumb/v7-m/nofp/libc_nano.a(libc_a-memmove.o)
                0x080072bc                memmove
 .text.memset   0x080072f0       0x10 /opt/st/stm32cubeide_1.15.0/plugins/com.st.stm32cube.ide.mcu.externaltools.gnu-tools-for-stm32.12.3.rel1.linux64_1.0.100.202403111256/tools/bin/../lib/gcc/arm-none-eabi/12.3.1/../../../../arm-none-eabi/lib/thumb/v7-m/nofp/libc_nano.a(libc_a-memset.o)
                0x080072f0                memset
 .text.__errno  0x08007300        0xc /opt/st/stm32cubeide_1.15.0/plugins/com.st.stm32cube.ide.mcu.externaltools.gnu-tools-for-stm32.12.3.rel1.linux64_1.0.100.202403111256/tools/bin/../lib/gcc/arm-none-eabi/12.3.1/../../../../arm-none-eabi/lib/thumb/v7-m/nofp/libc_nano.a(libc_a-errno.o)
                0x08007300                __errno
 .text.__libc_init_array
                0x0800730c       0x48 /opt/st/stm32cubeide_1.15.0/plugins/com.st.stm32cube.ide.mcu.externaltools.gnu-tools-for-stm32.12.3.rel1.linux64_1.0.100.202403111256/tools/bin/../lib/gcc/arm-none-eabi/12.3.1/../../../../arm-none-eabi/lib/thumb/v7-m/nofp/libc_nano.a(libc_a-init.o)
                0x0800730c                __libc_init_array
 .text.__retarget_lock_acquire_recursive
                0x08007354        0x2 /opt/st/stm32cubeide_1.15.0/plugins/com.st.stm32cube.ide.mcu.externaltools.gnu-tools-for-stm32.12.3.rel1.linux64_1.0.100.202403111256/tools/bin/../lib/gcc/arm-none-eabi/12.3.1/../../../../arm-none-eabi/lib/thumb/v7-m/nofp/libc_nano.a(libc_a-lock.o)
                0x08007354                __retarget_lock_acquire_recursive
 .text.__retarget_lock_release_recursive
                0x08007356        0x2 /opt/st/stm32cubeide_1.15.0/plugins/com.st.stm32cube.ide.mcu.externaltools.gnu-tools-for-stm32.12.3.rel1.linux64_1.0.100.202403111256/tools/bin/../lib/gcc/arm-none-eabi/12.3.1/../../../../arm-none-eabi/lib/thumb/v7-m/nofp/libc_nano.a(libc_a-lock.o)
                0x08007356                __retarget_lock_release_recursive
 .text.memcpy   0x08007358       0x1c /opt/st/stm32cubeide_1.15.0/plugins/com.st.stm32cube.ide.mcu.externaltools.gnu-tools-for-stm32.12.3.rel1.linux64_1.0.100.202403111256/tools/bin/../lib/gcc/arm-none-eabi/12.3.1/../../../../arm-none-eabi/lib/thumb/v7-m/nofp/libc_nano.a(libc_a-memcpy-stub.o)
                0x08007358                memcpy
 .text._free_r  0x08007374       0x90 /opt/st/stm32cubeide_1.15.0/plugins/com.st.stm32cube.ide.mcu.externaltools.gnu-tools-for-stm32.12.3.rel1.linux64_1.0.100.202403111256/tools/bin/../lib/gcc/arm-none-eabi/12.3.1/../../../../arm-none-eabi/lib/thumb/v7-m/nofp/libc_nano.a(libc_a-freer.o)
                0x08007374                _free_r
 .text.sbrk_aligned
                0x08007404       0x44 /opt/st/stm32cubeide_1.15.0/plugins/com.st.stm32cube.ide.mcu.externaltools.gnu-tools-for-stm32.12.3.rel1.linux64_1.0.100.202403111256/tools/bin/../lib/gcc/arm-none-eabi/12.3.1/../../../../arm-none-eabi/lib/thumb/v7-m/nofp/libc_nano.a(libc_a-mallocr.o)
 .text._malloc_r
                0x08007448      0x100 /opt/st/stm32cubeide_1.15.0/plugins/com.st.stm32cube.ide.mcu.externaltools.gnu-tools-for-stm32.12.3.rel1.linux64_1.0.100.202403111256/tools/bin/../lib/gcc/arm-none-eabi/12.3.1/../../../../arm-none-eabi/lib/thumb/v7-m/nofp/libc_nano.a(libc_a-mallocr.o)
                0x08007448                _malloc_r
 .text.__malloc_lock
                0x08007548        0xc /opt/st/stm32cubeide_1.15.0/plugins/com.st.stm32cube.ide.mcu.externaltools.gnu-tools-for-stm32.12.3.rel1.linux64_1.0.100.202403111256/tools/bin/../lib/gcc/arm-none-eabi/12.3.1/../../../../arm-none-eabi/lib/thumb/v7-m/nofp/libc_nano.a(libc_a-mlock.o)
                0x08007548                __malloc_lock
 .text.__malloc_unlock
                0x08007554        0xc /opt/st/stm32cubeide_1.15.0/plugins/com.st.stm32cube.ide.mcu.externaltools.gnu-tools-for-stm32.12.3.rel1.linux64_1.0.100.202403111256/tools/bin/../lib/gcc/arm-none-eabi/12.3.1/../../../../arm-none-eabi/lib/thumb/v7-m/nofp/libc_nano.a(libc_a-mlock.o)
                0x08007554                __malloc_unlock
 .text._malloc_usable_size_r
                0x08007560       0x10 /opt/st/stm32cubeide_1.15.0/plugins/com.st.stm32cube.ide.mcu.externaltools.gnu-tools-for-stm32.12.3.rel1.linux64_1.0.100.202403111256/tools/bin/../lib/gcc/arm-none-eabi/12.3.1/../../../../arm-none-eabi/lib/thumb/v7-m/nofp/libc_nano.a(libc_a-msizer.o)
                0x08007560                _malloc_usable_size_r
 .text.__ssputs_r
                0x08007570       0xb6 /opt/st/stm32cubeide_1.15.0/plugins/com.st.stm32cube.ide.mcu.externaltools.gnu-tools-for-stm32.12.3.rel1.linux64_1.0.100.202403111256/tools/bin/../lib/gcc/arm-none-eabi/12.3.1/../../../../arm-none-eabi/lib/thumb/v7-m/nofp/libc_nano.a(libc_a-nano-svfprintf.o)
                0x08007570                __ssputs_r
 *fill*         0x08007626        0x2 
 .text._svfprintf_r
                0x08007628      0x1f8 /opt/st/stm32cubeide_1.15.0/plugins/com.st.stm32cube.ide.mcu.externaltools.gnu-tools-for-stm32.12.3.rel1.linux64_1.0.100.202403111256/tools/bin/../lib/gcc/arm-none-eabi/12.3.1/../../../../arm-none-eabi/lib/thumb/v7-m/nofp/libc_nano.a(libc_a-nano-svfprintf.o)
                0x08007628                _svfprintf_r
                0x08007628                _svfiprintf_r
 .text._printf_common
                0x08007820       0xe4 /opt/st/stm32cubeide_1.15.0/plugins/com.st.stm32cube.ide.mcu.externaltools.gnu-tools-for-stm32.12.3.rel1.linux64_1.0.100.202403111256/tools/bin/../lib/gcc/arm-none-eabi/12.3.1/../../../../arm-none-eabi/lib/thumb/v7-m/nofp/libc_nano.a(libc_a-nano-vfprintf_i.o)
                0x08007820                _printf_common
 .text._printf_i
                0x08007904      0x240 /opt/st/stm32cubeide_1.15.0/plugins/com.st.stm32cube.ide.mcu.externaltools.gnu-tools-for-stm32.12.3.rel1.linux64_1.0.100.202403111256/tools/bin/../lib/gcc/arm-none-eabi/12.3.1/../../../../arm-none-eabi/lib/thumb/v7-m/nofp/libc_nano.a(libc_a-nano-vfprintf_i.o)
                0x08007904                _printf_i
 .text._sbrk_r  0x08007b44       0x20 /opt/st/stm32cubeide_1.15.0/plugins/com.st.stm32cube.ide.mcu.externaltools.gnu-tools-for-stm32.12.3.rel1.linux64_1.0.100.202403111256/tools/bin/../lib/gcc/arm-none-eabi/12.3.1/../../../../arm-none-eabi/lib/thumb/v7-m/nofp/libc_nano.a(libc_a-sbrkr.o)
                0x08007b44                _sbrk_r
 .text.memchr   0x08007b64       0x1c /opt/st/stm32cubeide_1.15.0/plugins/com.st.stm32cube.ide.mcu.externaltools.gnu-tools-for-stm32.12.3.rel1.linux64_1.0.100.202403111256/tools/bin/../lib/gcc/arm-none-eabi/12.3.1/../../../../arm-none-eabi/lib/thumb/v7-m/nofp/libc_nano.a(libc_a-memchr-stub.o)
                0x08007b64                memchr
 *(.glue_7)
 .glue_7        0x08007b80        0x0 linker stubs
 *(.glue_7t)
 .glue_7t       0x08007b80        0x0 linker stubs
 *(.eh_frame)
 .eh_frame      0x08007b80        0x0 /opt/st/stm32cubeide_1.15.0/plugins/com.st.stm32cube.ide.mcu.externaltools.gnu-tools-for-stm32.12.3.rel1.linux64_1.0.100.202403111256/tools/bin/../lib/gcc/arm-none-eabi/12.3.1/thumb/v7-m/nofp/crtbegin.o
 *(.init)
 .init          0x08007b80        0x4 /opt/st/stm32cubeide_1.15.0/plugins/com.st.stm32cube.ide.mcu.externaltools.gnu-tools-for-stm32.12.3.rel1.linux64_1.0.100.202403111256/tools/bin/../lib/gcc/arm-none-eabi/12.3.1/thumb/v7-m/nofp/crti.o
                0x08007b80                _init
 .init          0x08007b84        0x8 /opt/st/stm32cubeide_1.15.0/plugins/com.st.stm32cube.ide.mcu.externaltools.gnu-tools-for-stm32.12.3.rel1.linux64_1.0.100.202403111256/tools/bin/../lib/gcc/arm-none-eabi/12.3.1/thumb/v7-m/nofp/crtn.o
 *(.fini)
 .fini          0x08007b8c        0x4 /opt/st/stm32cubeide_1.15.0/plugins/com.st.stm32cube.ide.mcu.externaltools.gnu-tools-for-stm32.12.3.rel1.linux64_1.0.100.202403111256/tools/bin/../lib/gcc/arm-none-eabi/12.3.1/thumb/v7-m/nofp/crti.o
                0x08007b8c                _fini
 .fini          0x08007b90        0x8 /opt/st/stm32cubeide_1.15.0/plugins/com.st.stm32cube.ide.mcu.externaltools.gnu-tools-for-stm32.12.3.rel1.linux64_1.0.100.202403111256/tools/bin/../lib/gcc/arm-none-eabi/12.3.1/thumb/v7-m/nofp/crtn.o
                0x08007b98                        . = ALIGN (0x4)
                0x08007b98                        _etext = .

.vfp11_veneer   0x08007b98        0x0
 .vfp11_veneer  0x08007b98        0x0 linker stubs

.v4_bx          0x08007b98        0x0
 .v4_bx         0x08007b98        0x0 linker stubs

.iplt           0x08007b98        0x0
 .iplt          0x08007b98        0x0 /opt/st/stm32cubeide_1.15.0/plugins/com.st.stm32cube.ide.mcu.externaltools.gnu-tools-for-stm32.12.3.rel1.linux64_1.0.100.202403111256/tools/bin/../lib/gcc/arm-none-eabi/12.3.1/thumb/v7-m/nofp/crtbegin.o

.rodata         0x08007b98      0x3ec
                0x08007b98                        . = ALIGN (0x4)
 *(.rodata)
 .rodata        0x08007b98       0x1c ./Core/Src/freertos.o
 .rodata        0x08007bb4        0xc ./Core/Src/tim.o
 *(.rodata*)
 .rodata.str1.1
                0x08007bc0        0xf ./Core/Src/freertos.o
 .rodata._ZN8std_msgs4Time7getTypeEv.str1.1
                0x08007bcf        0xe ./Core/Src/mainpp.o
 .rodata._ZN8std_msgs4Time6getMD5Ev.str1.1
                0x08007bdd       0x21 ./Core/Src/mainpp.o
 .rodata._ZN14rosserial_msgs9TopicInfo7getTypeEv.str1.1
                0x08007bfe       0x19 ./Core/Src/mainpp.o
 .rodata._ZN14rosserial_msgs9TopicInfo6getMD5Ev.str1.1
                0x08007c17       0x21 ./Core/Src/mainpp.o
 .rodata._ZN14rosserial_msgs3Log7getTypeEv.str1.1
                0x08007c38       0x13 ./Core/Src/mainpp.o
 .rodata._ZN14rosserial_msgs3Log6getMD5Ev.str1.1
                0x08007c4b       0x21 ./Core/Src/mainpp.o
 .rodata._ZN14rosserial_msgs20RequestParamResponse6getMD5Ev.str1.1
                0x08007c6c       0x21 ./Core/Src/mainpp.o
 .rodata._ZN8std_msgs6String7getTypeEv.str1.1
                0x08007c8d       0x10 ./Core/Src/mainpp.o
 .rodata._ZN8std_msgs6String6getMD5Ev.str1.1
                0x08007c9d       0x21 ./Core/Src/mainpp.o
 .rodata._ZN8std_msgs19MultiArrayDimension7getTypeEv.str1.1
                0x08007cbe       0x1d ./Core/Src/mainpp.o
 .rodata._ZN8std_msgs19MultiArrayDimension6getMD5Ev.str1.1
                0x08007cdb       0x21 ./Core/Src/mainpp.o
 .rodata._ZN8std_msgs16MultiArrayLayout7getTypeEv.str1.1
                0x08007cfc       0x1a ./Core/Src/mainpp.o
 .rodata._ZN8std_msgs16MultiArrayLayout6getMD5Ev.str1.1
                0x08007d16       0x21 ./Core/Src/mainpp.o
 .rodata._ZN8std_msgs17Float32MultiArray7getTypeEv.str1.1
                0x08007d37       0x1b ./Core/Src/mainpp.o
 .rodata._ZN8std_msgs17Float32MultiArray6getMD5Ev.str1.1
                0x08007d52       0x21 ./Core/Src/mainpp.o
 .rodata._ZN3ros11NodeHandle_I13STM32HardwareLi25ELi25ELi512ELi512EE7publishEiPKNS_3MsgE.str1.1
                0x08007d73       0x39 ./Core/Src/mainpp.o
 .rodata._ZN3ros11NodeHandle_I13STM32HardwareLi25ELi25ELi512ELi512EE15negotiateTopicsEv.str1.1
                0x08007dac       0x39 ./Core/Src/mainpp.o
                                  0x1 (size before relaxing)
 .rodata.loop.str1.1
                0x08007dac       0x10 ./Core/Src/mainpp.o
 .rodata._GLOBAL__sub_I_real_left_vel.str1.1
                0x08007dbc       0x1b ./Core/Src/mainpp.o
 *fill*         0x08007dd7        0x1 
 .rodata._ZTVN8std_msgs4TimeE
                0x08007dd8       0x18 ./Core/Src/mainpp.o
                0x08007dd8                vtable for std_msgs::Time
 .rodata._ZTVN14rosserial_msgs9TopicInfoE
                0x08007df0       0x18 ./Core/Src/mainpp.o
                0x08007df0                vtable for rosserial_msgs::TopicInfo
 .rodata._ZTVN14rosserial_msgs3LogE
                0x08007e08       0x18 ./Core/Src/mainpp.o
                0x08007e08                vtable for rosserial_msgs::Log
 .rodata._ZTVN14rosserial_msgs20RequestParamResponseE
                0x08007e20       0x18 ./Core/Src/mainpp.o
                0x08007e20                vtable for rosserial_msgs::RequestParamResponse
 .rodata._ZTVN8std_msgs6StringE
                0x08007e38       0x18 ./Core/Src/mainpp.o
                0x08007e38                vtable for std_msgs::String
 .rodata._ZTVN8std_msgs19MultiArrayDimensionE
                0x08007e50       0x18 ./Core/Src/mainpp.o
                0x08007e50                vtable for std_msgs::MultiArrayDimension
 .rodata._ZTVN8std_msgs16MultiArrayLayoutE
                0x08007e68       0x18 ./Core/Src/mainpp.o
                0x08007e68                vtable for std_msgs::MultiArrayLayout
 .rodata._ZTVN8std_msgs17Float32MultiArrayE
                0x08007e80       0x18 ./Core/Src/mainpp.o
                0x08007e80                vtable for std_msgs::Float32MultiArray
 .rodata._ZTVN3ros11NodeHandle_I13STM32HardwareLi25ELi25ELi512ELi512EEE
                0x08007e98       0x14 ./Core/Src/mainpp.o
                0x08007e98                vtable for ros::NodeHandle_<STM32Hardware, 25, 25, 512, 512>
 .rodata._ZTVN3ros10SubscriberIN8std_msgs17Float32MultiArrayEvEE
                0x08007eac       0x18 ./Core/Src/mainpp.o
                0x08007eac                vtable for ros::Subscriber<std_msgs::Float32MultiArray, void>
 .rodata._ZN14rosserial_msgsL12REQUESTPARAME
                0x08007ec4       0x1c ./Core/Src/mainpp.o
 .rodata.APBPrescTable
                0x08007ee0        0x8 ./Core/Src/system_stm32f1xx.o
                0x08007ee0                APBPrescTable
 .rodata.AHBPrescTable
                0x08007ee8       0x10 ./Core/Src/system_stm32f1xx.o
                0x08007ee8                AHBPrescTable
 .rodata.aPredivFactorTable.0
                0x08007ef8        0x2 ./Drivers/STM32F1xx_HAL_Driver/Src/stm32f1xx_hal_rcc.o
 .rodata.aPLLMULFactorTable.1
                0x08007efa       0x10 ./Drivers/STM32F1xx_HAL_Driver/Src/stm32f1xx_hal_rcc.o
 .rodata.osTimerCreate.str1.1
                0x08007f0a        0x1 ./Middlewares/Third_Party/FreeRTOS/Source/CMSIS_RTOS/cmsis_os.o
 .rodata.vTaskStartScheduler.str1.1
                0x08007f0a        0x5 ./Middlewares/Third_Party/FreeRTOS/Source/tasks.o
 .rodata.prvCheckForValidListAndQueue.str1.1
                0x08007f0f        0x5 ./Middlewares/Third_Party/FreeRTOS/Source/timers.o
 .rodata.xTimerCreateTimerTask.str1.1
                0x08007f14        0x8 ./Middlewares/Third_Party/FreeRTOS/Source/timers.o
 *fill*         0x08007f1c        0x4 
 .rodata.dp_l   0x08007f20       0x10 /opt/st/stm32cubeide_1.15.0/plugins/com.st.stm32cube.ide.mcu.externaltools.gnu-tools-for-stm32.12.3.rel1.linux64_1.0.100.202403111256/tools/bin/../lib/gcc/arm-none-eabi/12.3.1/../../../../arm-none-eabi/lib/thumb/v7-m/nofp/libm.a(libm_a-e_pow.o)
 .rodata.dp_h   0x08007f30       0x10 /opt/st/stm32cubeide_1.15.0/plugins/com.st.stm32cube.ide.mcu.externaltools.gnu-tools-for-stm32.12.3.rel1.linux64_1.0.100.202403111256/tools/bin/../lib/gcc/arm-none-eabi/12.3.1/../../../../arm-none-eabi/lib/thumb/v7-m/nofp/libm.a(libm_a-e_pow.o)
 .rodata.bp     0x08007f40       0x10 /opt/st/stm32cubeide_1.15.0/plugins/com.st.stm32cube.ide.mcu.externaltools.gnu-tools-for-stm32.12.3.rel1.linux64_1.0.100.202403111256/tools/bin/../lib/gcc/arm-none-eabi/12.3.1/../../../../arm-none-eabi/lib/thumb/v7-m/nofp/libm.a(libm_a-e_pow.o)
 .rodata._svfprintf_r.str1.1
                0x08007f50       0x11 /opt/st/stm32cubeide_1.15.0/plugins/com.st.stm32cube.ide.mcu.externaltools.gnu-tools-for-stm32.12.3.rel1.linux64_1.0.100.202403111256/tools/bin/../lib/gcc/arm-none-eabi/12.3.1/../../../../arm-none-eabi/lib/thumb/v7-m/nofp/libc_nano.a(libc_a-nano-svfprintf.o)
 .rodata._printf_i.str1.1
                0x08007f61       0x22 /opt/st/stm32cubeide_1.15.0/plugins/com.st.stm32cube.ide.mcu.externaltools.gnu-tools-for-stm32.12.3.rel1.linux64_1.0.100.202403111256/tools/bin/../lib/gcc/arm-none-eabi/12.3.1/../../../../arm-none-eabi/lib/thumb/v7-m/nofp/libc_nano.a(libc_a-nano-vfprintf_i.o)
                0x08007f84                        . = ALIGN (0x4)
 *fill*         0x08007f83        0x1 

.ARM.extab      0x08007f84        0x0
                0x08007f84                        . = ALIGN (0x4)
 *(.ARM.extab* .gnu.linkonce.armextab.*)
                0x08007f84                        . = ALIGN (0x4)

.ARM            0x08007f84        0x8
                0x08007f84                        . = ALIGN (0x4)
                0x08007f84                        __exidx_start = .
 *(.ARM.exidx*)
 .ARM.exidx     0x08007f84        0x8 /opt/st/stm32cubeide_1.15.0/plugins/com.st.stm32cube.ide.mcu.externaltools.gnu-tools-for-stm32.12.3.rel1.linux64_1.0.100.202403111256/tools/bin/../lib/gcc/arm-none-eabi/12.3.1/../../../../arm-none-eabi/lib/thumb/v7-m/nofp/libc_nano.a(libc_a-strlen.o)
                0x08007f8c                        __exidx_end = .
                0x08007f8c                        . = ALIGN (0x4)

.preinit_array  0x08007f8c        0x0
                0x08007f8c                        . = ALIGN (0x4)
                0x08007f8c                        PROVIDE (__preinit_array_start = .)
 *(.preinit_array*)
                0x08007f8c                        PROVIDE (__preinit_array_end = .)
                0x08007f8c                        . = ALIGN (0x4)

.init_array     0x08007f8c        0x8
                0x08007f8c                        . = ALIGN (0x4)
                0x08007f8c                        PROVIDE (__init_array_start = .)
 *(SORT_BY_NAME(.init_array.*))
 *(.init_array*)
 .init_array    0x08007f8c        0x4 /opt/st/stm32cubeide_1.15.0/plugins/com.st.stm32cube.ide.mcu.externaltools.gnu-tools-for-stm32.12.3.rel1.linux64_1.0.100.202403111256/tools/bin/../lib/gcc/arm-none-eabi/12.3.1/thumb/v7-m/nofp/crtbegin.o
 .init_array    0x08007f90        0x4 ./Core/Src/mainpp.o
                0x08007f94                        PROVIDE (__init_array_end = .)
                0x08007f94                        . = ALIGN (0x4)

.fini_array     0x08007f94        0x4
                0x08007f94                        . = ALIGN (0x4)
                [!provide]                        PROVIDE (__fini_array_start = .)
 *(SORT_BY_NAME(.fini_array.*))
 *(.fini_array*)
 .fini_array    0x08007f94        0x4 /opt/st/stm32cubeide_1.15.0/plugins/com.st.stm32cube.ide.mcu.externaltools.gnu-tools-for-stm32.12.3.rel1.linux64_1.0.100.202403111256/tools/bin/../lib/gcc/arm-none-eabi/12.3.1/thumb/v7-m/nofp/crtbegin.o
                [!provide]                        PROVIDE (__fini_array_end = .)
                0x08007f98                        . = ALIGN (0x4)
                0x08007f98                        _sidata = LOADADDR (.data)

.rel.dyn        0x08007f98        0x0
 .rel.iplt      0x08007f98        0x0 /opt/st/stm32cubeide_1.15.0/plugins/com.st.stm32cube.ide.mcu.externaltools.gnu-tools-for-stm32.12.3.rel1.linux64_1.0.100.202403111256/tools/bin/../lib/gcc/arm-none-eabi/12.3.1/thumb/v7-m/nofp/crtbegin.o

.data           0x20000000       0x90 load address 0x08007f98
                0x20000000                        . = ALIGN (0x4)
                0x20000000                        _sdata = .
 *(.data)
 *(.data*)
 .data.motor2   0x20000000       0x10 ./Core/Src/main.o
                0x20000000                motor2
 .data.motor1   0x20000010       0x10 ./Core/Src/main.o
                0x20000010                motor1
 .data.SystemCoreClock
                0x20000020        0x4 ./Core/Src/system_stm32f1xx.o
                0x20000020                SystemCoreClock
 .data.uwTickFreq
                0x20000024        0x1 ./Drivers/STM32F1xx_HAL_Driver/Src/stm32f1xx_hal.o
                0x20000024                uwTickFreq
 *fill*         0x20000025        0x3 
 .data.uwTickPrio
                0x20000028        0x4 ./Drivers/STM32F1xx_HAL_Driver/Src/stm32f1xx_hal.o
                0x20000028                uwTickPrio
 .data.uxCriticalNesting
                0x2000002c        0x4 ./Middlewares/Third_Party/FreeRTOS/Source/portable/GCC/ARM_CM3/port.o
 .data.tiny     0x20000030        0x8 /opt/st/stm32cubeide_1.15.0/plugins/com.st.stm32cube.ide.mcu.externaltools.gnu-tools-for-stm32.12.3.rel1.linux64_1.0.100.202403111256/tools/bin/../lib/gcc/arm-none-eabi/12.3.1/../../../../arm-none-eabi/lib/thumb/v7-m/nofp/libm.a(libm_a-e_sqrt.o)
 .data.one      0x20000038        0x8 /opt/st/stm32cubeide_1.15.0/plugins/com.st.stm32cube.ide.mcu.externaltools.gnu-tools-for-stm32.12.3.rel1.linux64_1.0.100.202403111256/tools/bin/../lib/gcc/arm-none-eabi/12.3.1/../../../../arm-none-eabi/lib/thumb/v7-m/nofp/libm.a(libm_a-e_sqrt.o)
 .data._impure_ptr
                0x20000040        0x4 /opt/st/stm32cubeide_1.15.0/plugins/com.st.stm32cube.ide.mcu.externaltools.gnu-tools-for-stm32.12.3.rel1.linux64_1.0.100.202403111256/tools/bin/../lib/gcc/arm-none-eabi/12.3.1/../../../../arm-none-eabi/lib/thumb/v7-m/nofp/libc_nano.a(libc_a-impure.o)
                0x20000040                _impure_ptr
 .data._impure_data
                0x20000044       0x4c /opt/st/stm32cubeide_1.15.0/plugins/com.st.stm32cube.ide.mcu.externaltools.gnu-tools-for-stm32.12.3.rel1.linux64_1.0.100.202403111256/tools/bin/../lib/gcc/arm-none-eabi/12.3.1/../../../../arm-none-eabi/lib/thumb/v7-m/nofp/libc_nano.a(libc_a-impure.o)
                0x20000044                _impure_data
 *(.RamFunc)
 *(.RamFunc*)
                0x20000090                        . = ALIGN (0x4)
                0x20000090                        _edata = .

.igot.plt       0x20000090        0x0 load address 0x08008028
 .igot.plt      0x20000090        0x0 /opt/st/stm32cubeide_1.15.0/plugins/com.st.stm32cube.ide.mcu.externaltools.gnu-tools-for-stm32.12.3.rel1.linux64_1.0.100.202403111256/tools/bin/../lib/gcc/arm-none-eabi/12.3.1/thumb/v7-m/nofp/crtbegin.o
                0x20000090                        . = ALIGN (0x4)

.bss            0x20000090     0x2578 load address 0x08008028
                0x20000090                        _sbss = .
                0x20000090                        __bss_start__ = _sbss
 *(.bss)
 .bss           0x20000090       0x1c /opt/st/stm32cubeide_1.15.0/plugins/com.st.stm32cube.ide.mcu.externaltools.gnu-tools-for-stm32.12.3.rel1.linux64_1.0.100.202403111256/tools/bin/../lib/gcc/arm-none-eabi/12.3.1/thumb/v7-m/nofp/crtbegin.o
 *(.bss*)
 .bss.xTimerStack
                0x200000ac      0x400 ./Core/Src/freertos.o
 .bss.xTimerTaskTCBBuffer
                0x200004ac       0x54 ./Core/Src/freertos.o
 .bss.xIdleStack
                0x20000500      0x200 ./Core/Src/freertos.o
 .bss.xIdleTaskTCBBuffer
                0x20000700       0x54 ./Core/Src/freertos.o
 .bss.myVelReadBinarySem02Handle
                0x20000754        0x4 ./Core/Src/freertos.o
                0x20000754                myVelReadBinarySem02Handle
 .bss.myVelWriteBinarySem01Handle
                0x20000758        0x4 ./Core/Src/freertos.o
                0x20000758                myVelWriteBinarySem01Handle
 .bss.myROSTimer02Handle
                0x2000075c        0x4 ./Core/Src/freertos.o
                0x2000075c                myROSTimer02Handle
 .bss.myPIDTimer01Handle
                0x20000760        0x4 ./Core/Src/freertos.o
                0x20000760                myPIDTimer01Handle
 .bss.defaultROSTaskHandle
                0x20000764        0x4 ./Core/Src/freertos.o
                0x20000764                defaultROSTaskHandle
 .bss.internal_command
                0x20000768        0x4 ./Core/Src/freertos.o
                0x20000768                internal_command
 *fill*         0x2000076c        0x4 
 .bss.right_vel
                0x20000770        0x8 ./Core/Src/main.o
                0x20000770                right_vel
 .bss.left_vel  0x20000778        0x8 ./Core/Src/main.o
                0x20000778                left_vel
 .bss.command   0x20000780        0x1 ./Core/Src/main.o
                0x20000780                command
 *fill*         0x20000781        0x7 
 .bss.pid_controller_right_motor
                0x20000788       0x68 ./Core/Src/main.o
                0x20000788                pid_controller_right_motor
 .bss.pid_controller_left_motor
                0x200007f0       0x68 ./Core/Src/main.o
                0x200007f0                pid_controller_left_motor
 .bss.rightMotorAverageFilter
                0x20000858       0x6c ./Core/Src/main.o
                0x20000858                rightMotorAverageFilter
 .bss.leftMotorAverageFilter
                0x200008c4       0x6c ./Core/Src/main.o
                0x200008c4                leftMotorAverageFilter
 .bss.right_motor_dynamics
                0x20000930       0x50 ./Core/Src/main.o
                0x20000930                right_motor_dynamics
 .bss.left_motor_dynamics
                0x20000980       0x50 ./Core/Src/main.o
                0x20000980                left_motor_dynamics
 .bss.str       0x200009d0       0x64 ./Core/Src/mainpp.o
                0x200009d0                str
 *fill*         0x20000a34        0x4 
 .bss.internal_real_right_vel
                0x20000a38        0x8 ./Core/Src/mainpp.o
                0x20000a38                internal_real_right_vel
 .bss.internal_real_left_vel
                0x20000a40        0x8 ./Core/Src/mainpp.o
                0x20000a40                internal_real_left_vel
 .bss.listener  0x20000a48       0x44 ./Core/Src/mainpp.o
                0x20000a48                listener
 .bss.chatter   0x20000a8c       0x14 ./Core/Src/mainpp.o
                0x20000a8c                chatter
 .bss.str_msg   0x20000aa0        0x8 ./Core/Src/mainpp.o
                0x20000aa0                str_msg
 .bss.nh        0x20000aa8      0x93c ./Core/Src/mainpp.o
                0x20000aa8                nh
 *fill*         0x200013e4        0x4 
 .bss.real_right_vel
                0x200013e8        0x8 ./Core/Src/mainpp.o
                0x200013e8                real_right_vel
 .bss.real_left_vel
                0x200013f0        0x8 ./Core/Src/mainpp.o
                0x200013f0                real_left_vel
 .bss._ZZN13STM32Hardware5flushEvE5mutex
                0x200013f8        0x1 ./Core/Src/mainpp.o
                0x200013f8                STM32Hardware::flush()::mutex
 *fill*         0x200013f9        0x3 
 .bss.htim1     0x200013fc       0x48 ./Core/Src/stm32f1xx_hal_timebase_tim.o
                0x200013fc                htim1
 .bss.__sbrk_heap_end
                0x20001444        0x4 ./Core/Src/sysmem.o
 .bss.htim4     0x20001448       0x48 ./Core/Src/tim.o
                0x20001448                htim4
 .bss.htim3     0x20001490       0x48 ./Core/Src/tim.o
                0x20001490                htim3
 .bss.htim2     0x200014d8       0x48 ./Core/Src/tim.o
                0x200014d8                htim2
 .bss.hdma_usart1_tx
                0x20001520       0x44 ./Core/Src/usart.o
                0x20001520                hdma_usart1_tx
 .bss.hdma_usart1_rx
                0x20001564       0x44 ./Core/Src/usart.o
                0x20001564                hdma_usart1_rx
 .bss.huart2    0x200015a8       0x48 ./Core/Src/usart.o
                0x200015a8                huart2
 .bss.huart1    0x200015f0       0x48 ./Core/Src/usart.o
                0x200015f0                huart1
 .bss.uwTick    0x20001638        0x4 ./Drivers/STM32F1xx_HAL_Driver/Src/stm32f1xx_hal.o
                0x20001638                uwTick
 .bss.xQueueRegistry
                0x2000163c       0x40 ./Middlewares/Third_Party/FreeRTOS/Source/queue.o
                0x2000163c                xQueueRegistry
 .bss.uxSchedulerSuspended
                0x2000167c        0x4 ./Middlewares/Third_Party/FreeRTOS/Source/tasks.o
 .bss.xNextTaskUnblockTime
                0x20001680        0x4 ./Middlewares/Third_Party/FreeRTOS/Source/tasks.o
 .bss.uxTaskNumber
                0x20001684        0x4 ./Middlewares/Third_Party/FreeRTOS/Source/tasks.o
 .bss.xNumOfOverflows
                0x20001688        0x4 ./Middlewares/Third_Party/FreeRTOS/Source/tasks.o
 .bss.xYieldPending
                0x2000168c        0x4 ./Middlewares/Third_Party/FreeRTOS/Source/tasks.o
 .bss.uxPendedTicks
                0x20001690        0x4 ./Middlewares/Third_Party/FreeRTOS/Source/tasks.o
 .bss.xSchedulerRunning
                0x20001694        0x4 ./Middlewares/Third_Party/FreeRTOS/Source/tasks.o
 .bss.uxTopReadyPriority
                0x20001698        0x4 ./Middlewares/Third_Party/FreeRTOS/Source/tasks.o
 .bss.xTickCount
                0x2000169c        0x4 ./Middlewares/Third_Party/FreeRTOS/Source/tasks.o
 .bss.uxCurrentNumberOfTasks
                0x200016a0        0x4 ./Middlewares/Third_Party/FreeRTOS/Source/tasks.o
 .bss.xSuspendedTaskList
                0x200016a4       0x14 ./Middlewares/Third_Party/FreeRTOS/Source/tasks.o
 .bss.uxDeletedTasksWaitingCleanUp
                0x200016b8        0x4 ./Middlewares/Third_Party/FreeRTOS/Source/tasks.o
 .bss.xTasksWaitingTermination
                0x200016bc       0x14 ./Middlewares/Third_Party/FreeRTOS/Source/tasks.o
 .bss.xPendingReadyList
                0x200016d0       0x14 ./Middlewares/Third_Party/FreeRTOS/Source/tasks.o
 .bss.pxOverflowDelayedTaskList
                0x200016e4        0x4 ./Middlewares/Third_Party/FreeRTOS/Source/tasks.o
 .bss.pxDelayedTaskList
                0x200016e8        0x4 ./Middlewares/Third_Party/FreeRTOS/Source/tasks.o
 .bss.xDelayedTaskList2
                0x200016ec       0x14 ./Middlewares/Third_Party/FreeRTOS/Source/tasks.o
 .bss.xDelayedTaskList1
                0x20001700       0x14 ./Middlewares/Third_Party/FreeRTOS/Source/tasks.o
 .bss.pxReadyTasksLists
                0x20001714       0x8c ./Middlewares/Third_Party/FreeRTOS/Source/tasks.o
 .bss.pxCurrentTCB
                0x200017a0        0x4 ./Middlewares/Third_Party/FreeRTOS/Source/tasks.o
                0x200017a0                pxCurrentTCB
 .bss.xStaticTimerQueue.0
                0x200017a4       0x48 ./Middlewares/Third_Party/FreeRTOS/Source/timers.o
 .bss.ucStaticTimerQueueStorage.1
                0x200017ec       0x78 ./Middlewares/Third_Party/FreeRTOS/Source/timers.o
 .bss.xLastTime.2
                0x20001864        0x4 ./Middlewares/Third_Party/FreeRTOS/Source/timers.o
 .bss.xTimerTaskHandle
                0x20001868        0x4 ./Middlewares/Third_Party/FreeRTOS/Source/timers.o
 .bss.xTimerQueue
                0x2000186c        0x4 ./Middlewares/Third_Party/FreeRTOS/Source/timers.o
 .bss.pxOverflowTimerList
                0x20001870        0x4 ./Middlewares/Third_Party/FreeRTOS/Source/timers.o
 .bss.pxCurrentTimerList
                0x20001874        0x4 ./Middlewares/Third_Party/FreeRTOS/Source/timers.o
 .bss.xActiveTimerList2
                0x20001878       0x14 ./Middlewares/Third_Party/FreeRTOS/Source/timers.o
 .bss.xActiveTimerList1
                0x2000188c       0x14 ./Middlewares/Third_Party/FreeRTOS/Source/timers.o
 .bss.ulMaxPRIGROUPValue
                0x200018a0        0x4 ./Middlewares/Third_Party/FreeRTOS/Source/portable/GCC/ARM_CM3/port.o
 .bss.ucMaxSysCallPriority
                0x200018a4        0x1 ./Middlewares/Third_Party/FreeRTOS/Source/portable/GCC/ARM_CM3/port.o
 *fill*         0x200018a5        0x3 
 .bss.xBlockAllocatedBit
                0x200018a8        0x4 ./Middlewares/Third_Party/FreeRTOS/Source/portable/MemMang/heap_4.o
 .bss.xMinimumEverFreeBytesRemaining
                0x200018ac        0x4 ./Middlewares/Third_Party/FreeRTOS/Source/portable/MemMang/heap_4.o
 .bss.xFreeBytesRemaining
                0x200018b0        0x4 ./Middlewares/Third_Party/FreeRTOS/Source/portable/MemMang/heap_4.o
 .bss.pxEnd     0x200018b4        0x4 ./Middlewares/Third_Party/FreeRTOS/Source/portable/MemMang/heap_4.o
 .bss.xStart    0x200018b8        0x8 ./Middlewares/Third_Party/FreeRTOS/Source/portable/MemMang/heap_4.o
 .bss.ucHeap    0x200018c0      0xc00 ./Middlewares/Third_Party/FreeRTOS/Source/portable/MemMang/heap_4.o
 .bss.__sf      0x200024c0      0x138 /opt/st/stm32cubeide_1.15.0/plugins/com.st.stm32cube.ide.mcu.externaltools.gnu-tools-for-stm32.12.3.rel1.linux64_1.0.100.202403111256/tools/bin/../lib/gcc/arm-none-eabi/12.3.1/../../../../arm-none-eabi/lib/thumb/v7-m/nofp/libc_nano.a(libc_a-findfp.o)
                0x200024c0                __sf
 .bss.errno     0x200025f8        0x4 /opt/st/stm32cubeide_1.15.0/plugins/com.st.stm32cube.ide.mcu.externaltools.gnu-tools-for-stm32.12.3.rel1.linux64_1.0.100.202403111256/tools/bin/../lib/gcc/arm-none-eabi/12.3.1/../../../../arm-none-eabi/lib/thumb/v7-m/nofp/libc_nano.a(libc_a-reent.o)
                0x200025f8                errno
 .bss.__lock___malloc_recursive_mutex
                0x200025fc        0x1 /opt/st/stm32cubeide_1.15.0/plugins/com.st.stm32cube.ide.mcu.externaltools.gnu-tools-for-stm32.12.3.rel1.linux64_1.0.100.202403111256/tools/bin/../lib/gcc/arm-none-eabi/12.3.1/../../../../arm-none-eabi/lib/thumb/v7-m/nofp/libc_nano.a(libc_a-lock.o)
                0x200025fc                __lock___malloc_recursive_mutex
 *fill*         0x200025fd        0x3 
 .bss.__malloc_sbrk_start
                0x20002600        0x4 /opt/st/stm32cubeide_1.15.0/plugins/com.st.stm32cube.ide.mcu.externaltools.gnu-tools-for-stm32.12.3.rel1.linux64_1.0.100.202403111256/tools/bin/../lib/gcc/arm-none-eabi/12.3.1/../../../../arm-none-eabi/lib/thumb/v7-m/nofp/libc_nano.a(libc_a-mallocr.o)
                0x20002600                __malloc_sbrk_start
 .bss.__malloc_free_list
                0x20002604        0x4 /opt/st/stm32cubeide_1.15.0/plugins/com.st.stm32cube.ide.mcu.externaltools.gnu-tools-for-stm32.12.3.rel1.linux64_1.0.100.202403111256/tools/bin/../lib/gcc/arm-none-eabi/12.3.1/../../../../arm-none-eabi/lib/thumb/v7-m/nofp/libc_nano.a(libc_a-mallocr.o)